<html>
<body>
<pre>
<h1>µVision Build Log</h1>
<h2>Tool Versions:</h2>
IDE-Version: ¦ÌVision V5.38.0.0
Copyright (C) 2022 ARM Ltd and ARM Germany GmbH. All rights reserved.
License Information: jia suo, abc, LIC=GMZI6-DAVA5-56DQ2-97FMD-53IT5-5IMTM
 
Tool Versions:
Toolchain:       MDK-ARM Plus  Version: 5.38.0.0
Toolchain Path:  D:\EE_Tool\MDK\ARM\ARMCLANG\Bin
C Compiler:      ArmClang.exe V6.19
Assembler:       Armasm.exe V6.19
Linker/Locator:  ArmLink.exe V6.19
Library Manager: ArmAr.exe V6.19
Hex Converter:   FromElf.exe V6.19
CPU DLL:         SARMCM3.DLL V5.38.0.0
Dialog DLL:      DCM.DLL V1.17.5.0
Target DLL:      CMSIS_AGDI.dll V1.33.15.0
Dialog DLL:      TCM.DLL V1.56.4.0
 
<h2>Project:</h2>
D:\Race\BlueCup\MyTry_PastRace\BlueCup_13_2\13_2\MDK-ARM\13_2.uvprojx
Project File Date:  04/14/2025

<h2>Output:</h2>
*** Using Compiler 'V6.19', folder: 'D:\EE_Tool\MDK\ARM\ARMCLANG\Bin'
Build target '13_2'
compiling main.c...
compiling tim.c...
compiling stm32g4xx_hal_msp.c...
compiling usart.c...
compiling stm32g4xx_it.c...
compiling gpio.c...
compiling stm32g4xx_hal.c...
compiling stm32g4xx_hal_pwr_ex.c...
compiling stm32g4xx_hal_flash.c...
compiling stm32g4xx_hal_flash_ex.c...
compiling stm32g4xx_hal_rcc.c...
compiling stm32g4xx_hal_rcc_ex.c...
compiling stm32g4xx_hal_flash_ramfunc.c...
compiling stm32g4xx_hal_tim_ex.c...
compiling stm32g4xx_hal_gpio.c...
compiling stm32g4xx_hal_exti.c...
compiling stm32g4xx_hal_dma_ex.c...
compiling stm32g4xx_hal_pwr.c...
compiling stm32g4xx_hal_dma.c...
compiling system_stm32g4xx.c...
compiling stm32g4xx_hal_cortex.c...
compiling eeprom.c...
compiling key.c...
compiling led.c...
compiling stm32g4xx_hal_uart_ex.c...
compiling i2c_hal.c...
compiling stm32g4xx_hal_tim.c...
compiling lcd.c...
compiling stm32g4xx_hal_uart.c...
linking...
Program Size: Code=37478 RO-data=5362 RW-data=44 ZI-data=1972  
FromELF: creating hex file...
"13_2\13_2.axf" - 0 Error(s), 0 Warning(s).

<h2>Software Packages used:</h2>

Package Vendor: ARM
                http://www.keil.com/pack/ARM.CMSIS.5.9.0.pack
                ARM.CMSIS.5.9.0
                CMSIS (Common Microcontroller Software Interface Standard)
   * Component: CORE Version: 5.6.0

Package Vendor: Keil
                http://www.keil.com/pack/Keil.STM32G4xx_DFP.1.2.0.pack
                Keil.STM32G4xx_DFP.1.2.0
                STMicroelectronics STM32G4 Series Device Support, Drivers and Examples

<h2>Collection of Component include folders:</h2>
  ./RTE/_13_2
  D:/EE_Tool/MDK/Arm/Packs/ARM/CMSIS/5.9.0/CMSIS/Core/Include
  D:/EE_Tool/MDK/Arm/Packs/Keil/STM32G4xx_DFP/1.2.0/Drivers/CMSIS/Device/ST/STM32G4xx/Include

<h2>Collection of Component Files used:</h2>

   * Component: ARM::CMSIS:CORE:5.6.0
      Include file:  CMSIS/Core/Include/tz_context.h
Build Time Elapsed:  00:00:02
</pre>
</body>
</html>
