Component: Arm Compiler for Embedded 6.22 Tool: armlink [5ee90200]

==============================================================================

Section Cross References

    startup_stm32g431xx.o(STACK) refers (Special) to heapauxi.o(.text) for __use_two_region_memory
    startup_stm32g431xx.o(HEAP) refers (Special) to heapauxi.o(.text) for __use_two_region_memory
    startup_stm32g431xx.o(RESET) refers (Special) to heapauxi.o(.text) for __use_two_region_memory
    startup_stm32g431xx.o(RESET) refers to startup_stm32g431xx.o(STACK) for __initial_sp
    startup_stm32g431xx.o(RESET) refers to startup_stm32g431xx.o(.text) for Reset_Handler
    startup_stm32g431xx.o(RESET) refers to stm32g4xx_it.o(.text.NMI_Handler) for NMI_Handler
    startup_stm32g431xx.o(RESET) refers to stm32g4xx_it.o(.text.HardFault_Handler) for HardFault_Handler
    startup_stm32g431xx.o(RESET) refers to stm32g4xx_it.o(.text.MemManage_Handler) for MemManage_Handler
    startup_stm32g431xx.o(RESET) refers to stm32g4xx_it.o(.text.BusFault_Handler) for BusFault_Handler
    startup_stm32g431xx.o(RESET) refers to stm32g4xx_it.o(.text.UsageFault_Handler) for UsageFault_Handler
    startup_stm32g431xx.o(RESET) refers to stm32g4xx_it.o(.text.SVC_Handler) for SVC_Handler
    startup_stm32g431xx.o(RESET) refers to stm32g4xx_it.o(.text.DebugMon_Handler) for DebugMon_Handler
    startup_stm32g431xx.o(RESET) refers to stm32g4xx_it.o(.text.PendSV_Handler) for PendSV_Handler
    startup_stm32g431xx.o(RESET) refers to stm32g4xx_it.o(.text.SysTick_Handler) for SysTick_Handler
    startup_stm32g431xx.o(RESET) refers to stm32g4xx_it.o(.text.DMA1_Channel1_IRQHandler) for DMA1_Channel1_IRQHandler
    startup_stm32g431xx.o(RESET) refers to stm32g4xx_it.o(.text.USART1_IRQHandler) for USART1_IRQHandler
    startup_stm32g431xx.o(.text) refers (Special) to heapauxi.o(.text) for __use_two_region_memory
    startup_stm32g431xx.o(.text) refers to system_stm32g4xx.o(.text.SystemInit) for SystemInit
    startup_stm32g431xx.o(.text) refers to __main.o(!!!main) for __main
    startup_stm32g431xx.o(.text) refers to startup_stm32g431xx.o(HEAP) for Heap_Mem
    startup_stm32g431xx.o(.text) refers to startup_stm32g431xx.o(STACK) for Stack_Mem
    main.o(.text) refers (Special) to _printf_percent.o(.ARM.Collect$$_printf_percent$$00000000) for _printf_percent
    main.o(.text) refers (Special) to _printf_d.o(.ARM.Collect$$_printf_percent$$00000009) for _printf_d
    main.o(.text) refers (Special) to _printf_f.o(.ARM.Collect$$_printf_percent$$00000003) for _printf_f
    main.o(.text) refers (Special) to _printf_dec.o(.text) for _printf_int_dec
    main.o(.text) refers (Special) to printf1.o(x$fpl$printf1) for _printf_fp_dec
    main.o(.text.main) refers (Special) to _printf_percent.o(.ARM.Collect$$_printf_percent$$00000000) for _printf_percent
    main.o(.text.main) refers (Special) to _printf_d.o(.ARM.Collect$$_printf_percent$$00000009) for _printf_d
    main.o(.text.main) refers (Special) to _printf_f.o(.ARM.Collect$$_printf_percent$$00000003) for _printf_f
    main.o(.text.main) refers (Special) to _printf_dec.o(.text) for _printf_int_dec
    main.o(.text.main) refers (Special) to printf1.o(x$fpl$printf1) for _printf_fp_dec
    main.o(.text.main) refers to stm32g4xx_hal.o(.text.HAL_Init) for HAL_Init
    main.o(.text.main) refers to stm32g4xx_hal_pwr_ex.o(.text.HAL_PWREx_ControlVoltageScaling) for HAL_PWREx_ControlVoltageScaling
    main.o(.text.main) refers to stm32g4xx_hal_rcc.o(.text.HAL_RCC_OscConfig) for HAL_RCC_OscConfig
    main.o(.text.main) refers to stm32g4xx_hal_rcc.o(.text.HAL_RCC_ClockConfig) for HAL_RCC_ClockConfig
    main.o(.text.main) refers to gpio.o(.text.MX_GPIO_Init) for MX_GPIO_Init
    main.o(.text.main) refers to dma.o(.text.MX_DMA_Init) for MX_DMA_Init
    main.o(.text.main) refers to adc.o(.text.MX_ADC1_Init) for MX_ADC1_Init
    main.o(.text.main) refers to adc.o(.text.MX_ADC2_Init) for MX_ADC2_Init
    main.o(.text.main) refers to usart.o(.text.MX_USART1_UART_Init) for MX_USART1_UART_Init
    main.o(.text.main) refers to lcd.o(.text.LCD_Init) for LCD_Init
    main.o(.text.main) refers to lcd.o(.text.LCD_Clear) for LCD_Clear
    main.o(.text.main) refers to lcd.o(.text.LCD_SetBackColor) for LCD_SetBackColor
    main.o(.text.main) refers to lcd.o(.text.LCD_SetTextColor) for LCD_SetTextColor
    main.o(.text.main) refers to adc.o(.bss.hadc1) for hadc1
    main.o(.text.main) refers to stm32g4xx_hal_adc_ex.o(.text.HAL_ADCEx_Calibration_Start) for HAL_ADCEx_Calibration_Start
    main.o(.text.main) refers to adc.o(.bss.hadc2) for hadc2
    main.o(.text.main) refers to main.o(.bss..L_MergedGlobals.13) for .L_MergedGlobals.13
    main.o(.text.main) refers to usart.o(.bss.huart1) for huart1
    main.o(.text.main) refers to stm32g4xx_hal_uart_ex.o(.text.HAL_UARTEx_ReceiveToIdle_IT) for HAL_UARTEx_ReceiveToIdle_IT
    main.o(.text.main) refers to pot.o(.text.POT_Updata) for POT_Updata
[...]
    [Anonymous Symbol]                       0x08001970   Section        0  stm32g4xx_hal_adc.o(.text.HAL_ADC_Start)
    [Anonymous Symbol]                       0x08001a5c   Section        0  stm32g4xx_hal_dma.o(.text.HAL_DMA_Abort)
    [Anonymous Symbol]                       0x08001acc   Section        0  stm32g4xx_hal_dma.o(.text.HAL_DMA_Abort_IT)
    [Anonymous Symbol]                       0x08001b4c   Section        0  stm32g4xx_hal_dma.o(.text.HAL_DMA_IRQHandler)
    [Anonymous Symbol]                       0x08001bf8   Section        0  stm32g4xx_hal_dma.o(.text.HAL_DMA_Init)
    [Anonymous Symbol]                       0x08001d10   Section        0  stm32g4xx_hal.o(.text.HAL_Delay)
    [Anonymous Symbol]                       0x08001d38   Section        0  stm32g4xx_hal_gpio.o(.text.HAL_GPIO_Init)
    [Anonymous Symbol]                       0x08001eec   Section        0  stm32g4xx_hal_gpio.o(.text.HAL_GPIO_ReadPin)
    [Anonymous Symbol]                       0x08001ef8   Section        0  stm32g4xx_hal_gpio.o(.text.HAL_GPIO_WritePin)
    [Anonymous Symbol]                       0x08001f04   Section        0  stm32g4xx_hal.o(.text.HAL_GetTick)
    [Anonymous Symbol]                       0x08001f10   Section        0  stm32g4xx_hal.o(.text.HAL_IncTick)
    [Anonymous Symbol]                       0x08001f2c   Section        0  stm32g4xx_hal.o(.text.HAL_Init)
    [Anonymous Symbol]                       0x08001f4c   Section        0  stm32g4xx_hal.o(.text.HAL_InitTick)
    [Anonymous Symbol]                       0x08001f9c   Section        0  stm32g4xx_hal_msp.o(.text.HAL_MspInit)
    [Anonymous Symbol]                       0x08001fd0   Section        0  stm32g4xx_hal_cortex.o(.text.HAL_NVIC_EnableIRQ)
    [Anonymous Symbol]                       0x08001ff4   Section        0  stm32g4xx_hal_cortex.o(.text.HAL_NVIC_SetPriority)
    [Anonymous Symbol]                       0x0800204c   Section        0  stm32g4xx_hal_cortex.o(.text.HAL_NVIC_SetPriorityGrouping)
    [Anonymous Symbol]                       0x0800206c   Section        0  stm32g4xx_hal_pwr_ex.o(.text.HAL_PWREx_ControlVoltageScaling)
    [Anonymous Symbol]                       0x0800217c   Section        0  stm32g4xx_hal_pwr_ex.o(.text.HAL_PWREx_DisableUCPDDeadBattery)
    [Anonymous Symbol]                       0x08002190   Section        0  stm32g4xx_hal_rcc_ex.o(.text.HAL_RCCEx_PeriphCLKConfig)
    [Anonymous Symbol]                       0x080023fc   Section        0  stm32g4xx_hal_rcc.o(.text.HAL_RCC_ClockConfig)
    [Anonymous Symbol]                       0x08002700   Section        0  stm32g4xx_hal_rcc.o(.text.HAL_RCC_GetPCLK1Freq)
    [Anonymous Symbol]                       0x0800272c   Section        0  stm32g4xx_hal_rcc.o(.text.HAL_RCC_GetPCLK2Freq)
    [Anonymous Symbol]                       0x08002758   Section        0  stm32g4xx_hal_rcc.o(.text.HAL_RCC_GetSysClockFreq)
    [Anonymous Symbol]                       0x080027dc   Section        0  stm32g4xx_hal_rcc.o(.text.HAL_RCC_OscConfig)
    [Anonymous Symbol]                       0x08002cac   Section        0  stm32g4xx_hal_cortex.o(.text.HAL_SYSTICK_Config)
    [Anonymous Symbol]                       0x08002cd8   Section        0  stm32g4xx_hal_uart_ex.o(.text.HAL_UARTEx_DisableFifoMode)
    [Anonymous Symbol]                       0x08002d10   Section        0  stm32g4xx_hal_uart_ex.o(.text.HAL_UARTEx_ReceiveToIdle_IT)
    [Anonymous Symbol]                       0x08002d9c   Section        0  main.o(.text.HAL_UARTEx_RxEventCallback)
    [Anonymous Symbol]                       0x08002e98   Section        0  stm32g4xx_hal_uart_ex.o(.text.HAL_UARTEx_RxFifoFullCallback)
    [Anonymous Symbol]                       0x08002e9c   Section        0  stm32g4xx_hal_uart_ex.o(.text.HAL_UARTEx_SetRxFifoThreshold)
    [Anonymous Symbol]                       0x08002f28   Section        0  stm32g4xx_hal_uart_ex.o(.text.HAL_UARTEx_SetTxFifoThreshold)
    [Anonymous Symbol]                       0x08002fb4   Section        0  stm32g4xx_hal_uart_ex.o(.text.HAL_UARTEx_TxFifoEmptyCallback)
    [Anonymous Symbol]                       0x08002fb8   Section        0  stm32g4xx_hal_uart_ex.o(.text.HAL_UARTEx_WakeupCallback)
    [Anonymous Symbol]                       0x08002fbc   Section        0  stm32g4xx_hal_uart.o(.text.HAL_UART_ErrorCallback)
    [Anonymous Symbol]                       0x08002fc0   Section        0  stm32g4xx_hal_uart.o(.text.HAL_UART_IRQHandler)
    [Anonymous Symbol]                       0x08003610   Section        0  stm32g4xx_hal_uart.o(.text.HAL_UART_Init)
    [Anonymous Symbol]                       0x08003674   Section        0  usart.o(.text.HAL_UART_MspInit)
    [Anonymous Symbol]                       0x0800374c   Section        0  stm32g4xx_hal_uart.o(.text.HAL_UART_RxCpltCallback)
    [Anonymous Symbol]                       0x08003750   Section        0  stm32g4xx_hal_uart.o(.text.HAL_UART_Transmit)
    [Anonymous Symbol]                       0x08003900   Section        0  stm32g4xx_hal_uart.o(.text.HAL_UART_TxCpltCallback)
    [Anonymous Symbol]                       0x08003904   Section        0  stm32g4xx_it.o(.text.HardFault_Handler)
    [Anonymous Symbol]                       0x08003908   Section        0  key.o(.text.KEY_GetFlag)
    [Anonymous Symbol]                       0x08003918   Section        0  main.o(.text.KEY_Proc)
    [Anonymous Symbol]                       0x08003ae8   Section        0  key.o(.text.KEY_Updata)
    [Anonymous Symbol]                       0x08003b5c   Section        0  lcd.o(.text.LCD_Clear)
    [Anonymous Symbol]                       0x08003de0   Section        0  lcd.o(.text.LCD_DisplayStringLine)
    [Anonymous Symbol]                       0x08003e2c   Section        0  lcd.o(.text.LCD_DrawChar)
    [Anonymous Symbol]                       0x08004194   Section        0  lcd.o(.text.LCD_Init)
    [Anonymous Symbol]                       0x080043cc   Section        0  lcd.o(.text.LCD_SetBackColor)
    [Anonymous Symbol]                       0x080043e4   Section        0  lcd.o(.text.LCD_SetTextColor)
    [Anonymous Symbol]                       0x080043fc   Section        0  main.o(.text.LED_Proc)
    [Anonymous Symbol]                       0x080044a8   Section        0  led.o(.text.LED_Reset)
    [Anonymous Symbol]                       0x080044c4   Section        0  led.o(.text.LED_Set)
    [Anonymous Symbol]                       0x080044dc   Section        0  led.o(.text.LED_Updata)
    [Anonymous Symbol]                       0x08004518   Section        0  adc.o(.text.MX_ADC1_Init)
    [Anonymous Symbol]                       0x080045c4   Section        0  adc.o(.text.MX_ADC2_Init)
    [Anonymous Symbol]                       0x08004648   Section        0  dma.o(.text.MX_DMA_Init)
    [Anonymous Symbol]                       0x08004690   Section        0  gpio.o(.text.MX_GPIO_Init)
    [Anonymous Symbol]                       0x08004794   Section        0  usart.o(.text.MX_USART1_UART_Init)
    [Anonymous Symbol]                       0x08004818   Section        0  stm32g4xx_it.o(.text.MemManage_Handler)
    [Anonymous Symbol]                       0x0800481c   Section        0  stm32g4xx_it.o(.text.NMI_Handler)
    [Anonymous Symbol]                       0x08004820   Section        0  pot.o(.text.POT_Updata)
    [Anonymous Symbol]                       0x080048e0   Section        0  stm32g4xx_it.o(.text.PendSV_Handler)
    [Anonymous Symbol]                       0x080048e4   Section        0  lcd.o(.text.REG_8230_Init)
    [Anonymous Symbol]                       0x080053cc   Section        0  lcd.o(.text.REG_932X_Init)
    [Anonymous Symbol]                       0x080068ec   Section        0  stm32g4xx_it.o(.text.SVC_Handler)
    [Anonymous Symbol]                       0x080068f0   Section        0  stm32g4xx_it.o(.text.SysTick_Handler)
    [Anonymous Symbol]                       0x08006924   Section        0  system_stm32g4xx.o(.text.SystemInit)
    [Anonymous Symbol]                       0x08006938   Section        0  stm32g4xx_hal_uart.o(.text.UART_AdvFeatureConfig)
    [Anonymous Symbol]                       0x08006a20   Section        0  stm32g4xx_hal_uart.o(.text.UART_CheckIdleState)
    UART_DMAAbortOnError                     0x08006b8d   Thumb Code    12  stm32g4xx_hal_uart.o(.text.UART_DMAAbortOnError)
    [Anonymous Symbol]                       0x08006b8c   Section        0  stm32g4xx_hal_uart.o(.text.UART_DMAAbortOnError)
    UART_RxISR_16BIT                         0x08006b99   Thumb Code   434  stm32g4xx_hal_uart.o(.text.UART_RxISR_16BIT)
    [Anonymous Symbol]                       0x08006b98   Section        0  stm32g4xx_hal_uart.o(.text.UART_RxISR_16BIT)
    UART_RxISR_16BIT_FIFOEN                  0x08006d4d   Thumb Code   798  stm32g4xx_hal_uart.o(.text.UART_RxISR_16BIT_FIFOEN)
    [Anonymous Symbol]                       0x08006d4c   Section        0  stm32g4xx_hal_uart.o(.text.UART_RxISR_16BIT_FIFOEN)
    UART_RxISR_8BIT                          0x0800706d   Thumb Code   438  stm32g4xx_hal_uart.o(.text.UART_RxISR_8BIT)
    [Anonymous Symbol]                       0x0800706c   Section        0  stm32g4xx_hal_uart.o(.text.UART_RxISR_8BIT)
    UART_RxISR_8BIT_FIFOEN                   0x08007225   Thumb Code   802  stm32g4xx_hal_uart.o(.text.UART_RxISR_8BIT_FIFOEN)
    [Anonymous Symbol]                       0x08007224   Section        0  stm32g4xx_hal_uart.o(.text.UART_RxISR_8BIT_FIFOEN)
    [Anonymous Symbol]                       0x08007548   Section        0  stm32g4xx_hal_uart.o(.text.UART_SetConfig)
    [Anonymous Symbol]                       0x080077e0   Section        0  stm32g4xx_hal_uart.o(.text.UART_Start_Receive_IT)
    [Anonymous Symbol]                       0x08007a44   Section        0  stm32g4xx_hal_uart.o(.text.UART_WaitOnFlagUntilTimeout)
    [Anonymous Symbol]                       0x08007d7c   Section        0  main.o(.text.UI_Proc)
    [Anonymous Symbol]                       0x08007f4c   Section        0  stm32g4xx_it.o(.text.USART1_IRQHandler)
    [Anonymous Symbol]                       0x08007f58   Section        0  stm32g4xx_it.o(.text.UsageFault_Handler)
    [Anonymous Symbol]                       0x08007f60   Section        0  main.o(.text.main)
    CL$$btod_d2e                             0x08008110   Section       62  btod.o(CL$$btod_d2e)
    CL$$btod_d2e_denorm_low                  0x0800814e   Section       70  btod.o(CL$$btod_d2e_denorm_low)
    CL$$btod_d2e_norm_op1                    0x08008194   Section       96  btod.o(CL$$btod_d2e_norm_op1)
    CL$$btod_div_common                      0x080081f4   Section      824  btod.o(CL$$btod_div_common)
    CL$$btod_e2e                             0x0800852c   Section      220  btod.o(CL$$btod_e2e)
    CL$$btod_ediv                            0x08008608   Section       42  btod.o(CL$$btod_ediv)
    CL$$btod_emul                            0x08008632   Section       42  btod.o(CL$$btod_emul)
    CL$$btod_mult_common                     0x0800865c   Section      580  btod.o(CL$$btod_mult_common)
    i.__ARM_fpclassify                       0x080088a0   Section        0  fpclassify.o(i.__ARM_fpclassify)
    i._is_digit                              0x080088d0   Section        0  __printf_wp.o(i._is_digit)
    locale$$code                             0x080088e0   Section       44  lc_numeric_c.o(locale$$code)
    $v0                                      0x0800890c   Number         0  d2f.o(x$fpl$d2f)
    x$fpl$d2f                                0x0800890c   Section       98  d2f.o(x$fpl$d2f)
    $v0                                      0x08008970   Number         0  ddiv.o(x$fpl$ddiv)
    x$fpl$ddiv                               0x08008970   Section      696  ddiv.o(x$fpl$ddiv)
    ddiv_entry                               0x08008977   Thumb Code     0  ddiv.o(x$fpl$ddiv)
    $v0                                      0x08008c28   Number         0  dflt_clz.o(x$fpl$dfltu)
    x$fpl$dfltu                              0x08008c28   Section       38  dflt_clz.o(x$fpl$dfltu)
    $v0                                      0x08008c50   Number         0  dmul.o(x$fpl$dmul)
    x$fpl$dmul                               0x08008c50   Section      340  dmul.o(x$fpl$dmul)
    $v0                                      0x08008da4   Number         0  dnaninf.o(x$fpl$dnaninf)
    x$fpl$dnaninf                            0x08008da4   Section      156  dnaninf.o(x$fpl$dnaninf)
    $v0                                      0x08008e40   Number         0  dretinf.o(x$fpl$dretinf)
    x$fpl$dretinf                            0x08008e40   Section       12  dretinf.o(x$fpl$dretinf)
    $v0                                      0x08008e4c   Number         0  f2d.o(x$fpl$f2d)
    x$fpl$f2d                                0x08008e4c   Section       86  f2d.o(x$fpl$f2d)
    $v0                                      0x08008ea2   Number         0  fnaninf.o(x$fpl$fnaninf)
    x$fpl$fnaninf                            0x08008ea2   Section      140  fnaninf.o(x$fpl$fnaninf)
    $v0                                      0x08008f2e   Number         0  fpinit.o(x$fpl$fpinit)
    x$fpl$fpinit                             0x08008f2e   Section       26  fpinit.o(x$fpl$fpinit)
    $v0                                      0x08008f48   Number         0  fretinf.o(x$fpl$fretinf)
    x$fpl$fretinf                            0x08008f48   Section       10  fretinf.o(x$fpl$fretinf)
    $v0                                      0x08008f52   Number         0  printf1.o(x$fpl$printf1)
    x$fpl$printf1                            0x08008f52   Section        4  printf1.o(x$fpl$printf1)
    x$fpl$usenofp                            0x08008f56   Section        0  usenofp.o(x$fpl$usenofp)
    tenpwrs_x                                0x08008f58   Data          60  bigflt0.o(.constdata)
    .constdata                               0x08008f58   Section      148  bigflt0.o(.constdata)
    tenpwrs_i                                0x08008f94   Data          64  bigflt0.o(.constdata)
    .Lswitch.table.UART_SetConfig.4          0x0800a1ec   Data          16  stm32g4xx_hal_uart.o(.rodata.cst16)
    UARTEx_SetNbDataToProcess.numerator      0x0800a1fc   Data           8  stm32g4xx_hal_uart_ex.o(.rodata.cst8)
    [Anonymous Symbol]                       0x0800a1fc   Section        0  stm32g4xx_hal_uart_ex.o(.rodata.cst8)
    UARTEx_SetNbDataToProcess.denominator    0x0800a204   Data           8  stm32g4xx_hal_uart_ex.o(.rodata.cst8)
    .L.str                                   0x0800a20c   Data          21  main.o(.rodata.str1.1)
    [Anonymous Symbol]                       0x0800a20c   Section        0  main.o(.rodata.str1.1)
    .L.str.1                                 0x0800a221   Data          20  main.o(.rodata.str1.1)
    .L.str.2                                 0x0800a235   Data          20  main.o(.rodata.str1.1)
    locale$$data                             0x0800a274   Section       28  lc_numeric_c.o(locale$$data)
    __lcnum_c_name                           0x0800a278   Data           2  lc_numeric_c.o(locale$$data)
    __lcnum_c_start                          0x0800a280   Data           0  lc_numeric_c.o(locale$$data)
    __lcnum_c_point                          0x0800a28c   Data           0  lc_numeric_c.o(locale$$data)
    __lcnum_c_thousands                      0x0800a28e   Data           0  lc_numeric_c.o(locale$$data)
    __lcnum_c_grouping                       0x0800a28f   Data           0  lc_numeric_c.o(locale$$data)
    __lcnum_c_end                            0x0800a290   Data           0  lc_numeric_c.o(locale$$data)
    .L_MergedGlobals                         0x20000000   Data           4  main.o(.data..L_MergedGlobals)
    [Anonymous Symbol]                       0x20000000   Section        0  main.o(.data..L_MergedGlobals)
    .L_MergedGlobals                         0x20000004   Data           8  stm32g4xx_hal.o(.data..L_MergedGlobals)
    [Anonymous Symbol]                       0x20000004   Section        0  stm32g4xx_hal.o(.data..L_MergedGlobals)
    BackColor                                0x2000000c   Data           2  lcd.o(.data.BackColor)
    [Anonymous Symbol]                       0x2000000c   Section        0  lcd.o(.data.BackColor)
    .bss                                     0x20000018   Section       96  libspace.o(.bss)
    .L_MergedGlobals.13                      0x20000078   Data          80  main.o(.bss..L_MergedGlobals.13)
    [Anonymous Symbol]                       0x20000078   Section        0  main.o(.bss..L_MergedGlobals.13)
    KEY_Proc.flag                            0x2000007d   Data           1  main.o(.bss..L_MergedGlobals.13)
    KEY_Proc.para                            0x2000007e   Data           1  main.o(.bss..L_MergedGlobals.13)
    LED_Proc.last_pass_R37                   0x2000007f   Data           1  main.o(.bss..L_MergedGlobals.13)
    LED_Proc.isPass_R38                      0x20000080   Data           1  main.o(.bss..L_MergedGlobals.13)
    LED_Proc.last_pass_R38                   0x20000081   Data           1  main.o(.bss..L_MergedGlobals.13)
    UI_Proc.buff                             0x200000b4   Data          20  main.o(.bss..L_MergedGlobals.13)
    HAL_RCC_ADC12_CLK_ENABLED                0x200000c8   Data           4  adc.o(.bss.HAL_RCC_ADC12_CLK_ENABLED)
    [Anonymous Symbol]                       0x200000c8   Section        0  adc.o(.bss.HAL_RCC_ADC12_CLK_ENABLED)
    HAL_UARTEx_RxEventCallback.transmit_buff 0x200000cc   Data          50  main.o(.bss.HAL_UARTEx_RxEventCallback.transmit_buff)
    [Anonymous Symbol]                       0x200000cc   Section        0  main.o(.bss.HAL_UARTEx_RxEventCallback.transmit_buff)
    TextColor                                0x200000fe   Data           2  lcd.o(.bss.TextColor)
    [Anonymous Symbol]                       0x200000fe   Section        0  lcd.o(.bss.TextColor)
    Heap_Mem                                 0x200002e8   Data         512  startup_stm32g431xx.o(HEAP)
    HEAP                                     0x200002e8   Section      512  startup_stm32g431xx.o(HEAP)
    Stack_Mem                                0x200004e8   Data        1024  startup_stm32g431xx.o(STACK)
    STACK                                    0x200004e8   Section     1024  startup_stm32g431xx.o(STACK)
    __initial_sp                             0x200008e8   Data           0  startup_stm32g431xx.o(STACK)

    Global Symbols

    Symbol Name                              Value     Ov Type        Size  Object(Section)

    BuildAttributes$$THM_ISAv4$E$P$D$K$B$S$7EM$VFPi3$EXTD16$VFPS$VFMA$PE$A:L22UL41UL21$X:L11$S22US41US21$IEEE1$IW$~IW$USESV6$~STKCKD$USESV7$~SHL$OTIME$ROPI$IEEEJ$EBA8$UX$STANDARDLIB$REQ8$PRES8$EABIv2 0x00000000   Number         0  anon$$obj.o ABSOLUTE
    _printf_flags                            0x00000000   Number         0  printf_stubs.o ABSOLUTE
    _printf_return_value                     0x00000000   Number         0  printf_stubs.o ABSOLUTE
    _printf_sizespec                         0x00000000   Number         0  printf_stubs.o ABSOLUTE
    _printf_widthprec                        0x00000000   Number         0  printf_stubs.o ABSOLUTE
    __ARM_exceptions_init                     - Undefined Weak Reference
    __alloca_initialize                       - Undefined Weak Reference
    __arm_preinit_                            - Undefined Weak Reference
    __arm_relocate_pie_                       - Undefined Weak Reference
    __cpp_initialize__aeabi_                  - Undefined Weak Reference
    __cxa_finalize                            - Undefined Weak Reference
    __sigvec_lookup                           - Undefined Weak Reference
    _atexit_init                              - Undefined Weak Reference
    _call_atexit_fns                          - Undefined Weak Reference
    _clock_init                               - Undefined Weak Reference
    _fp_trap_init                             - Undefined Weak Reference
    _fp_trap_shutdown                         - Undefined Weak Reference
    _get_lc_collate                           - Undefined Weak Reference
    _get_lc_ctype                             - Undefined Weak Reference
    _get_lc_monetary                          - Undefined Weak Reference
    _get_lc_time                              - Undefined Weak Reference
    _getenv_init                              - Undefined Weak Reference
    _handle_redirection                       - Undefined Weak Reference
    _init_alloc                               - Undefined Weak Reference
    _init_user_alloc                          - Undefined Weak Reference
    _initio                                   - Undefined Weak Reference
    _printf_post_padding                      - Undefined Weak Reference
    _printf_pre_padding                       - Undefined Weak Reference
    _printf_truncate_signed                   - Undefined Weak Reference
    _printf_truncate_unsigned                 - Undefined Weak Reference
    _rand_init                                - Undefined Weak Reference
    _signal_finish                            - Undefined Weak Reference
    _signal_init                              - Undefined Weak Reference
    _terminate_alloc                          - Undefined Weak Reference
    _terminate_user_alloc                     - Undefined Weak Reference
    _terminateio                              - Undefined Weak Reference
    __Vectors_Size                           0x000001d8   Number         0  startup_stm32g431xx.o ABSOLUTE
    __Vectors                                0x08000000   Data           4  startup_stm32g431xx.o(RESET)
    __Vectors_End                            0x080001d8   Data           0  startup_stm32g431xx.o(RESET)
    __main                                   0x080001d9   Thumb Code     8  __main.o(!!!main)
    __scatterload                            0x080001e1   Thumb Code     0  __scatter.o(!!!scatter)
    __scatterload_rt2                        0x080001e1   Thumb Code    84  __scatter.o(!!!scatter)
    __scatterload_rt2_thumb_only             0x080001e1   Thumb Code     0  __scatter.o(!!!scatter)
    __scatterload_loop                       0x080001eb   Thumb Code     0  __scatter.o(!!!scatter)
    __scatterload_copy                       0x0800023d   Thumb Code    26  __scatter_copy.o(!!handler_copy)
    __scatterload_null                       0x08000259   Thumb Code     2  __scatter.o(!!handler_null)
    __scatterload_zeroinit                   0x0800025d   Thumb Code    28  __scatter_zi.o(!!handler_zi)
    _printf_f                                0x08000279   Thumb Code     0  _printf_f.o(.ARM.Collect$$_printf_percent$$00000003)
    _printf_percent                          0x08000279   Thumb Code     0  _printf_percent.o(.ARM.Collect$$_printf_percent$$00000000)
    _printf_d                                0x0800027f   Thumb Code     0  _printf_d.o(.ARM.Collect$$_printf_percent$$00000009)
    _printf_percent_end                      0x08000285   Thumb Code     0  _printf_percent_end.o(.ARM.Collect$$_printf_percent$$00000017)
    __rt_lib_init                            0x08000289   Thumb Code     0  libinit.o(.ARM.Collect$$libinit$$00000000)
    __rt_lib_init_fp_1                       0x0800028b   Thumb Code     0  libinit2.o(.ARM.Collect$$libinit$$00000001)
    __rt_lib_init_heap_1                     0x0800028f   Thumb Code     0  libinit2.o(.ARM.Collect$$libinit$$0000000C)
    __rt_lib_init_lc_common                  0x0800028f   Thumb Code     0  libinit2.o(.ARM.Collect$$libinit$$00000011)
    __rt_lib_init_preinit_1                  0x0800028f   Thumb Code     0  libinit2.o(.ARM.Collect$$libinit$$00000006)
    __rt_lib_init_rand_1                     0x0800028f   Thumb Code     0  libinit2.o(.ARM.Collect$$libinit$$00000010)
    __rt_lib_init_relocate_pie_1             0x0800028f   Thumb Code     0  libinit2.o(.ARM.Collect$$libinit$$00000004)
    __rt_lib_init_user_alloc_1               0x0800028f   Thumb Code     0  libinit2.o(.ARM.Collect$$libinit$$0000000E)
    __rt_lib_init_lc_collate_1               0x08000295   Thumb Code     0  libinit2.o(.ARM.Collect$$libinit$$00000013)
    __rt_lib_init_lc_ctype_1                 0x08000295   Thumb Code     0  libinit2.o(.ARM.Collect$$libinit$$00000015)
    __rt_lib_init_lc_monetary_1              0x08000295   Thumb Code     0  libinit2.o(.ARM.Collect$$libinit$$00000017)
    __rt_lib_init_lc_numeric_2               0x08000295   Thumb Code     0  libinit2.o(.ARM.Collect$$libinit$$00000018)
    __rt_lib_init_alloca_1                   0x0800029f   Thumb Code     0  libinit2.o(.ARM.Collect$$libinit$$00000030)
    __rt_lib_init_argv_1                     0x0800029f   Thumb Code     0  libinit2.o(.ARM.Collect$$libinit$$0000002E)
    __rt_lib_init_atexit_1                   0x0800029f   Thumb Code     0  libinit2.o(.ARM.Collect$$libinit$$0000001D)
    __rt_lib_init_clock_1                    0x0800029f   Thumb Code     0  libinit2.o(.ARM.Collect$$libinit$$00000023)
    __rt_lib_init_cpp_1                      0x0800029f   Thumb Code     0  libinit2.o(.ARM.Collect$$libinit$$00000034)
    __rt_lib_init_exceptions_1               0x0800029f   Thumb Code     0  libinit2.o(.ARM.Collect$$libinit$$00000032)
    __rt_lib_init_fp_trap_1                  0x0800029f   Thumb Code     0  libinit2.o(.ARM.Collect$$libinit$$00000021)
    __rt_lib_init_getenv_1                   0x0800029f   Thumb Code     0  libinit2.o(.ARM.Collect$$libinit$$00000025)
    __rt_lib_init_lc_numeric_1               0x0800029f   Thumb Code     0  libinit2.o(.ARM.Collect$$libinit$$00000019)
    __rt_lib_init_lc_time_1                  0x0800029f   Thumb Code     0  libinit2.o(.ARM.Collect$$libinit$$0000001B)
    __rt_lib_init_return                     0x0800029f   Thumb Code     0  libinit2.o(.ARM.Collect$$libinit$$00000035)
    __rt_lib_init_signal_1                   0x0800029f   Thumb Code     0  libinit2.o(.ARM.Collect$$libinit$$0000001F)
    __rt_lib_init_stdio_1                    0x0800029f   Thumb Code     0  libinit2.o(.ARM.Collect$$libinit$$00000027)
    __rt_lib_shutdown                        0x080002a1   Thumb Code     0  libshutdown.o(.ARM.Collect$$libshutdown$$00000000)
    __rt_lib_shutdown_cpp_1                  0x080002a3   Thumb Code     0  libshutdown2.o(.ARM.Collect$$libshutdown$$00000002)
    __rt_lib_shutdown_fp_trap_1              0x080002a3   Thumb Code     0  libshutdown2.o(.ARM.Collect$$libshutdown$$00000007)
    __rt_lib_shutdown_heap_1                 0x080002a3   Thumb Code     0  libshutdown2.o(.ARM.Collect$$libshutdown$$0000000F)
    __rt_lib_shutdown_return                 0x080002a3   Thumb Code     0  libshutdown2.o(.ARM.Collect$$libshutdown$$00000010)
    __rt_lib_shutdown_signal_1               0x080002a3   Thumb Code     0  libshutdown2.o(.ARM.Collect$$libshutdown$$0000000A)
    __rt_lib_shutdown_stdio_1                0x080002a3   Thumb Code     0  libshutdown2.o(.ARM.Collect$$libshutdown$$00000004)
    __rt_lib_shutdown_user_alloc_1           0x080002a3   Thumb Code     0  libshutdown2.o(.ARM.Collect$$libshutdown$$0000000C)
    __rt_entry                               0x080002a5   Thumb Code     0  __rtentry.o(.ARM.Collect$$rtentry$$00000000)
    __rt_entry_presh_1                       0x080002a5   Thumb Code     0  __rtentry2.o(.ARM.Collect$$rtentry$$00000002)
    __rt_entry_sh                            0x080002a5   Thumb Code     0  __rtentry4.o(.ARM.Collect$$rtentry$$00000004)
    __rt_entry_li                            0x080002ab   Thumb Code     0  __rtentry2.o(.ARM.Collect$$rtentry$$0000000A)
    __rt_entry_postsh_1                      0x080002ab   Thumb Code     0  __rtentry2.o(.ARM.Collect$$rtentry$$00000009)
    __rt_entry_main                          0x080002af   Thumb Code     0  __rtentry2.o(.ARM.Collect$$rtentry$$0000000D)
    __rt_entry_postli_1                      0x080002af   Thumb Code     0  __rtentry2.o(.ARM.Collect$$rtentry$$0000000C)
    __rt_exit                                0x080002b7   Thumb Code     0  rtexit.o(.ARM.Collect$$rtexit$$00000000)
    __rt_exit_ls                             0x080002b9   Thumb Code     0  rtexit2.o(.ARM.Collect$$rtexit$$00000003)
    __rt_exit_prels_1                        0x080002b9   Thumb Code     0  rtexit2.o(.ARM.Collect$$rtexit$$00000002)
    __rt_exit_exit                           0x080002bd   Thumb Code     0  rtexit2.o(.ARM.Collect$$rtexit$$00000004)
    Reset_Handler                            0x080002c5   Thumb Code     8  startup_stm32g431xx.o(.text)
    ADC1_2_IRQHandler                        0x080002df   Thumb Code     0  startup_stm32g431xx.o(.text)
    COMP1_2_3_IRQHandler                     0x080002df   Thumb Code     0  startup_stm32g431xx.o(.text)
    COMP4_IRQHandler                         0x080002df   Thumb Code     0  startup_stm32g431xx.o(.text)
    CORDIC_IRQHandler                        0x080002df   Thumb Code     0  startup_stm32g431xx.o(.text)
    CRS_IRQHandler                           0x080002df   Thumb Code     0  startup_stm32g431xx.o(.text)
    DMA1_Channel2_IRQHandler                 0x080002df   Thumb Code     0  startup_stm32g431xx.o(.text)
    DMA1_Channel3_IRQHandler                 0x080002df   Thumb Code     0  startup_stm32g431xx.o(.text)
    DMA1_Channel4_IRQHandler                 0x080002df   Thumb Code     0  startup_stm32g431xx.o(.text)
    DMA1_Channel5_IRQHandler                 0x080002df   Thumb Code     0  startup_stm32g431xx.o(.text)
    DMA1_Channel6_IRQHandler                 0x080002df   Thumb Code     0  startup_stm32g431xx.o(.text)
    DMA2_Channel1_IRQHandler                 0x080002df   Thumb Code     0  startup_stm32g431xx.o(.text)
    DMA2_Channel2_IRQHandler                 0x080002df   Thumb Code     0  startup_stm32g431xx.o(.text)
    DMA2_Channel3_IRQHandler                 0x080002df   Thumb Code     0  startup_stm32g431xx.o(.text)
    DMA2_Channel4_IRQHandler                 0x080002df   Thumb Code     0  startup_stm32g431xx.o(.text)
    DMA2_Channel5_IRQHandler                 0x080002df   Thumb Code     0  startup_stm32g431xx.o(.text)
    DMA2_Channel6_IRQHandler                 0x080002df   Thumb Code     0  startup_stm32g431xx.o(.text)
    DMAMUX_OVR_IRQHandler                    0x080002df   Thumb Code     0  startup_stm32g431xx.o(.text)
    EXTI0_IRQHandler                         0x080002df   Thumb Code     0  startup_stm32g431xx.o(.text)
    EXTI15_10_IRQHandler                     0x080002df   Thumb Code     0  startup_stm32g431xx.o(.text)
    EXTI1_IRQHandler                         0x080002df   Thumb Code     0  startup_stm32g431xx.o(.text)
    EXTI2_IRQHandler                         0x080002df   Thumb Code     0  startup_stm32g431xx.o(.text)
    EXTI3_IRQHandler                         0x080002df   Thumb Code     0  startup_stm32g431xx.o(.text)
    EXTI4_IRQHandler                         0x080002df   Thumb Code     0  startup_stm32g431xx.o(.text)
    EXTI9_5_IRQHandler                       0x080002df   Thumb Code     0  startup_stm32g431xx.o(.text)
    FDCAN1_IT0_IRQHandler                    0x080002df   Thumb Code     0  startup_stm32g431xx.o(.text)
    FDCAN1_IT1_IRQHandler                    0x080002df   Thumb Code     0  startup_stm32g431xx.o(.text)
    FLASH_IRQHandler                         0x080002df   Thumb Code     0  startup_stm32g431xx.o(.text)
    FMAC_IRQHandler                          0x080002df   Thumb Code     0  startup_stm32g431xx.o(.text)
    FPU_IRQHandler                           0x080002df   Thumb Code     0  startup_stm32g431xx.o(.text)
    I2C1_ER_IRQHandler                       0x080002df   Thumb Code     0  startup_stm32g431xx.o(.text)
    I2C1_EV_IRQHandler                       0x080002df   Thumb Code     0  startup_stm32g431xx.o(.text)
    I2C2_ER_IRQHandler                       0x080002df   Thumb Code     0  startup_stm32g431xx.o(.text)
    I2C2_EV_IRQHandler                       0x080002df   Thumb Code     0  startup_stm32g431xx.o(.text)
    I2C3_ER_IRQHandler                       0x080002df   Thumb Code     0  startup_stm32g431xx.o(.text)
    I2C3_EV_IRQHandler                       0x080002df   Thumb Code     0  startup_stm32g431xx.o(.text)
    LPTIM1_IRQHandler                        0x080002df   Thumb Code     0  startup_stm32g431xx.o(.text)
    LPUART1_IRQHandler                       0x080002df   Thumb Code     0  startup_stm32g431xx.o(.text)
    PVD_PVM_IRQHandler                       0x080002df   Thumb Code     0  startup_stm32g431xx.o(.text)
    RCC_IRQHandler                           0x080002df   Thumb Code     0  startup_stm32g431xx.o(.text)
    RNG_IRQHandler                           0x080002df   Thumb Code     0  startup_stm32g431xx.o(.text)
    RTC_Alarm_IRQHandler                     0x080002df   Thumb Code     0  startup_stm32g431xx.o(.text)
    RTC_TAMP_LSECSS_IRQHandler               0x080002df   Thumb Code     0  startup_stm32g431xx.o(.text)
    RTC_WKUP_IRQHandler                      0x080002df   Thumb Code     0  startup_stm32g431xx.o(.text)
    SAI1_IRQHandler                          0x080002df   Thumb Code     0  startup_stm32g431xx.o(.text)
    SPI1_IRQHandler                          0x080002df   Thumb Code     0  startup_stm32g431xx.o(.text)
    SPI2_IRQHandler                          0x080002df   Thumb Code     0  startup_stm32g431xx.o(.text)
    SPI3_IRQHandler                          0x080002df   Thumb Code     0  startup_stm32g431xx.o(.text)
    TIM1_BRK_TIM15_IRQHandler                0x080002df   Thumb Code     0  startup_stm32g431xx.o(.text)
    TIM1_CC_IRQHandler                       0x080002df   Thumb Code     0  startup_stm32g431xx.o(.text)
    TIM1_TRG_COM_TIM17_IRQHandler            0x080002df   Thumb Code     0  startup_stm32g431xx.o(.text)
    TIM1_UP_TIM16_IRQHandler                 0x080002df   Thumb Code     0  startup_stm32g431xx.o(.text)
    TIM2_IRQHandler                          0x080002df   Thumb Code     0  startup_stm32g431xx.o(.text)
    TIM3_IRQHandler                          0x080002df   Thumb Code     0  startup_stm32g431xx.o(.text)
    TIM4_IRQHandler                          0x080002df   Thumb Code     0  startup_stm32g431xx.o(.text)
    TIM6_DAC_IRQHandler                      0x080002df   Thumb Code     0  startup_stm32g431xx.o(.text)
    TIM7_IRQHandler                          0x080002df   Thumb Code     0  startup_stm32g431xx.o(.text)
    TIM8_BRK_IRQHandler                      0x080002df   Thumb Code     0  startup_stm32g431xx.o(.text)
    TIM8_CC_IRQHandler                       0x080002df   Thumb Code     0  startup_stm32g431xx.o(.text)
    TIM8_TRG_COM_IRQHandler                  0x080002df   Thumb Code     0  startup_stm32g431xx.o(.text)
    TIM8_UP_IRQHandler                       0x080002df   Thumb Code     0  startup_stm32g431xx.o(.text)
    UART4_IRQHandler                         0x080002df   Thumb Code     0  startup_stm32g431xx.o(.text)
    UCPD1_IRQHandler                         0x080002df   Thumb Code     0  startup_stm32g431xx.o(.text)
    USART2_IRQHandler                        0x080002df   Thumb Code     0  startup_stm32g431xx.o(.text)
    USART3_IRQHandler                        0x080002df   Thumb Code     0  startup_stm32g431xx.o(.text)
    USBWakeUp_IRQHandler                     0x080002df   Thumb Code     0  startup_stm32g431xx.o(.text)
    USB_HP_IRQHandler                        0x080002df   Thumb Code     0  startup_stm32g431xx.o(.text)
    USB_LP_IRQHandler                        0x080002df   Thumb Code     0  startup_stm32g431xx.o(.text)
    WWDG_IRQHandler                          0x080002df   Thumb Code     0  startup_stm32g431xx.o(.text)
    __user_initial_stackheap                 0x080002e1   Thumb Code     0  startup_stm32g431xx.o(.text)
    __aeabi_uldivmod                         0x08000305   Thumb Code     0  lludivv7m.o(.text)
    _ll_udiv                                 0x08000305   Thumb Code   240  lludivv7m.o(.text)
    __2sprintf                               0x080003f5   Thumb Code    34  noretval__2sprintf.o(.text)
    _printf_int_dec                          0x0800041d   Thumb Code   104  _printf_dec.o(.text)
    __printf                                 0x08000495   Thumb Code   270  __printf_wp.o(.text)
    strlen                                   0x080005a3   Thumb Code    62  strlen.o(.text)
    __aeabi_memclr4                          0x080005e1   Thumb Code     0  rt_memclr_w.o(.text)
    __aeabi_memclr8                          0x080005e1   Thumb Code     0  rt_memclr_w.o(.text)
    __rt_memclr_w                            0x080005e1   Thumb Code     0  rt_memclr_w.o(.text)
    _memset_w                                0x080005e5   Thumb Code    74  rt_memclr_w.o(.text)
    __use_two_region_memory                  0x0800062f   Thumb Code     2  heapauxi.o(.text)
    __rt_heap_escrow$2region                 0x08000631   Thumb Code     2  heapauxi.o(.text)
    __rt_heap_expand$2region                 0x08000633   Thumb Code     2  heapauxi.o(.text)
    _printf_int_common                       0x08000635   Thumb Code   178  _printf_intcommon.o(.text)
    _printf_fp_dec_real                      0x08000897   Thumb Code   620  _printf_fp_dec.o(.text)
    _printf_char_common                      0x08000b0f   Thumb Code    32  _printf_char_common.o(.text)
    _sputc                                   0x08000b35   Thumb Code    10  _sputc.o(.text)
    __rt_locale                              0x08000b41   Thumb Code     8  rt_locale_intlibspace.o(.text)
    _ll_udiv10                               0x08000b49   Thumb Code   138  lludiv10.o(.text)
    _printf_fp_infnan                        0x08000bd5   Thumb Code   112  _printf_fp_infnan.o(.text)
    _btod_etento                             0x08000c55   Thumb Code   224  bigflt0.o(.text)
    __user_libspace                          0x08000d39   Thumb Code     8  libspace.o(.text)
    __user_perproc_libspace                  0x08000d39   Thumb Code     0  libspace.o(.text)
    __user_perthread_libspace                0x08000d39   Thumb Code     0  libspace.o(.text)
    __user_setup_stackheap                   0x08000d41   Thumb Code    74  sys_stackheap_outer.o(.text)
    exit                                     0x08000d8b   Thumb Code    18  exit.o(.text)
    strcmp                                   0x08000da1   Thumb Code   124  strcmpv7em.o(.text)
    _sys_exit                                0x08000e1d   Thumb Code     8  sys_exit.o(.text)
    __I$use$semihosting                      0x08000e29   Thumb Code     0  use_no_semi.o(.text)
    __use_no_semihosting_swi                 0x08000e29   Thumb Code     2  use_no_semi.o(.text)
    __semihosting_library_function           0x08000e2b   Thumb Code     0  indicate_semi.o(.text)
    ADC_Disable                              0x08000e2d   Thumb Code   124  stm32g4xx_hal_adc.o(.text.ADC_Disable)
    ADC_Enable                               0x08000ea9   Thumb Code   246  stm32g4xx_hal_adc.o(.text.ADC_Enable)
    BusFault_Handler                         0x08000fa1   Thumb Code     2  stm32g4xx_it.o(.text.BusFault_Handler)
    DMA1_Channel1_IRQHandler                 0x08000fa5   Thumb Code    12  stm32g4xx_it.o(.text.DMA1_Channel1_IRQHandler)
    DebugMon_Handler                         0x08000fb1   Thumb Code     2  stm32g4xx_it.o(.text.DebugMon_Handler)
    Error_Handler                            0x08000fb5   Thumb Code    10  main.o(.text.Error_Handler)
    HAL_ADCEx_Calibration_Start              0x08000fc1   Thumb Code   212  stm32g4xx_hal_adc_ex.o(.text.HAL_ADCEx_Calibration_Start)
    HAL_ADCEx_MultiModeConfigChannel         0x08001095   Thumb Code   184  stm32g4xx_hal_adc_ex.o(.text.HAL_ADCEx_MultiModeConfigChannel)
    HAL_ADC_ConfigChannel                    0x0800114d   Thumb Code   922  stm32g4xx_hal_adc.o(.text.HAL_ADC_ConfigChannel)
    HAL_ADC_GetValue                         0x080014e9   Thumb Code     6  stm32g4xx_hal_adc.o(.text.HAL_ADC_GetValue)
    HAL_ADC_Init                             0x080014f1   Thumb Code   550  stm32g4xx_hal_adc.o(.text.HAL_ADC_Init)
    HAL_ADC_MspInit                          0x08001719   Thumb Code   258  adc.o(.text.HAL_ADC_MspInit)
    HAL_ADC_PollForConversion                0x0800181d   Thumb Code   338  stm32g4xx_hal_adc.o(.text.HAL_ADC_PollForConversion)
    HAL_ADC_Start                            0x08001971   Thumb Code   236  stm32g4xx_hal_adc.o(.text.HAL_ADC_Start)
    HAL_DMA_Abort                            0x08001a5d   Thumb Code   112  stm32g4xx_hal_dma.o(.text.HAL_DMA_Abort)
    HAL_DMA_Abort_IT                         0x08001acd   Thumb Code   128  stm32g4xx_hal_dma.o(.text.HAL_DMA_Abort_IT)
    HAL_DMA_IRQHandler                       0x08001b4d   Thumb Code   170  stm32g4xx_hal_dma.o(.text.HAL_DMA_IRQHandler)
    HAL_DMA_Init                             0x08001bf9   Thumb Code   280  stm32g4xx_hal_dma.o(.text.HAL_DMA_Init)
    HAL_Delay                                0x08001d11   Thumb Code    40  stm32g4xx_hal.o(.text.HAL_Delay)
    HAL_GPIO_Init                            0x08001d39   Thumb Code   434  stm32g4xx_hal_gpio.o(.text.HAL_GPIO_Init)
    HAL_GPIO_ReadPin                         0x08001eed   Thumb Code    10  stm32g4xx_hal_gpio.o(.text.HAL_GPIO_ReadPin)
    HAL_GPIO_WritePin                        0x08001ef9   Thumb Code    12  stm32g4xx_hal_gpio.o(.text.HAL_GPIO_WritePin)
    HAL_GetTick                              0x08001f05   Thumb Code    12  stm32g4xx_hal.o(.text.HAL_GetTick)
    HAL_IncTick                              0x08001f11   Thumb Code    26  stm32g4xx_hal.o(.text.HAL_IncTick)
    HAL_Init                                 0x08001f2d   Thumb Code    30  stm32g4xx_hal.o(.text.HAL_Init)
    HAL_InitTick                             0x08001f4d   Thumb Code    80  stm32g4xx_hal.o(.text.HAL_InitTick)
    HAL_MspInit                              0x08001f9d   Thumb Code    52  stm32g4xx_hal_msp.o(.text.HAL_MspInit)
    HAL_NVIC_EnableIRQ                       0x08001fd1   Thumb Code    34  stm32g4xx_hal_cortex.o(.text.HAL_NVIC_EnableIRQ)
    HAL_NVIC_SetPriority                     0x08001ff5   Thumb Code    86  stm32g4xx_hal_cortex.o(.text.HAL_NVIC_SetPriority)
    HAL_NVIC_SetPriorityGrouping             0x0800204d   Thumb Code    32  stm32g4xx_hal_cortex.o(.text.HAL_NVIC_SetPriorityGrouping)
    HAL_PWREx_ControlVoltageScaling          0x0800206d   Thumb Code   270  stm32g4xx_hal_pwr_ex.o(.text.HAL_PWREx_ControlVoltageScaling)
    HAL_PWREx_DisableUCPDDeadBattery         0x0800217d   Thumb Code    18  stm32g4xx_hal_pwr_ex.o(.text.HAL_PWREx_DisableUCPDDeadBattery)
    HAL_RCCEx_PeriphCLKConfig                0x08002191   Thumb Code   618  stm32g4xx_hal_rcc_ex.o(.text.HAL_RCCEx_PeriphCLKConfig)
    HAL_RCC_ClockConfig                      0x080023fd   Thumb Code   772  stm32g4xx_hal_rcc.o(.text.HAL_RCC_ClockConfig)
    HAL_RCC_GetPCLK1Freq                     0x08002701   Thumb Code    42  stm32g4xx_hal_rcc.o(.text.HAL_RCC_GetPCLK1Freq)
    HAL_RCC_GetPCLK2Freq                     0x0800272d   Thumb Code    42  stm32g4xx_hal_rcc.o(.text.HAL_RCC_GetPCLK2Freq)
    HAL_RCC_GetSysClockFreq                  0x08002759   Thumb Code   130  stm32g4xx_hal_rcc.o(.text.HAL_RCC_GetSysClockFreq)
    HAL_RCC_OscConfig                        0x080027dd   Thumb Code  1230  stm32g4xx_hal_rcc.o(.text.HAL_RCC_OscConfig)
    HAL_SYSTICK_Config                       0x08002cad   Thumb Code    44  stm32g4xx_hal_cortex.o(.text.HAL_SYSTICK_Config)
    HAL_UARTEx_DisableFifoMode               0x08002cd9   Thumb Code    54  stm32g4xx_hal_uart_ex.o(.text.HAL_UARTEx_DisableFifoMode)
    HAL_UARTEx_ReceiveToIdle_IT              0x08002d11   Thumb Code   138  stm32g4xx_hal_uart_ex.o(.text.HAL_UARTEx_ReceiveToIdle_IT)
    HAL_UARTEx_RxEventCallback               0x08002d9d   Thumb Code   208  main.o(.text.HAL_UARTEx_RxEventCallback)
    HAL_UARTEx_RxFifoFullCallback            0x08002e99   Thumb Code     2  stm32g4xx_hal_uart_ex.o(.text.HAL_UARTEx_RxFifoFullCallback)
    HAL_UARTEx_SetRxFifoThreshold            0x08002e9d   Thumb Code   140  stm32g4xx_hal_uart_ex.o(.text.HAL_UARTEx_SetRxFifoThreshold)
    HAL_UARTEx_SetTxFifoThreshold            0x08002f29   Thumb Code   140  stm32g4xx_hal_uart_ex.o(.text.HAL_UARTEx_SetTxFifoThreshold)
    HAL_UARTEx_TxFifoEmptyCallback           0x08002fb5   Thumb Code     2  stm32g4xx_hal_uart_ex.o(.text.HAL_UARTEx_TxFifoEmptyCallback)
    HAL_UARTEx_WakeupCallback                0x08002fb9   Thumb Code     2  stm32g4xx_hal_uart_ex.o(.text.HAL_UARTEx_WakeupCallback)
    HAL_UART_ErrorCallback                   0x08002fbd   Thumb Code     2  stm32g4xx_hal_uart.o(.text.HAL_UART_ErrorCallback)
    HAL_UART_IRQHandler                      0x08002fc1   Thumb Code  1614  stm32g4xx_hal_uart.o(.text.HAL_UART_IRQHandler)
    HAL_UART_Init                            0x08003611   Thumb Code   100  stm32g4xx_hal_uart.o(.text.HAL_UART_Init)
    HAL_UART_MspInit                         0x08003675   Thumb Code   216  usart.o(.text.HAL_UART_MspInit)
    HAL_UART_RxCpltCallback                  0x0800374d   Thumb Code     2  stm32g4xx_hal_uart.o(.text.HAL_UART_RxCpltCallback)
    HAL_UART_Transmit                        0x08003751   Thumb Code   430  stm32g4xx_hal_uart.o(.text.HAL_UART_Transmit)
    HAL_UART_TxCpltCallback                  0x08003901   Thumb Code     2  stm32g4xx_hal_uart.o(.text.HAL_UART_TxCpltCallback)
    HardFault_Handler                        0x08003905   Thumb Code     2  stm32g4xx_it.o(.text.HardFault_Handler)
    KEY_GetFlag                              0x08003909   Thumb Code    16  key.o(.text.KEY_GetFlag)
    KEY_Proc                                 0x08003919   Thumb Code   462  main.o(.text.KEY_Proc)
    KEY_Updata                               0x08003ae9   Thumb Code   114  key.o(.text.KEY_Updata)
    LCD_Clear                                0x08003b5d   Thumb Code   644  lcd.o(.text.LCD_Clear)
    LCD_DisplayStringLine                    0x08003de1   Thumb Code    76  lcd.o(.text.LCD_DisplayStringLine)
    LCD_DrawChar                             0x08003e2d   Thumb Code   870  lcd.o(.text.LCD_DrawChar)
    LCD_Init                                 0x08004195   Thumb Code   568  lcd.o(.text.LCD_Init)
    LCD_SetBackColor                         0x080043cd   Thumb Code    24  lcd.o(.text.LCD_SetBackColor)
    LCD_SetTextColor                         0x080043e5   Thumb Code    24  lcd.o(.text.LCD_SetTextColor)
    LED_Proc                                 0x080043fd   Thumb Code   170  main.o(.text.LED_Proc)
    LED_Reset                                0x080044a9   Thumb Code    26  led.o(.text.LED_Reset)
    LED_Set                                  0x080044c5   Thumb Code    24  led.o(.text.LED_Set)
    LED_Updata                               0x080044dd   Thumb Code    58  led.o(.text.LED_Updata)
    MX_ADC1_Init                             0x08004519   Thumb Code   170  adc.o(.text.MX_ADC1_Init)
    MX_ADC2_Init                             0x080045c5   Thumb Code   130  adc.o(.text.MX_ADC2_Init)
    MX_DMA_Init                              0x08004649   Thumb Code    70  dma.o(.text.MX_DMA_Init)
    MX_GPIO_Init                             0x08004691   Thumb Code   258  gpio.o(.text.MX_GPIO_Init)
    MX_USART1_UART_Init                      0x08004795   Thumb Code   130  usart.o(.text.MX_USART1_UART_Init)
    MemManage_Handler                        0x08004819   Thumb Code     2  stm32g4xx_it.o(.text.MemManage_Handler)
    NMI_Handler                              0x0800481d   Thumb Code     2  stm32g4xx_it.o(.text.NMI_Handler)
    POT_Updata                               0x08004821   Thumb Code   176  pot.o(.text.POT_Updata)
    PendSV_Handler                           0x080048e1   Thumb Code     2  stm32g4xx_it.o(.text.PendSV_Handler)
    REG_8230_Init                            0x080048e5   Thumb Code  2790  lcd.o(.text.REG_8230_Init)
    REG_932X_Init                            0x080053cd   Thumb Code  5406  lcd.o(.text.REG_932X_Init)
    SVC_Handler                              0x080068ed   Thumb Code     2  stm32g4xx_it.o(.text.SVC_Handler)
    SysTick_Handler                          0x080068f1   Thumb Code    50  stm32g4xx_it.o(.text.SysTick_Handler)
    SystemInit                               0x08006925   Thumb Code    18  system_stm32g4xx.o(.text.SystemInit)
    UART_AdvFeatureConfig                    0x08006939   Thumb Code   230  stm32g4xx_hal_uart.o(.text.UART_AdvFeatureConfig)
    UART_CheckIdleState                      0x08006a21   Thumb Code   362  stm32g4xx_hal_uart.o(.text.UART_CheckIdleState)
    UART_SetConfig                           0x08007549   Thumb Code   648  stm32g4xx_hal_uart.o(.text.UART_SetConfig)
    UART_Start_Receive_IT                    0x080077e1   Thumb Code   610  stm32g4xx_hal_uart.o(.text.UART_Start_Receive_IT)
    UART_WaitOnFlagUntilTimeout              0x08007a45   Thumb Code   822  stm32g4xx_hal_uart.o(.text.UART_WaitOnFlagUntilTimeout)
    UI_Proc                                  0x08007d7d   Thumb Code   324  main.o(.text.UI_Proc)
    USART1_IRQHandler                        0x08007f4d   Thumb Code    12  stm32g4xx_it.o(.text.USART1_IRQHandler)
    UsageFault_Handler                       0x08007f59   Thumb Code     2  stm32g4xx_it.o(.text.UsageFault_Handler)
    main                                     0x08007f61   Thumb Code   424  main.o(.text.main)
    _btod_d2e                                0x08008111   Thumb Code    62  btod.o(CL$$btod_d2e)
    _d2e_denorm_low                          0x0800814f   Thumb Code    70  btod.o(CL$$btod_d2e_denorm_low)
    _d2e_norm_op1                            0x08008195   Thumb Code    96  btod.o(CL$$btod_d2e_norm_op1)
    __btod_div_common                        0x080081f5   Thumb Code   696  btod.o(CL$$btod_div_common)
    _e2e                                     0x0800852d   Thumb Code   220  btod.o(CL$$btod_e2e)
    _btod_ediv                               0x08008609   Thumb Code    42  btod.o(CL$$btod_ediv)
    _btod_emul                               0x08008633   Thumb Code    42  btod.o(CL$$btod_emul)
    __btod_mult_common                       0x0800865d   Thumb Code   580  btod.o(CL$$btod_mult_common)
    __ARM_fpclassify                         0x080088a1   Thumb Code    48  fpclassify.o(i.__ARM_fpclassify)
    _is_digit                                0x080088d1   Thumb Code    14  __printf_wp.o(i._is_digit)
    _get_lc_numeric                          0x080088e1   Thumb Code    44  lc_numeric_c.o(locale$$code)
    __aeabi_d2f                              0x0800890d   Thumb Code     0  d2f.o(x$fpl$d2f)
    _d2f                                     0x0800890d   Thumb Code    98  d2f.o(x$fpl$d2f)
    __aeabi_ddiv                             0x08008971   Thumb Code     0  ddiv.o(x$fpl$ddiv)
    _ddiv                                    0x08008971   Thumb Code   560  ddiv.o(x$fpl$ddiv)
    __aeabi_ui2d                             0x08008c29   Thumb Code     0  dflt_clz.o(x$fpl$dfltu)
    _dfltu                                   0x08008c29   Thumb Code    38  dflt_clz.o(x$fpl$dfltu)
    __aeabi_dmul                             0x08008c51   Thumb Code     0  dmul.o(x$fpl$dmul)
    _dmul                                    0x08008c51   Thumb Code   332  dmul.o(x$fpl$dmul)
    __fpl_dnaninf                            0x08008da5   Thumb Code   156  dnaninf.o(x$fpl$dnaninf)
    __fpl_dretinf                            0x08008e41   Thumb Code    12  dretinf.o(x$fpl$dretinf)
    __aeabi_f2d                              0x08008e4d   Thumb Code     0  f2d.o(x$fpl$f2d)
    _f2d                                     0x08008e4d   Thumb Code    86  f2d.o(x$fpl$f2d)
    __fpl_fnaninf                            0x08008ea3   Thumb Code   140  fnaninf.o(x$fpl$fnaninf)
    _fp_init                                 0x08008f2f   Thumb Code    26  fpinit.o(x$fpl$fpinit)
    __fplib_config_fpu_vfp                   0x08008f47   Thumb Code     0  fpinit.o(x$fpl$fpinit)
    __fplib_config_pureend_doubles           0x08008f47   Thumb Code     0  fpinit.o(x$fpl$fpinit)
    __fpl_fretinf                            0x08008f49   Thumb Code    10  fretinf.o(x$fpl$fretinf)
    _printf_fp_dec                           0x08008f53   Thumb Code     4  printf1.o(x$fpl$printf1)
    __I$use$fp                               0x08008f56   Number         0  usenofp.o(x$fpl$usenofp)
    AHBPrescTable                            0x08008fec   Data          16  system_stm32g4xx.o(.rodata.AHBPrescTable)
    APBPrescTable                            0x08008ffc   Data           8  system_stm32g4xx.o(.rodata.APBPrescTable)
    ASCII_Table                              0x08009004   Data        4560  lcd.o(.rodata.ASCII_Table)
    UARTPrescTable                           0x0800a1d4   Data          24  stm32g4xx_hal_uart.o(.rodata.UARTPrescTable)
    Region$$Table$$Base                      0x0800a254   Number         0  anon$$obj.o(Region$$Table)
    Region$$Table$$Limit                     0x0800a274   Number         0  anon$$obj.o(Region$$Table)
    high_R37_10                              0x20000000   Data           1  main.o(.data..L_MergedGlobals)
    low_R37_10                               0x20000001   Data           1  main.o(.data..L_MergedGlobals)
    high_R38_10                              0x20000002   Data           1  main.o(.data..L_MergedGlobals)
    low_R38_10                               0x20000003   Data           1  main.o(.data..L_MergedGlobals)
    uwTickPrio                               0x20000004   Data           4  stm32g4xx_hal.o(.data..L_MergedGlobals)
    uwTickFreq                               0x20000008   Data           4  stm32g4xx_hal.o(.data..L_MergedGlobals)
    SystemCoreClock                          0x20000010   Data           4  system_stm32g4xx.o(.data.SystemCoreClock)
    __libspace_start                         0x20000018   Data          96  libspace.o(.bss)
    __temporary_stack_top$libspace           0x20000078   Data           0  libspace.o(.bss)
    page                                     0x20000078   Data           1  main.o(.bss..L_MergedGlobals.13)
    pass_R37                                 0x20000079   Data           1  main.o(.bss..L_MergedGlobals.13)
    pass_not_R37                             0x2000007a   Data           1  main.o(.bss..L_MergedGlobals.13)
    pass_R38                                 0x2000007b   Data           1  main.o(.bss..L_MergedGlobals.13)
    pass_not_R38                             0x2000007c   Data           1  main.o(.bss..L_MergedGlobals.13)
    led_timer1                               0x20000082   Data           2  main.o(.bss..L_MergedGlobals.13)
    led_timer2                               0x20000084   Data           2  main.o(.bss..L_MergedGlobals.13)
    percent_R37                              0x20000088   Data           4  main.o(.bss..L_MergedGlobals.13)
    high_R37                                 0x2000008c   Data           4  main.o(.bss..L_MergedGlobals.13)
    low_R37                                  0x20000090   Data           4  main.o(.bss..L_MergedGlobals.13)
    percent_R38                              0x20000094   Data           4  main.o(.bss..L_MergedGlobals.13)
    high_R38                                 0x20000098   Data           4  main.o(.bss..L_MergedGlobals.13)
    low_R38                                  0x2000009c   Data           4  main.o(.bss..L_MergedGlobals.13)
    receive_buff                             0x200000a0   Data          20  main.o(.bss..L_MergedGlobals.13)
    dummy                                    0x20000100   Data           2  lcd.o(.bss.dummy)
    hadc1                                    0x20000104   Data         108  adc.o(.bss.hadc1)
    hadc2                                    0x20000170   Data         108  adc.o(.bss.hadc2)
    hdma_usart1_rx                           0x200001dc   Data          96  usart.o(.bss.hdma_usart1_rx)
    huart1                                   0x2000023c   Data         148  usart.o(.bss.huart1)
    key                                      0x200002d0   Data           6  key.o(.bss.key)
    led                                      0x200002d6   Data           1  led.o(.bss.led)
    pot                                      0x200002d8   Data           8  pot.o(.bss.pot)
    uwTick                                   0x200002e0   Data           4  stm32g4xx_hal.o(.bss.uwTick)



==============================================================================

Memory Map of the image

  Image Entry point : 0x080001d9

  Load Region LR_IROM1 (Base: 0x08000000, Size: 0x0000a2a8, Max: 0x00020000, ABSOLUTE)

    Execution Region ER_IROM1 (Exec base: 0x08000000, Load base: 0x08000000, Size: 0x0000a290, Max: 0x00020000, ABSOLUTE)

    Exec Addr    Load Addr    Size         Type   Attr      Idx    E Section Name        Object

    0x08000000   0x08000000   0x000001d8   Data   RO            3    RESET               startup_stm32g431xx.o
    0x080001d8   0x080001d8   0x00000008   Code   RO         1123  * !!!main             c_w.l(__main.o)
    0x080001e0   0x080001e0   0x0000005c   Code   RO         1387    !!!scatter          c_w.l(__scatter.o)
    0x0800023c   0x0800023c   0x0000001a   Code   RO         1391    !!handler_copy      c_w.l(__scatter_copy.o)
    0x08000256   0x08000256   0x00000002   PAD
    0x08000258   0x08000258   0x00000002   Code   RO         1388    !!handler_null      c_w.l(__scatter.o)
    0x0800025a   0x0800025a   0x00000002   PAD
    0x0800025c   0x0800025c   0x0000001c   Code   RO         1393    !!handler_zi        c_w.l(__scatter_zi.o)
    0x08000278   0x08000278   0x00000000   Code   RO         1116    .ARM.Collect$$_printf_percent$$00000000  c_w.l(_printf_percent.o)
    0x08000278   0x08000278   0x00000006   Code   RO         1115    .ARM.Collect$$_printf_percent$$00000003  c_w.l(_printf_f.o)
    0x0800027e   0x0800027e   0x00000006   Code   RO         1114    .ARM.Collect$$_printf_percent$$00000009  c_w.l(_printf_d.o)
    0x08000284   0x08000284   0x00000004   Code   RO         1158    .ARM.Collect$$_printf_percent$$00000017  c_w.l(_printf_percent_end.o)
    0x08000288   0x08000288   0x00000002   Code   RO         1250    .ARM.Collect$$libinit$$00000000  c_w.l(libinit.o)
    0x0800028a   0x0800028a   0x00000004   Code   RO         1251    .ARM.Collect$$libinit$$00000001  c_w.l(libinit2.o)
    0x0800028e   0x0800028e   0x00000000   Code   RO         1254    .ARM.Collect$$libinit$$00000004  c_w.l(libinit2.o)
    0x0800028e   0x0800028e   0x00000000   Code   RO         1256    .ARM.Collect$$libinit$$00000006  c_w.l(libinit2.o)
    0x0800028e   0x0800028e   0x00000000   Code   RO         1259    .ARM.Collect$$libinit$$0000000C  c_w.l(libinit2.o)
    0x0800028e   0x0800028e   0x00000000   Code   RO         1261    .ARM.Collect$$libinit$$0000000E  c_w.l(libinit2.o)
    0x0800028e   0x0800028e   0x00000000   Code   RO         1263    .ARM.Collect$$libinit$$00000010  c_w.l(libinit2.o)
    0x0800028e   0x0800028e   0x00000006   Code   RO         1264    .ARM.Collect$$libinit$$00000011  c_w.l(libinit2.o)
    0x08000294   0x08000294   0x00000000   Code   RO         1266    .ARM.Collect$$libinit$$00000013  c_w.l(libinit2.o)
    0x08000294   0x08000294   0x00000000   Code   RO         1268    .ARM.Collect$$libinit$$00000015  c_w.l(libinit2.o)
    0x08000294   0x08000294   0x00000000   Code   RO         1270    .ARM.Collect$$libinit$$00000017  c_w.l(libinit2.o)
    0x08000294   0x08000294   0x0000000a   Code   RO         1271    .ARM.Collect$$libinit$$00000018  c_w.l(libinit2.o)
    0x0800029e   0x0800029e   0x00000000   Code   RO         1272    .ARM.Collect$$libinit$$00000019  c_w.l(libinit2.o)
    0x0800029e   0x0800029e   0x00000000   Code   RO         1274    .ARM.Collect$$libinit$$0000001B  c_w.l(libinit2.o)
    0x0800029e   0x0800029e   0x00000000   Code   RO         1276    .ARM.Collect$$libinit$$0000001D  c_w.l(libinit2.o)
    0x0800029e   0x0800029e   0x00000000   Code   RO         1278    .ARM.Collect$$libinit$$0000001F  c_w.l(libinit2.o)
    0x0800029e   0x0800029e   0x00000000   Code   RO         1280    .ARM.Collect$$libinit$$00000021  c_w.l(libinit2.o)
    0x0800029e   0x0800029e   0x00000000   Code   RO         1282    .ARM.Collect$$libinit$$00000023  c_w.l(libinit2.o)
    0x0800029e   0x0800029e   0x00000000   Code   RO         1284    .ARM.Collect$$libinit$$00000025  c_w.l(libinit2.o)
    0x0800029e   0x0800029e   0x00000000   Code   RO         1286    .ARM.Collect$$libinit$$00000027  c_w.l(libinit2.o)
    0x0800029e   0x0800029e   0x00000000   Code   RO         1290    .ARM.Collect$$libinit$$0000002E  c_w.l(libinit2.o)
    0x0800029e   0x0800029e   0x00000000   Code   RO         1292    .ARM.Collect$$libinit$$00000030  c_w.l(libinit2.o)
    0x0800029e   0x0800029e   0x00000000   Code   RO         1294    .ARM.Collect$$libinit$$00000032  c_w.l(libinit2.o)
    0x0800029e   0x0800029e   0x00000000   Code   RO         1296    .ARM.Collect$$libinit$$00000034  c_w.l(libinit2.o)
    0x0800029e   0x0800029e   0x00000002   Code   RO         1297    .ARM.Collect$$libinit$$00000035  c_w.l(libinit2.o)
    0x080002a0   0x080002a0   0x00000002   Code   RO         1352    .ARM.Collect$$libshutdown$$00000000  c_w.l(libshutdown.o)
    0x080002a2   0x080002a2   0x00000000   Code   RO         1370    .ARM.Collect$$libshutdown$$00000002  c_w.l(libshutdown2.o)
    0x080002a2   0x080002a2   0x00000000   Code   RO         1372    .ARM.Collect$$libshutdown$$00000004  c_w.l(libshutdown2.o)
    0x080002a2   0x080002a2   0x00000000   Code   RO         1375    .ARM.Collect$$libshutdown$$00000007  c_w.l(libshutdown2.o)
    0x080002a2   0x080002a2   0x00000000   Code   RO         1378    .ARM.Collect$$libshutdown$$0000000A  c_w.l(libshutdown2.o)
    0x080002a2   0x080002a2   0x00000000   Code   RO         1380    .ARM.Collect$$libshutdown$$0000000C  c_w.l(libshutdown2.o)
    0x080002a2   0x080002a2   0x00000000   Code   RO         1383    .ARM.Collect$$libshutdown$$0000000F  c_w.l(libshutdown2.o)
    0x080002a2   0x080002a2   0x00000002   Code   RO         1384    .ARM.Collect$$libshutdown$$00000010  c_w.l(libshutdown2.o)
    0x080002a4   0x080002a4   0x00000000   Code   RO         1143    .ARM.Collect$$rtentry$$00000000  c_w.l(__rtentry.o)
    0x080002a4   0x080002a4   0x00000000   Code   RO         1169    .ARM.Collect$$rtentry$$00000002  c_w.l(__rtentry2.o)
    0x080002a4   0x080002a4   0x00000006   Code   RO         1181    .ARM.Collect$$rtentry$$00000004  c_w.l(__rtentry4.o)
    0x080002aa   0x080002aa   0x00000000   Code   RO         1171    .ARM.Collect$$rtentry$$00000009  c_w.l(__rtentry2.o)
    0x080002aa   0x080002aa   0x00000004   Code   RO         1172    .ARM.Collect$$rtentry$$0000000A  c_w.l(__rtentry2.o)
    0x080002ae   0x080002ae   0x00000000   Code   RO         1174    .ARM.Collect$$rtentry$$0000000C  c_w.l(__rtentry2.o)
    0x080002ae   0x080002ae   0x00000008   Code   RO         1175    .ARM.Collect$$rtentry$$0000000D  c_w.l(__rtentry2.o)
    0x080002b6   0x080002b6   0x00000002   Code   RO         1298    .ARM.Collect$$rtexit$$00000000  c_w.l(rtexit.o)
    0x080002b8   0x080002b8   0x00000000   Code   RO         1317    .ARM.Collect$$rtexit$$00000002  c_w.l(rtexit2.o)
    0x080002b8   0x080002b8   0x00000004   Code   RO         1318    .ARM.Collect$$rtexit$$00000003  c_w.l(rtexit2.o)
    0x080002bc   0x080002bc   0x00000006   Code   RO         1319    .ARM.Collect$$rtexit$$00000004  c_w.l(rtexit2.o)
    0x080002c2   0x080002c2   0x00000002   PAD
    0x080002c4   0x080002c4   0x00000040   Code   RO            4    .text               startup_stm32g431xx.o
    0x08000304   0x08000304   0x000000f0   Code   RO         1084    .text               c_w.l(lludivv7m.o)
    0x080003f4   0x080003f4   0x00000028   Code   RO         1088    .text               c_w.l(noretval__2sprintf.o)
    0x0800041c   0x0800041c   0x00000078   Code   RO         1092    .text               c_w.l(_printf_dec.o)
    0x08000494   0x08000494   0x0000010e   Code   RO         1102    .text               c_w.l(__printf_wp.o)
    0x080005a2   0x080005a2   0x0000003e   Code   RO         1117    .text               c_w.l(strlen.o)
    0x080005e0   0x080005e0   0x0000004e   Code   RO         1119    .text               c_w.l(rt_memclr_w.o)
    0x0800062e   0x0800062e   0x00000006   Code   RO         1121    .text               c_w.l(heapauxi.o)
    0x08000634   0x08000634   0x000000b2   Code   RO         1148    .text               c_w.l(_printf_intcommon.o)
    0x080006e6   0x080006e6   0x0000041c   Code   RO         1150    .text               c_w.l(_printf_fp_dec.o)
    0x08000b02   0x08000b02   0x00000002   PAD
    0x08000b04   0x08000b04   0x00000030   Code   RO         1154    .text               c_w.l(_printf_char_common.o)
    0x08000b34   0x08000b34   0x0000000a   Code   RO         1156    .text               c_w.l(_sputc.o)
    0x08000b3e   0x08000b3e   0x00000002   PAD
    0x08000b40   0x08000b40   0x00000008   Code   RO         1188    .text               c_w.l(rt_locale_intlibspace.o)
    0x08000b48   0x08000b48   0x0000008a   Code   RO         1190    .text               c_w.l(lludiv10.o)
    0x08000bd2   0x08000bd2   0x00000002   PAD
    0x08000bd4   0x08000bd4   0x00000080   Code   RO         1192    .text               c_w.l(_printf_fp_infnan.o)
    0x08000c54   0x08000c54   0x000000e4   Code   RO         1196    .text               c_w.l(bigflt0.o)
    0x08000d38   0x08000d38   0x00000008   Code   RO         1230    .text               c_w.l(libspace.o)
    0x08000d40   0x08000d40   0x0000004a   Code   RO         1233    .text               c_w.l(sys_stackheap_outer.o)
    0x08000d8a   0x08000d8a   0x00000012   Code   RO         1237    .text               c_w.l(exit.o)
    0x08000d9c   0x08000d9c   0x00000004   PAD
    0x08000da0   0x08000da0   0x0000007c   Code   RO         1243    .text               c_w.l(strcmpv7em.o)
    0x08000e1c   0x08000e1c   0x0000000c   Code   RO         1312    .text               c_w.l(sys_exit.o)
    0x08000e28   0x08000e28   0x00000002   Code   RO         1339    .text               c_w.l(use_no_semi.o)
    0x08000e2a   0x08000e2a   0x00000000   Code   RO         1341    .text               c_w.l(indicate_semi.o)
    0x08000e2a   0x08000e2a   0x00000002   PAD
    0x08000e2c   0x08000e2c   0x0000007c   Code   RO          138    .text.ADC_Disable   stm32g4xx_hal_adc.o
    0x08000ea8   0x08000ea8   0x000000f6   Code   RO          144    .text.ADC_Enable    stm32g4xx_hal_adc.o
    0x08000f9e   0x08000f9e   0x00000002   PAD
    0x08000fa0   0x08000fa0   0x00000002   Code   RO           99    .text.BusFault_Handler  stm32g4xx_it.o
    0x08000fa2   0x08000fa2   0x00000002   PAD
    0x08000fa4   0x08000fa4   0x0000000c   Code   RO          111    .text.DMA1_Channel1_IRQHandler  stm32g4xx_it.o
    0x08000fb0   0x08000fb0   0x00000002   Code   RO          105    .text.DebugMon_Handler  stm32g4xx_it.o
    0x08000fb2   0x08000fb2   0x00000002   PAD
    0x08000fb4   0x08000fb4   0x0000000a   Code   RO           15    .text.Error_Handler  main.o
    0x08000fbe   0x08000fbe   0x00000002   PAD
    0x08000fc0   0x08000fc0   0x000000d4   Code   RO          198    .text.HAL_ADCEx_Calibration_Start  stm32g4xx_hal_adc_ex.o
    0x08001094   0x08001094   0x000000b8   Code   RO          242    .text.HAL_ADCEx_MultiModeConfigChannel  stm32g4xx_hal_adc_ex.o
    0x0800114c   0x0800114c   0x0000039a   Code   RO          182    .text.HAL_ADC_ConfigChannel  stm32g4xx_hal_adc.o
    0x080014e6   0x080014e6   0x00000002   PAD
    0x080014e8   0x080014e8   0x00000006   Code   RO          166    .text.HAL_ADC_GetValue  stm32g4xx_hal_adc.o
    0x080014ee   0x080014ee   0x00000002   PAD
    0x080014f0   0x080014f0   0x00000226   Code   RO          130    .text.HAL_ADC_Init  stm32g4xx_hal_adc.o
    0x08001716   0x08001716   0x00000002   PAD
    0x08001718   0x08001718   0x00000102   Code   RO           53    .text.HAL_ADC_MspInit  adc.o
    0x0800181a   0x0800181a   0x00000002   PAD
    0x0800181c   0x0800181c   0x00000152   Code   RO          148    .text.HAL_ADC_PollForConversion  stm32g4xx_hal_adc.o
    0x0800196e   0x0800196e   0x00000002   PAD
    0x08001970   0x08001970   0x000000ec   Code   RO          142    .text.HAL_ADC_Start  stm32g4xx_hal_adc.o
    0x08001a5c   0x08001a5c   0x00000070   Code   RO          559    .text.HAL_DMA_Abort  stm32g4xx_hal_dma.o
    0x08001acc   0x08001acc   0x00000080   Code   RO          561    .text.HAL_DMA_Abort_IT  stm32g4xx_hal_dma.o
    0x08001b4c   0x08001b4c   0x000000aa   Code   RO          565    .text.HAL_DMA_IRQHandler  stm32g4xx_hal_dma.o
    0x08001bf6   0x08001bf6   0x00000002   PAD
    0x08001bf8   0x08001bf8   0x00000118   Code   RO          551    .text.HAL_DMA_Init  stm32g4xx_hal_dma.o
    0x08001d10   0x08001d10   0x00000028   Code   RO          281    .text.HAL_Delay     stm32g4xx_hal.o
    0x08001d38   0x08001d38   0x000001b2   Code   RO          501    .text.HAL_GPIO_Init  stm32g4xx_hal_gpio.o
    0x08001eea   0x08001eea   0x00000002   PAD
    0x08001eec   0x08001eec   0x0000000a   Code   RO          505    .text.HAL_GPIO_ReadPin  stm32g4xx_hal_gpio.o
    0x08001ef6   0x08001ef6   0x00000002   PAD
    0x08001ef8   0x08001ef8   0x0000000c   Code   RO          507    .text.HAL_GPIO_WritePin  stm32g4xx_hal_gpio.o
    0x08001f04   0x08001f04   0x0000000c   Code   RO          273    .text.HAL_GetTick   stm32g4xx_hal.o
    0x08001f10   0x08001f10   0x0000001a   Code   RO          271    .text.HAL_IncTick   stm32g4xx_hal.o
    0x08001f2a   0x08001f2a   0x00000002   PAD
    0x08001f2c   0x08001f2c   0x0000001e   Code   RO          261    .text.HAL_Init      stm32g4xx_hal.o
    0x08001f4a   0x08001f4a   0x00000002   PAD
    0x08001f4c   0x08001f4c   0x00000050   Code   RO          263    .text.HAL_InitTick  stm32g4xx_hal.o
    0x08001f9c   0x08001f9c   0x00000034   Code   RO          122    .text.HAL_MspInit   stm32g4xx_hal_msp.o
    0x08001fd0   0x08001fd0   0x00000022   Code   RO          727    .text.HAL_NVIC_EnableIRQ  stm32g4xx_hal_cortex.o
    0x08001ff2   0x08001ff2   0x00000002   PAD
    0x08001ff4   0x08001ff4   0x00000056   Code   RO          725    .text.HAL_NVIC_SetPriority  stm32g4xx_hal_cortex.o
    0x0800204a   0x0800204a   0x00000002   PAD
    0x0800204c   0x0800204c   0x00000020   Code   RO          723    .text.HAL_NVIC_SetPriorityGrouping  stm32g4xx_hal_cortex.o
    0x0800206c   0x0800206c   0x0000010e   Code   RO          643    .text.HAL_PWREx_ControlVoltageScaling  stm32g4xx_hal_pwr_ex.o
    0x0800217a   0x0800217a   0x00000002   PAD
    0x0800217c   0x0800217c   0x00000012   Code   RO          713    .text.HAL_PWREx_DisableUCPDDeadBattery  stm32g4xx_hal_pwr_ex.o
    0x0800218e   0x0800218e   0x00000002   PAD
    0x08002190   0x08002190   0x0000026a   Code   RO          385    .text.HAL_RCCEx_PeriphCLKConfig  stm32g4xx_hal_rcc_ex.o
    0x080023fa   0x080023fa   0x00000002   PAD
    0x080023fc   0x080023fc   0x00000304   Code   RO          351    .text.HAL_RCC_ClockConfig  stm32g4xx_hal_rcc.o
    0x08002700   0x08002700   0x0000002a   Code   RO          359    .text.HAL_RCC_GetPCLK1Freq  stm32g4xx_hal_rcc.o
    0x0800272a   0x0800272a   0x00000002   PAD
    0x0800272c   0x0800272c   0x0000002a   Code   RO          361    .text.HAL_RCC_GetPCLK2Freq  stm32g4xx_hal_rcc.o
    0x08002756   0x08002756   0x00000002   PAD
    0x08002758   0x08002758   0x00000082   Code   RO          353    .text.HAL_RCC_GetSysClockFreq  stm32g4xx_hal_rcc.o
    0x080027da   0x080027da   0x00000002   PAD
    0x080027dc   0x080027dc   0x000004ce   Code   RO          349    .text.HAL_RCC_OscConfig  stm32g4xx_hal_rcc.o
    0x08002caa   0x08002caa   0x00000002   PAD
    0x08002cac   0x08002cac   0x0000002c   Code   RO          735    .text.HAL_SYSTICK_Config  stm32g4xx_hal_cortex.o
    0x08002cd8   0x08002cd8   0x00000036   Code   RO          935    .text.HAL_UARTEx_DisableFifoMode  stm32g4xx_hal_uart_ex.o
    0x08002d0e   0x08002d0e   0x00000002   PAD
    0x08002d10   0x08002d10   0x0000008a   Code   RO          943    .text.HAL_UARTEx_ReceiveToIdle_IT  stm32g4xx_hal_uart_ex.o
    0x08002d9a   0x08002d9a   0x00000002   PAD
    0x08002d9c   0x08002d9c   0x000000fc   Code   RO           25    .text.HAL_UARTEx_RxEventCallback  main.o
    0x08002e98   0x08002e98   0x00000002   Code   RO          921    .text.HAL_UARTEx_RxFifoFullCallback  stm32g4xx_hal_uart_ex.o
    0x08002e9a   0x08002e9a   0x00000002   PAD
    0x08002e9c   0x08002e9c   0x0000008c   Code   RO          939    .text.HAL_UARTEx_SetRxFifoThreshold  stm32g4xx_hal_uart_ex.o
    0x08002f28   0x08002f28   0x0000008c   Code   RO          937    .text.HAL_UARTEx_SetTxFifoThreshold  stm32g4xx_hal_uart_ex.o
    0x08002fb4   0x08002fb4   0x00000002   Code   RO          923    .text.HAL_UARTEx_TxFifoEmptyCallback  stm32g4xx_hal_uart_ex.o
    0x08002fb6   0x08002fb6   0x00000002   PAD
    0x08002fb8   0x08002fb8   0x00000002   Code   RO          919    .text.HAL_UARTEx_WakeupCallback  stm32g4xx_hal_uart_ex.o
    0x08002fba   0x08002fba   0x00000002   PAD
    0x08002fbc   0x08002fbc   0x00000002   Code   RO          861    .text.HAL_UART_ErrorCallback  stm32g4xx_hal_uart.o
    0x08002fbe   0x08002fbe   0x00000002   PAD
    0x08002fc0   0x08002fc0   0x0000064e   Code   RO          857    .text.HAL_UART_IRQHandler  stm32g4xx_hal_uart.o
    0x0800360e   0x0800360e   0x00000002   PAD
    0x08003610   0x08003610   0x00000064   Code   RO          773    .text.HAL_UART_Init  stm32g4xx_hal_uart.o
    0x08003674   0x08003674   0x000000d8   Code   RO           79    .text.HAL_UART_MspInit  usart.o
    0x0800374c   0x0800374c   0x00000002   Code   RO          869    .text.HAL_UART_RxCpltCallback  stm32g4xx_hal_uart.o
    0x0800374e   0x0800374e   0x00000002   PAD
    0x08003750   0x08003750   0x000001ae   Code   RO          793    .text.HAL_UART_Transmit  stm32g4xx_hal_uart.o
    0x080038fe   0x080038fe   0x00000002   PAD
    0x08003900   0x08003900   0x00000002   Code   RO          865    .text.HAL_UART_TxCpltCallback  stm32g4xx_hal_uart.o
    0x08003902   0x08003902   0x00000002   PAD
    0x08003904   0x08003904   0x00000002   Code   RO           95    .text.HardFault_Handler  stm32g4xx_it.o
    0x08003906   0x08003906   0x00000002   PAD
    0x08003908   0x08003908   0x00000010   Code   RO         1049    .text.KEY_GetFlag   key.o
    0x08003918   0x08003918   0x000001ce   Code   RO           19    .text.KEY_Proc      main.o
    0x08003ae6   0x08003ae6   0x00000002   PAD
    0x08003ae8   0x08003ae8   0x00000072   Code   RO         1047    .text.KEY_Updata    key.o
    0x08003b5a   0x08003b5a   0x00000002   PAD
    0x08003b5c   0x08003b5c   0x00000284   Code   RO          995    .text.LCD_Clear     lcd.o
    0x08003de0   0x08003de0   0x0000004c   Code   RO          993    .text.LCD_DisplayStringLine  lcd.o
    0x08003e2c   0x08003e2c   0x00000366   Code   RO         1003    .text.LCD_DrawChar  lcd.o
    0x08004192   0x08004192   0x00000002   PAD
    0x08004194   0x08004194   0x00000238   Code   RO          981    .text.LCD_Init      lcd.o
    0x080043cc   0x080043cc   0x00000018   Code   RO          989    .text.LCD_SetBackColor  lcd.o
    0x080043e4   0x080043e4   0x00000018   Code   RO          987    .text.LCD_SetTextColor  lcd.o
    0x080043fc   0x080043fc   0x000000aa   Code   RO           23    .text.LED_Proc      main.o
    0x080044a6   0x080044a6   0x00000002   PAD
    0x080044a8   0x080044a8   0x0000001a   Code   RO         1063    .text.LED_Reset     led.o
    0x080044c2   0x080044c2   0x00000002   PAD
    0x080044c4   0x080044c4   0x00000018   Code   RO         1061    .text.LED_Set       led.o
    0x080044dc   0x080044dc   0x0000003a   Code   RO         1059    .text.LED_Updata    led.o
    0x08004516   0x08004516   0x00000002   PAD
    0x08004518   0x08004518   0x000000aa   Code   RO           49    .text.MX_ADC1_Init  adc.o
    0x080045c2   0x080045c2   0x00000002   PAD
    0x080045c4   0x080045c4   0x00000082   Code   RO           51    .text.MX_ADC2_Init  adc.o
    0x08004646   0x08004646   0x00000002   PAD
    0x08004648   0x08004648   0x00000046   Code   RO           68    .text.MX_DMA_Init   dma.o
    0x0800468e   0x0800468e   0x00000002   PAD
    0x08004690   0x08004690   0x00000102   Code   RO           40    .text.MX_GPIO_Init  gpio.o
    0x08004792   0x08004792   0x00000002   PAD
    0x08004794   0x08004794   0x00000082   Code   RO           77    .text.MX_USART1_UART_Init  usart.o
    0x08004816   0x08004816   0x00000002   PAD
    0x08004818   0x08004818   0x00000002   Code   RO           97    .text.MemManage_Handler  stm32g4xx_it.o
    0x0800481a   0x0800481a   0x00000002   PAD
    0x0800481c   0x0800481c   0x00000002   Code   RO           93    .text.NMI_Handler   stm32g4xx_it.o
    0x0800481e   0x0800481e   0x00000002   PAD
    0x08004820   0x08004820   0x000000c0   Code   RO         1074    .text.POT_Updata    pot.o
    0x080048e0   0x080048e0   0x00000002   Code   RO          107    .text.PendSV_Handler  stm32g4xx_it.o
    0x080048e2   0x080048e2   0x00000002   PAD
    0x080048e4   0x080048e4   0x00000ae6   Code   RO          975    .text.REG_8230_Init  lcd.o
    0x080053ca   0x080053ca   0x00000002   PAD
    0x080053cc   0x080053cc   0x0000151e   Code   RO          979    .text.REG_932X_Init  lcd.o
    0x080068ea   0x080068ea   0x00000002   PAD
    0x080068ec   0x080068ec   0x00000002   Code   RO          103    .text.SVC_Handler   stm32g4xx_it.o
    0x080068ee   0x080068ee   0x00000002   PAD
    0x080068f0   0x080068f0   0x00000032   Code   RO          109    .text.SysTick_Handler  stm32g4xx_it.o
    0x08006922   0x08006922   0x00000002   PAD
    0x08006924   0x08006924   0x00000012   Code   RO          958    .text.SystemInit    system_stm32g4xx.o
    0x08006936   0x08006936   0x00000002   PAD
    0x08006938   0x08006938   0x000000e6   Code   RO          777    .text.UART_AdvFeatureConfig  stm32g4xx_hal_uart.o
    0x08006a1e   0x08006a1e   0x00000002   PAD
    0x08006a20   0x08006a20   0x0000016a   Code   RO          781    .text.UART_CheckIdleState  stm32g4xx_hal_uart.o
    0x08006b8a   0x08006b8a   0x00000002   PAD
    0x08006b8c   0x08006b8c   0x0000000c   Code   RO          859    .text.UART_DMAAbortOnError  stm32g4xx_hal_uart.o
    0x08006b98   0x08006b98   0x000001b2   Code   RO          899    .text.UART_RxISR_16BIT  stm32g4xx_hal_uart.o
    0x08006d4a   0x08006d4a   0x00000002   PAD
    0x08006d4c   0x08006d4c   0x0000031e   Code   RO          895    .text.UART_RxISR_16BIT_FIFOEN  stm32g4xx_hal_uart.o
    0x0800706a   0x0800706a   0x00000002   PAD
    0x0800706c   0x0800706c   0x000001b6   Code   RO          901    .text.UART_RxISR_8BIT  stm32g4xx_hal_uart.o
    0x08007222   0x08007222   0x00000002   PAD
    0x08007224   0x08007224   0x00000322   Code   RO          897    .text.UART_RxISR_8BIT_FIFOEN  stm32g4xx_hal_uart.o
    0x08007546   0x08007546   0x00000002   PAD
    0x08007548   0x08007548   0x00000298   Code   RO          779    .text.UART_SetConfig  stm32g4xx_hal_uart.o
    0x080077e0   0x080077e0   0x00000262   Code   RO          811    .text.UART_Start_Receive_IT  stm32g4xx_hal_uart.o
    0x08007a42   0x08007a42   0x00000002   PAD
    0x08007a44   0x08007a44   0x00000336   Code   RO          795    .text.UART_WaitOnFlagUntilTimeout  stm32g4xx_hal_uart.o
    0x08007d7a   0x08007d7a   0x00000002   PAD
    0x08007d7c   0x08007d7c   0x000001d0   Code   RO           17    .text.UI_Proc       main.o
    0x08007f4c   0x08007f4c   0x0000000c   Code   RO          113    .text.USART1_IRQHandler  stm32g4xx_it.o
    0x08007f58   0x08007f58   0x00000002   Code   RO          101    .text.UsageFault_Handler  stm32g4xx_it.o
    0x08007f5a   0x08007f5a   0x00000006   PAD
    0x08007f60   0x08007f60   0x000001b0   Code   RO           11    .text.main          main.o
    0x08008110   0x08008110   0x0000003e   Code   RO         1199    CL$$btod_d2e        c_w.l(btod.o)
    0x0800814e   0x0800814e   0x00000046   Code   RO         1201    CL$$btod_d2e_denorm_low  c_w.l(btod.o)
    0x08008194   0x08008194   0x00000060   Code   RO         1200    CL$$btod_d2e_norm_op1  c_w.l(btod.o)
    0x080081f4   0x080081f4   0x00000338   Code   RO         1209    CL$$btod_div_common  c_w.l(btod.o)
    0x0800852c   0x0800852c   0x000000dc   Code   RO         1206    CL$$btod_e2e        c_w.l(btod.o)
    0x08008608   0x08008608   0x0000002a   Code   RO         1203    CL$$btod_ediv       c_w.l(btod.o)
    0x08008632   0x08008632   0x0000002a   Code   RO         1202    CL$$btod_emul       c_w.l(btod.o)
    0x0800865c   0x0800865c   0x00000244   Code   RO         1208    CL$$btod_mult_common  c_w.l(btod.o)
    0x080088a0   0x080088a0   0x00000030   Code   RO         1228    i.__ARM_fpclassify  m_wm.l(fpclassify.o)
    0x080088d0   0x080088d0   0x0000000e   Code   RO         1104    i._is_digit         c_w.l(__printf_wp.o)
    0x080088de   0x080088de   0x00000002   PAD
    0x080088e0   0x080088e0   0x0000002c   Code   RO         1224    locale$$code        c_w.l(lc_numeric_c.o)
    0x0800890c   0x0800890c   0x00000062   Code   RO         1125    x$fpl$d2f           fz_wm.l(d2f.o)
    0x0800896e   0x0800896e   0x00000002   PAD
    0x08008970   0x08008970   0x000002b8   Code   RO         1128    x$fpl$ddiv          fz_wm.l(ddiv.o)
    0x08008c28   0x08008c28   0x00000026   Code   RO         1131    x$fpl$dfltu         fz_wm.l(dflt_clz.o)
    0x08008c4e   0x08008c4e   0x00000002   PAD
    0x08008c50   0x08008c50   0x00000154   Code   RO         1137    x$fpl$dmul          fz_wm.l(dmul.o)
    0x08008da4   0x08008da4   0x0000009c   Code   RO         1159    x$fpl$dnaninf       fz_wm.l(dnaninf.o)
    0x08008e40   0x08008e40   0x0000000c   Code   RO         1161    x$fpl$dretinf       fz_wm.l(dretinf.o)
    0x08008e4c   0x08008e4c   0x00000056   Code   RO         1139    x$fpl$f2d           fz_wm.l(f2d.o)
    0x08008ea2   0x08008ea2   0x0000008c   Code   RO         1163    x$fpl$fnaninf       fz_wm.l(fnaninf.o)
    0x08008f2e   0x08008f2e   0x0000001a   Code   RO         1310    x$fpl$fpinit        fz_wm.l(fpinit.o)
    0x08008f48   0x08008f48   0x0000000a   Code   RO         1165    x$fpl$fretinf       fz_wm.l(fretinf.o)
    0x08008f52   0x08008f52   0x00000004   Code   RO         1141    x$fpl$printf1       fz_wm.l(printf1.o)
    0x08008f56   0x08008f56   0x00000000   Code   RO         1167    x$fpl$usenofp       fz_wm.l(usenofp.o)
    0x08008f56   0x08008f56   0x00000002   PAD
    0x08008f58   0x08008f58   0x00000094   Data   RO         1197    .constdata          c_w.l(bigflt0.o)
    0x08008fec   0x08008fec   0x00000010   Data   RO          963    .rodata.AHBPrescTable  system_stm32g4xx.o
    0x08008ffc   0x08008ffc   0x00000008   Data   RO          964    .rodata.APBPrescTable  system_stm32g4xx.o
    0x08009004   0x08009004   0x000011d0   Data   RO         1035    .rodata.ASCII_Table  lcd.o
    0x0800a1d4   0x0800a1d4   0x00000018   Data   RO          907    .rodata.UARTPrescTable  stm32g4xx_hal_uart.o
    0x0800a1ec   0x0800a1ec   0x00000010   Data   RO          908    .rodata.cst16       stm32g4xx_hal_uart.o
    0x0800a1fc   0x0800a1fc   0x00000010   Data   RO          949    .rodata.cst8        stm32g4xx_hal_uart_ex.o
    0x0800a20c   0x0800a20c   0x00000045   Data   RO           27    .rodata.str1.1      main.o
    0x0800a251   0x0800a251   0x00000003   PAD
    0x0800a254   0x0800a254   0x00000020   Data   RO         1386    Region$$Table       anon$$obj.o
    0x0800a274   0x0800a274   0x0000001c   Data   RO         1223    locale$$data        c_w.l(lc_numeric_c.o)


    Execution Region RW_IRAM1 (Exec base: 0x20000000, Load base: 0x0800a290, Size: 0x000008e8, Max: 0x00008000, ABSOLUTE)

    Exec Addr    Load Addr    Size         Type   Attr      Idx    E Section Name        Object

    0x20000000   0x0800a290   0x00000004   Data   RW           30    .data..L_MergedGlobals  main.o
    0x20000004   0x0800a294   0x00000008   Data   RW          338    .data..L_MergedGlobals  stm32g4xx_hal.o
    0x2000000c   0x0800a29c   0x00000002   Data   RW         1038    .data.BackColor     lcd.o
    0x2000000e   0x0800a29e   0x00000002   PAD
    0x20000010   0x0800a2a0   0x00000004   Data   RW          962    .data.SystemCoreClock  system_stm32g4xx.o
    0x20000014   0x0800a2a4   0x00000004   PAD
    0x20000018        -       0x00000060   Zero   RW         1231    .bss                c_w.l(libspace.o)
    0x20000078        -       0x00000050   Zero   RW           31    .bss..L_MergedGlobals.13  main.o
    0x200000c8        -       0x00000004   Zero   RW           59    .bss.HAL_RCC_ADC12_CLK_ENABLED  adc.o
    0x200000cc        -       0x00000032   Zero   RW           28    .bss.HAL_UARTEx_RxEventCallback.transmit_buff  main.o
    0x200000fe        -       0x00000002   Zero   RW         1037    .bss.TextColor      lcd.o
    0x20000100        -       0x00000002   Zero   RW         1036    .bss.dummy          lcd.o
    0x20000102   0x0800a2a4   0x00000002   PAD
    0x20000104        -       0x0000006c   Zero   RW           57    .bss.hadc1          adc.o
    0x20000170        -       0x0000006c   Zero   RW           58    .bss.hadc2          adc.o
    0x200001dc        -       0x00000060   Zero   RW           84    .bss.hdma_usart1_rx  usart.o
    0x2000023c        -       0x00000094   Zero   RW           83    .bss.huart1         usart.o
    0x200002d0        -       0x00000006   Zero   RW         1051    .bss.key            key.o
    0x200002d6        -       0x00000001   Zero   RW         1065    .bss.led            led.o
    0x200002d7   0x0800a2a4   0x00000001   PAD
    0x200002d8        -       0x00000008   Zero   RW         1076    .bss.pot            pot.o
    0x200002e0        -       0x00000004   Zero   RW          337    .bss.uwTick         stm32g4xx_hal.o
    0x200002e4   0x0800a2a4   0x00000004   PAD
    0x200002e8        -       0x00000200   Zero   RW            2    HEAP                startup_stm32g431xx.o
    0x200004e8        -       0x00000400   Zero   RW            1    STACK               startup_stm32g431xx.o


==============================================================================

Image component sizes


      Code (inc. data)   RO Data    RW Data    ZI Data      Debug   Object Name

       558          0          0          0        220       8052   adc.o
        70          0          0          0          0       3453   dma.o
       258          0          0          0          0       2479   gpio.o
       130          0          0          0          6       1573   key.o
     10402          0       4560          2          4      28278   lcd.o
       108          0          0          0          1       1723   led.o
      1790        202         69          4        130       9494   main.o
       192         16          0          0          8       1074   pot.o
        64         26        472          0       1536        848   startup_stm32g431xx.o
       188          0          0          8          4       8917   stm32g4xx_hal.o
      2422          0          0          0          0      28407   stm32g4xx_hal_adc.o
       396          0          0          0          0      22918   stm32g4xx_hal_adc_ex.o
       196          0          0          0          0      10415   stm32g4xx_hal_cortex.o
       690          0          0          0          0       9158   stm32g4xx_hal_dma.o
       456          0          0          0          0       5240   stm32g4xx_hal_gpio.o
        52          0          0          0          0       1764   stm32g4xx_hal_msp.o
       288          0          0          0          0       9344   stm32g4xx_hal_pwr_ex.o
      2216          0          0          0          0       9968   stm32g4xx_hal_rcc.o
       618          0          0          0          0      10784   stm32g4xx_hal_rcc_ex.o
      7322         48         40          0          0      41749   stm32g4xx_hal_uart.o
       478          0         16          0          0      11216   stm32g4xx_hal_uart_ex.o
        90          0          0          0          0       4862   stm32g4xx_it.o
        18          0         24          4          0       2769   system_stm32g4xx.o
       346          0          0          0        244       8567   usart.o

    ----------------------------------------------------------------------
     29476        292       5216         20       2164     243052   Object Totals
         0          0         32          0          0          0   (incl. Generated)
       128          0          3          2         11          0   (incl. Padding)

    ----------------------------------------------------------------------

      Code (inc. data)   RO Data    RW Data    ZI Data      Debug   Library Member Name

         8          0          0          0          0         68   __main.o
       284          0          0          0          0        156   __printf_wp.o
         0          0          0          0          0          0   __rtentry.o
        12          0          0          0          0          0   __rtentry2.o
         6          0          0          0          0          0   __rtentry4.o
        94          8          0          0          0          0   __scatter.o
        26          0          0          0          0          0   __scatter_copy.o
        28          0          0          0          0          0   __scatter_zi.o
        48          6          0          0          0         96   _printf_char_common.o
         6          0          0          0          0          0   _printf_d.o
       120         16          0          0          0         92   _printf_dec.o
         6          0          0          0          0          0   _printf_f.o
      1052          0          0          0          0        148   _printf_fp_dec.o
       128         16          0          0          0         84   _printf_fp_infnan.o
       178          0          0          0          0         88   _printf_intcommon.o
         0          0          0          0          0          0   _printf_percent.o
         4          0          0          0          0          0   _printf_percent_end.o
        10          0          0          0          0         68   _sputc.o
       228          4        148          0          0         96   bigflt0.o
      1936        128          0          0          0        668   btod.o
        18          0          0          0          0         80   exit.o
         6          0          0          0          0        152   heapauxi.o
         0          0          0          0          0          0   indicate_semi.o
        44         10         28          0          0         76   lc_numeric_c.o
         2          0          0          0          0          0   libinit.o
        22          0          0          0          0          0   libinit2.o
         2          0          0          0          0          0   libshutdown.o
         2          0          0          0          0          0   libshutdown2.o
         8          4          0          0         96         68   libspace.o
       138          0          0          0          0         80   lludiv10.o
       240          0          0          0          0        100   lludivv7m.o
        40          6          0          0          0         84   noretval__2sprintf.o
         8          4          0          0          0         68   rt_locale_intlibspace.o
        78          0          0          0          0         80   rt_memclr_w.o
         2          0          0          0          0          0   rtexit.o
        10          0          0          0          0          0   rtexit2.o
       124          0          0          0          0         88   strcmpv7em.o
        62          0          0          0          0         76   strlen.o
        12          4          0          0          0         68   sys_exit.o
        74          0          0          0          0         80   sys_stackheap_outer.o
         2          0          0          0          0         68   use_no_semi.o
        98          4          0          0          0        140   d2f.o
       696        140          0          0          0        264   ddiv.o
        38          0          0          0          0        116   dflt_clz.o
       340         12          0          0          0        152   dmul.o
       156          4          0          0          0        140   dnaninf.o
        12          0          0          0          0        116   dretinf.o
        86          4          0          0          0        132   f2d.o
       140          4          0          0          0        132   fnaninf.o
        26          0          0          0          0        116   fpinit.o
        10          0          0          0          0        116   fretinf.o
         4          0          0          0          0        116   printf1.o
         0          0          0          0          0          0   usenofp.o
        48          0          0          0          0        124   fpclassify.o

    ----------------------------------------------------------------------
      6748        374        176          0         96       4396   Library Totals
        26          0          0          0          0          0   (incl. Padding)

    ----------------------------------------------------------------------

      Code (inc. data)   RO Data    RW Data    ZI Data      Debug   Library Name

      5068        206        176          0         96       2732   c_w.l
      1606        168          0          0          0       1540   fz_wm.l
        48          0          0          0          0        124   m_wm.l

    ----------------------------------------------------------------------
      6748        374        176          0         96       4396   Library Totals

    ----------------------------------------------------------------------

==============================================================================


      Code (inc. data)   RO Data    RW Data    ZI Data      Debug   

     36224        666       5392         20       2260     244620   Grand Totals
     36224        666       5392         20       2260     244620   ELF Image Totals
     36224        666       5392         20          0          0   ROM Totals

==============================================================================

    Total RO  Size (Code + RO Data)                41616 (  40.64kB)
    Total RW  Size (RW Data + ZI Data)              2280 (   2.23kB)
    Total ROM Size (Code + RO Data + RW Data)      41636 (  40.66kB)

==============================================================================

