Component: Arm Compiler for Embedded 6.22 Tool: armlink [5ee90200]

==============================================================================

Section Cross References

    startup_stm32g431xx.o(STACK) refers (Special) to heapauxi.o(.text) for __use_two_region_memory
    startup_stm32g431xx.o(HEAP) refers (Special) to heapauxi.o(.text) for __use_two_region_memory
    startup_stm32g431xx.o(RESET) refers (Special) to heapauxi.o(.text) for __use_two_region_memory
    startup_stm32g431xx.o(RESET) refers to startup_stm32g431xx.o(STACK) for __initial_sp
    startup_stm32g431xx.o(RESET) refers to startup_stm32g431xx.o(.text) for Reset_Handler
    startup_stm32g431xx.o(RESET) refers to stm32g4xx_it.o(.text.NMI_Handler) for NMI_Handler
    startup_stm32g431xx.o(RESET) refers to stm32g4xx_it.o(.text.HardFault_Handler) for HardFault_Handler
    startup_stm32g431xx.o(RESET) refers to stm32g4xx_it.o(.text.MemManage_Handler) for MemManage_Handler
    startup_stm32g431xx.o(RESET) refers to stm32g4xx_it.o(.text.BusFault_Handler) for BusFault_Handler
    startup_stm32g431xx.o(RESET) refers to stm32g4xx_it.o(.text.UsageFault_Handler) for UsageFault_Handler
    startup_stm32g431xx.o(RESET) refers to stm32g4xx_it.o(.text.SVC_Handler) for SVC_Handler
    startup_stm32g431xx.o(RESET) refers to stm32g4xx_it.o(.text.DebugMon_Handler) for DebugMon_Handler
    startup_stm32g431xx.o(RESET) refers to stm32g4xx_it.o(.text.PendSV_Handler) for PendSV_Handler
    startup_stm32g431xx.o(RESET) refers to stm32g4xx_it.o(.text.SysTick_Handler) for SysTick_Handler
    startup_stm32g431xx.o(RESET) refers to stm32g4xx_it.o(.text.TIM3_IRQHandler) for TIM3_IRQHandler
    startup_stm32g431xx.o(.text) refers (Special) to heapauxi.o(.text) for __use_two_region_memory
    startup_stm32g431xx.o(.text) refers to system_stm32g4xx.o(.text.SystemInit) for SystemInit
    startup_stm32g431xx.o(.text) refers to __main.o(!!!main) for __main
    startup_stm32g431xx.o(.text) refers to startup_stm32g431xx.o(HEAP) for Heap_Mem
    startup_stm32g431xx.o(.text) refers to startup_stm32g431xx.o(STACK) for Stack_Mem
    main.o(.text) refers (Special) to _printf_percent.o(.ARM.Collect$$_printf_percent$$00000000) for _printf_percent
    main.o(.text) refers (Special) to _printf_pad.o(.text) for _printf_pre_padding
    main.o(.text) refers (Special) to _printf_c.o(.ARM.Collect$$_printf_percent$$00000013) for _printf_c
    main.o(.text) refers (Special) to _printf_d.o(.ARM.Collect$$_printf_percent$$00000009) for _printf_d
    main.o(.text) refers (Special) to _printf_f.o(.ARM.Collect$$_printf_percent$$00000003) for _printf_f
    main.o(.text) refers (Special) to _printf_dec.o(.text) for _printf_int_dec
    main.o(.text) refers (Special) to printf1.o(x$fpl$printf1) for _printf_fp_dec
    main.o(.text) refers (Special) to _printf_str.o(.text) for _printf_str
    main.o(.text.Ui_Proc) refers (Special) to _printf_percent.o(.ARM.Collect$$_printf_percent$$00000000) for _printf_percent
    main.o(.text.Ui_Proc) refers (Special) to _printf_pad.o(.text) for _printf_pre_padding
    main.o(.text.Ui_Proc) refers (Special) to _printf_c.o(.ARM.Collect$$_printf_percent$$00000013) for _printf_c
    main.o(.text.Ui_Proc) refers (Special) to _printf_d.o(.ARM.Collect$$_printf_percent$$00000009) for _printf_d
    main.o(.text.Ui_Proc) refers (Special) to _printf_f.o(.ARM.Collect$$_printf_percent$$00000003) for _printf_f
    main.o(.text.Ui_Proc) refers (Special) to _printf_dec.o(.text) for _printf_int_dec
    main.o(.text.Ui_Proc) refers (Special) to printf1.o(x$fpl$printf1) for _printf_fp_dec
    main.o(.text.Ui_Proc) refers (Special) to _printf_str.o(.text) for _printf_str
    main.o(.text.Ui_Proc) refers to main.o(.data.sys) for sys
    main.o(.text.Ui_Proc) refers to lcd.o(.text.LCD_DisplayStringLine) for LCD_DisplayStringLine
    main.o(.text.Ui_Proc) refers to noretval__2sprintf.o(.text) for __2sprintf
    main.o(.text.Ui_Proc) refers to pwm.o(.data.pwm) for pwm
    main.o(.text.Ui_Proc) refers to pulse.o(.data.pulse) for pulse
    main.o(.text.Ui_Proc) refers to main.o(.rodata.str1.1) for .L.str.7
    main.o(.text.Ui_Proc) refers to f2d.o(x$fpl$f2d) for __aeabi_f2d
    main.o(.ARM.exidx.text.Ui_Proc) refers (Special) to _printf_percent.o(.ARM.Collect$$_printf_percent$$00000000) for _printf_percent
    main.o(.ARM.exidx.text.Ui_Proc) refers (Special) to _printf_pad.o(.text) for _printf_pre_padding
    main.o(.ARM.exidx.text.Ui_Proc) refers (Special) to _printf_c.o(.ARM.Collect$$_printf_percent$$00000013) for _printf_c
    main.o(.ARM.exidx.text.Ui_Proc) refers (Special) to _printf_d.o(.ARM.Collect$$_printf_percent$$00000009) for _printf_d
    main.o(.ARM.exidx.text.Ui_Proc) refers (Special) to _printf_f.o(.ARM.Collect$$_printf_percent$$00000003) for _printf_f
    main.o(.ARM.exidx.text.Ui_Proc) refers (Special) to _printf_dec.o(.text) for _printf_int_dec
    main.o(.ARM.exidx.text.Ui_Proc) refers (Special) to printf1.o(x$fpl$printf1) for _printf_fp_dec
[...]
    .text                                    0x08000d04   Section        8  libspace.o(.text)
    .text                                    0x08000d0c   Section       74  sys_stackheap_outer.o(.text)
    .text                                    0x08000d56   Section        0  exit.o(.text)
    .text                                    0x08000d68   Section      124  strcmpv7em.o(.text)
    .text                                    0x08000de4   Section        0  sys_exit.o(.text)
    .text                                    0x08000df0   Section        2  use_no_semi.o(.text)
    .text                                    0x08000df2   Section        0  indicate_semi.o(.text)
    [Anonymous Symbol]                       0x08000df4   Section        0  stm32g4xx_hal_adc.o(.text.ADC_Disable)
    [Anonymous Symbol]                       0x08000e70   Section        0  stm32g4xx_hal_adc.o(.text.ADC_Enable)
    [Anonymous Symbol]                       0x08000f68   Section        0  stm32g4xx_it.o(.text.BusFault_Handler)
    [Anonymous Symbol]                       0x08000f6c   Section        0  stm32g4xx_it.o(.text.DebugMon_Handler)
    [Anonymous Symbol]                       0x08000f70   Section        0  main.o(.text.Error_Handler)
    [Anonymous Symbol]                       0x08000f7c   Section        0  stm32g4xx_hal_adc_ex.o(.text.HAL_ADCEx_Calibration_Start)
    [Anonymous Symbol]                       0x08001050   Section        0  stm32g4xx_hal_adc.o(.text.HAL_ADC_ConfigChannel)
    [Anonymous Symbol]                       0x080013ec   Section        0  stm32g4xx_hal_adc.o(.text.HAL_ADC_GetValue)
    [Anonymous Symbol]                       0x080013f4   Section        0  stm32g4xx_hal_adc.o(.text.HAL_ADC_Init)
    [Anonymous Symbol]                       0x0800161c   Section        0  adc.o(.text.HAL_ADC_MspInit)
    [Anonymous Symbol]                       0x080016b0   Section        0  stm32g4xx_hal_adc.o(.text.HAL_ADC_PollForConversion)
    [Anonymous Symbol]                       0x08001804   Section        0  stm32g4xx_hal_adc.o(.text.HAL_ADC_Start)
    [Anonymous Symbol]                       0x080018f0   Section        0  stm32g4xx_hal.o(.text.HAL_Delay)
    [Anonymous Symbol]                       0x08001918   Section        0  stm32g4xx_hal_gpio.o(.text.HAL_GPIO_Init)
    [Anonymous Symbol]                       0x08001acc   Section        0  stm32g4xx_hal_gpio.o(.text.HAL_GPIO_ReadPin)
    [Anonymous Symbol]                       0x08001ad8   Section        0  stm32g4xx_hal_gpio.o(.text.HAL_GPIO_WritePin)
    [Anonymous Symbol]                       0x08001ae4   Section        0  stm32g4xx_hal.o(.text.HAL_GetTick)
    [Anonymous Symbol]                       0x08001af0   Section        0  stm32g4xx_hal.o(.text.HAL_IncTick)
    [Anonymous Symbol]                       0x08001b0c   Section        0  stm32g4xx_hal.o(.text.HAL_Init)
    [Anonymous Symbol]                       0x08001b2c   Section        0  stm32g4xx_hal.o(.text.HAL_InitTick)
    [Anonymous Symbol]                       0x08001b7c   Section        0  stm32g4xx_hal_msp.o(.text.HAL_MspInit)
    [Anonymous Symbol]                       0x08001bb0   Section        0  stm32g4xx_hal_cortex.o(.text.HAL_NVIC_EnableIRQ)
    [Anonymous Symbol]                       0x08001bd4   Section        0  stm32g4xx_hal_cortex.o(.text.HAL_NVIC_SetPriority)
    [Anonymous Symbol]                       0x08001c2c   Section        0  stm32g4xx_hal_cortex.o(.text.HAL_NVIC_SetPriorityGrouping)
    [Anonymous Symbol]                       0x08001c4c   Section        0  stm32g4xx_hal_pwr_ex.o(.text.HAL_PWREx_ControlVoltageScaling)
    [Anonymous Symbol]                       0x08001d5c   Section        0  stm32g4xx_hal_pwr_ex.o(.text.HAL_PWREx_DisableUCPDDeadBattery)
    [Anonymous Symbol]                       0x08001d70   Section        0  stm32g4xx_hal_rcc_ex.o(.text.HAL_RCCEx_PeriphCLKConfig)
    [Anonymous Symbol]                       0x08001fdc   Section        0  stm32g4xx_hal_rcc.o(.text.HAL_RCC_ClockConfig)
    [Anonymous Symbol]                       0x080022e0   Section        0  stm32g4xx_hal_rcc.o(.text.HAL_RCC_OscConfig)
    [Anonymous Symbol]                       0x080027b0   Section        0  stm32g4xx_hal_cortex.o(.text.HAL_SYSTICK_Config)
    [Anonymous Symbol]                       0x080027dc   Section        0  stm32g4xx_hal_tim_ex.o(.text.HAL_TIMEx_Break2Callback)
    [Anonymous Symbol]                       0x080027e0   Section        0  stm32g4xx_hal_tim_ex.o(.text.HAL_TIMEx_BreakCallback)
    [Anonymous Symbol]                       0x080027e4   Section        0  stm32g4xx_hal_tim_ex.o(.text.HAL_TIMEx_CommutCallback)
    [Anonymous Symbol]                       0x080027e8   Section        0  stm32g4xx_hal_tim_ex.o(.text.HAL_TIMEx_DirectionChangeCallback)
    [Anonymous Symbol]                       0x080027ec   Section        0  stm32g4xx_hal_tim_ex.o(.text.HAL_TIMEx_EncoderIndexCallback)
    [Anonymous Symbol]                       0x080027f0   Section        0  stm32g4xx_hal_tim_ex.o(.text.HAL_TIMEx_IndexErrorCallback)
    [Anonymous Symbol]                       0x080027f4   Section        0  stm32g4xx_hal_tim_ex.o(.text.HAL_TIMEx_MasterConfigSynchronization)
    [Anonymous Symbol]                       0x0800289c   Section        0  stm32g4xx_hal_tim_ex.o(.text.HAL_TIMEx_TransitionErrorCallback)
    [Anonymous Symbol]                       0x080028a0   Section        0  stm32g4xx_hal_tim.o(.text.HAL_TIM_Base_Init)
    [Anonymous Symbol]                       0x08002904   Section        0  tim.o(.text.HAL_TIM_Base_MspInit)
    [Anonymous Symbol]                       0x080029ac   Section        0  stm32g4xx_hal_tim.o(.text.HAL_TIM_ConfigClockSource)
    [Anonymous Symbol]                       0x08002bb0   Section        0  pulse.o(.text.HAL_TIM_IC_CaptureCallback)
    [Anonymous Symbol]                       0x08002bc8   Section        0  stm32g4xx_hal_tim.o(.text.HAL_TIM_IC_ConfigChannel)
    [Anonymous Symbol]                       0x08002d70   Section        0  stm32g4xx_hal_tim.o(.text.HAL_TIM_IC_Init)
    [Anonymous Symbol]                       0x08002dd4   Section        0  stm32g4xx_hal_tim.o(.text.HAL_TIM_IC_MspInit)
    [Anonymous Symbol]                       0x08002dd8   Section        0  stm32g4xx_hal_tim.o(.text.HAL_TIM_IC_Start_IT)
    [Anonymous Symbol]                       0x08002f60   Section        0  stm32g4xx_hal_tim.o(.text.HAL_TIM_IRQHandler)
    [Anonymous Symbol]                       0x0800312c   Section        0  stm32g4xx_hal_tim.o(.text.HAL_TIM_OC_DelayElapsedCallback)
    [Anonymous Symbol]                       0x08003130   Section        0  stm32g4xx_hal_tim.o(.text.HAL_TIM_PWM_ConfigChannel)
    [Anonymous Symbol]                       0x080034f8   Section        0  stm32g4xx_hal_tim.o(.text.HAL_TIM_PWM_Init)
    [Anonymous Symbol]                       0x0800355c   Section        0  stm32g4xx_hal_tim.o(.text.HAL_TIM_PWM_MspInit)
    [Anonymous Symbol]                       0x08003560   Section        0  stm32g4xx_hal_tim.o(.text.HAL_TIM_PWM_PulseFinishedCallback)
    [Anonymous Symbol]                       0x08003564   Section        0  stm32g4xx_hal_tim.o(.text.HAL_TIM_PWM_Start)
    [Anonymous Symbol]                       0x080036d0   Section        0  stm32g4xx_hal_tim.o(.text.HAL_TIM_PeriodElapsedCallback)
    [Anonymous Symbol]                       0x080036d4   Section        0  stm32g4xx_hal_tim.o(.text.HAL_TIM_ReadCapturedValue)
    [Anonymous Symbol]                       0x080036ec   Section        0  stm32g4xx_hal_tim.o(.text.HAL_TIM_TriggerCallback)
    [Anonymous Symbol]                       0x080036f0   Section        0  stm32g4xx_it.o(.text.HardFault_Handler)
    [Anonymous Symbol]                       0x080036f4   Section        0  key.o(.text.Key_GetFlag)
    [Anonymous Symbol]                       0x0800370c   Section        0  key.o(.text.Key_Scan)
    [Anonymous Symbol]                       0x080037a4   Section        0  lcd.o(.text.LCD_Clear)
    [Anonymous Symbol]                       0x08003a28   Section        0  lcd.o(.text.LCD_DisplayStringLine)
    [Anonymous Symbol]                       0x08003a74   Section        0  lcd.o(.text.LCD_DrawChar)
    [Anonymous Symbol]                       0x08003ddc   Section        0  lcd.o(.text.LCD_Init)
    [Anonymous Symbol]                       0x08004014   Section        0  lcd.o(.text.LCD_SetBackColor)
    [Anonymous Symbol]                       0x0800402c   Section        0  lcd.o(.text.LCD_SetTextColor)
    [Anonymous Symbol]                       0x08004044   Section        0  led.o(.text.Led_Set)
    [Anonymous Symbol]                       0x08004080   Section        0  adc.o(.text.MX_ADC2_Init)
    [Anonymous Symbol]                       0x08004104   Section        0  gpio.o(.text.MX_GPIO_Init)
    [Anonymous Symbol]                       0x080041f0   Section        0  tim.o(.text.MX_TIM2_Init)
    [Anonymous Symbol]                       0x080042fc   Section        0  tim.o(.text.MX_TIM3_Init)
    [Anonymous Symbol]                       0x080043b8   Section        0  stm32g4xx_it.o(.text.MemManage_Handler)
    [Anonymous Symbol]                       0x080043bc   Section        0  stm32g4xx_it.o(.text.NMI_Handler)
    [Anonymous Symbol]                       0x080043c0   Section        0  stm32g4xx_it.o(.text.PendSV_Handler)
    [Anonymous Symbol]                       0x080043c8   Section        0  pot.o(.text.Pot_Updata)
    [Anonymous Symbol]                       0x08004450   Section        0  pulse.o(.text.Pulse_Updata)
    [Anonymous Symbol]                       0x08004518   Section        0  pwm.o(.text.Pwm_Updata)
    [Anonymous Symbol]                       0x0800456c   Section        0  lcd.o(.text.REG_8230_Init)
    [Anonymous Symbol]                       0x08005054   Section        0  lcd.o(.text.REG_932X_Init)
    [Anonymous Symbol]                       0x08006574   Section        0  stm32g4xx_it.o(.text.SVC_Handler)
    [Anonymous Symbol]                       0x08006578   Section        0  stm32g4xx_it.o(.text.SysTick_Handler)
    [Anonymous Symbol]                       0x080065a8   Section        0  system_stm32g4xx.o(.text.SystemInit)
    [Anonymous Symbol]                       0x080065bc   Section        0  stm32g4xx_it.o(.text.TIM3_IRQHandler)
    [Anonymous Symbol]                       0x080065c8   Section        0  stm32g4xx_hal_tim.o(.text.TIM_Base_SetConfig)
    [Anonymous Symbol]                       0x080066fc   Section        0  main.o(.text.Ui_Proc)
    [Anonymous Symbol]                       0x080068a0   Section        0  stm32g4xx_it.o(.text.UsageFault_Handler)
    [Anonymous Symbol]                       0x080068a4   Section        0  main.o(.text.main)
    CL$$btod_d2e                             0x08006b90   Section       62  btod.o(CL$$btod_d2e)
    CL$$btod_d2e_denorm_low                  0x08006bce   Section       70  btod.o(CL$$btod_d2e_denorm_low)
    CL$$btod_d2e_norm_op1                    0x08006c14   Section       96  btod.o(CL$$btod_d2e_norm_op1)
    CL$$btod_div_common                      0x08006c74   Section      824  btod.o(CL$$btod_div_common)
    CL$$btod_e2e                             0x08006fac   Section      220  btod.o(CL$$btod_e2e)
    CL$$btod_ediv                            0x08007088   Section       42  btod.o(CL$$btod_ediv)
    CL$$btod_emul                            0x080070b2   Section       42  btod.o(CL$$btod_emul)
    CL$$btod_mult_common                     0x080070dc   Section      580  btod.o(CL$$btod_mult_common)
    i.__ARM_fpclassify                       0x08007320   Section        0  fpclassify.o(i.__ARM_fpclassify)
    i._is_digit                              0x08007350   Section        0  __printf_wp.o(i._is_digit)
    locale$$code                             0x08007360   Section       44  lc_numeric_c.o(locale$$code)
    $v0                                      0x0800738c   Number         0  d2f.o(x$fpl$d2f)
    x$fpl$d2f                                0x0800738c   Section       98  d2f.o(x$fpl$d2f)
    $v0                                      0x080073ee   Number         0  dcmpi.o(x$fpl$dcmpinf)
    x$fpl$dcmpinf                            0x080073ee   Section       24  dcmpi.o(x$fpl$dcmpinf)
    $v0                                      0x08007408   Number         0  ddiv.o(x$fpl$ddiv)
    x$fpl$ddiv                               0x08007408   Section      696  ddiv.o(x$fpl$ddiv)
    ddiv_entry                               0x0800740f   Thumb Code     0  ddiv.o(x$fpl$ddiv)
    $v0                                      0x080076c0   Number         0  deqf.o(x$fpl$deqf)
    x$fpl$deqf                               0x080076c0   Section      120  deqf.o(x$fpl$deqf)
    $v0                                      0x08007738   Number         0  dflt_clz.o(x$fpl$dflt)
    x$fpl$dflt                               0x08007738   Section       46  dflt_clz.o(x$fpl$dflt)
    $v0                                      0x08007766   Number         0  dflt_clz.o(x$fpl$dfltu)
    x$fpl$dfltu                              0x08007766   Section       38  dflt_clz.o(x$fpl$dfltu)
    $v0                                      0x0800778c   Number         0  dgeqf.o(x$fpl$dgeqf)
    x$fpl$dgeqf                              0x0800778c   Section      120  dgeqf.o(x$fpl$dgeqf)
    $v0                                      0x08007804   Number         0  dleqf.o(x$fpl$dleqf)
    x$fpl$dleqf                              0x08007804   Section      120  dleqf.o(x$fpl$dleqf)
    $v0                                      0x0800787c   Number         0  dmul.o(x$fpl$dmul)
    x$fpl$dmul                               0x0800787c   Section      340  dmul.o(x$fpl$dmul)
    $v0                                      0x080079d0   Number         0  dnaninf.o(x$fpl$dnaninf)
    x$fpl$dnaninf                            0x080079d0   Section      156  dnaninf.o(x$fpl$dnaninf)
    $v0                                      0x08007a6c   Number         0  dretinf.o(x$fpl$dretinf)
    x$fpl$dretinf                            0x08007a6c   Section       12  dretinf.o(x$fpl$dretinf)
    $v0                                      0x08007a78   Number         0  f2d.o(x$fpl$f2d)
    x$fpl$f2d                                0x08007a78   Section       86  f2d.o(x$fpl$f2d)
    $v0                                      0x08007ace   Number         0  dcmp.o(x$fpl$fcmp)
    x$fpl$fcmp                               0x08007ace   Section       84  dcmp.o(x$fpl$fcmp)
    $v0                                      0x08007b22   Number         0  fnaninf.o(x$fpl$fnaninf)
    x$fpl$fnaninf                            0x08007b22   Section      140  fnaninf.o(x$fpl$fnaninf)
    $v0                                      0x08007bae   Number         0  fpinit.o(x$fpl$fpinit)
    x$fpl$fpinit                             0x08007bae   Section       26  fpinit.o(x$fpl$fpinit)
    $v0                                      0x08007bc8   Number         0  fretinf.o(x$fpl$fretinf)
    x$fpl$fretinf                            0x08007bc8   Section       10  fretinf.o(x$fpl$fretinf)
    $v0                                      0x08007bd2   Number         0  printf1.o(x$fpl$printf1)
    x$fpl$printf1                            0x08007bd2   Section        4  printf1.o(x$fpl$printf1)
    maptable                                 0x08007bd6   Data          17  __printf_flags_wp.o(.constdata)
    .constdata                               0x08007bd6   Section       17  __printf_flags_wp.o(.constdata)
    x$fpl$usenofp                            0x08007bd6   Section        0  usenofp.o(x$fpl$usenofp)
    tenpwrs_x                                0x08007be8   Data          60  bigflt0.o(.constdata)
    .constdata                               0x08007be8   Section      148  bigflt0.o(.constdata)
    tenpwrs_i                                0x08007c24   Data          64  bigflt0.o(.constdata)
    .Lswitch.table.HAL_TIM_IC_Start_IT       0x08008e5c   Data          16  stm32g4xx_hal_tim.o(.rodata.cst16)
    .Lswitch.table.HAL_TIM_IC_Stop_IT        0x08008e6c   Data          16  stm32g4xx_hal_tim.o(.rodata.cst16)
    .Lswitch.table.HAL_TIM_IC_Stop_DMA       0x08008e7c   Data          16  stm32g4xx_hal_tim.o(.rodata.cst16)
    .L.str.7                                 0x08008e8c   Data          13  main.o(.rodata.str1.1)
    [Anonymous Symbol]                       0x08008e8c   Section        0  main.o(.rodata.str1.1)
    locale$$data                             0x08008ebc   Section       28  lc_numeric_c.o(locale$$data)
    __lcnum_c_name                           0x08008ec0   Data           2  lc_numeric_c.o(locale$$data)
    __lcnum_c_start                          0x08008ec8   Data           0  lc_numeric_c.o(locale$$data)
    __lcnum_c_point                          0x08008ed4   Data           0  lc_numeric_c.o(locale$$data)
    __lcnum_c_thousands                      0x08008ed6   Data           0  lc_numeric_c.o(locale$$data)
    __lcnum_c_grouping                       0x08008ed7   Data           0  lc_numeric_c.o(locale$$data)
    __lcnum_c_end                            0x08008ed8   Data           0  lc_numeric_c.o(locale$$data)
    .L_MergedGlobals                         0x20000000   Data           8  stm32g4xx_hal.o(.data..L_MergedGlobals)
    [Anonymous Symbol]                       0x20000000   Section        0  stm32g4xx_hal.o(.data..L_MergedGlobals)
    BackColor                                0x20000008   Data           2  lcd.o(.data.BackColor)
    [Anonymous Symbol]                       0x20000008   Section        0  lcd.o(.data.BackColor)
    .bss                                     0x20000060   Section       96  libspace.o(.bss)
    Key_Proc.line                            0x200000c0   Data           1  main.o(.bss.Key_Proc.line)
    [Anonymous Symbol]                       0x200000c0   Section        0  main.o(.bss.Key_Proc.line)
    TextColor                                0x200000c2   Data           2  lcd.o(.bss.TextColor)
    [Anonymous Symbol]                       0x200000c2   Section        0  lcd.o(.bss.TextColor)
    key_flag                                 0x200001cc   Data           4  key.o(.bss.key_flag)
    [Anonymous Symbol]                       0x200001cc   Section        0  key.o(.bss.key_flag)
    Heap_Mem                                 0x200001e0   Data         512  startup_stm32g431xx.o(HEAP)
    HEAP                                     0x200001e0   Section      512  startup_stm32g431xx.o(HEAP)
    Stack_Mem                                0x200003e0   Data        1024  startup_stm32g431xx.o(STACK)
    STACK                                    0x200003e0   Section     1024  startup_stm32g431xx.o(STACK)
    __initial_sp                             0x200007e0   Data           0  startup_stm32g431xx.o(STACK)

    Global Symbols

    Symbol Name                              Value     Ov Type        Size  Object(Section)

    BuildAttributes$$THM_ISAv4$E$P$D$K$B$S$7EM$VFPi3$EXTD16$VFPS$VFMA$PE$A:L22UL41UL21$X:L11$S22US41US21$IEEE1$IW$~IW$USESV6$~STKCKD$USESV7$~SHL$OTIME$ROPI$IEEEJ$EBA8$UX$STANDARDLIB$REQ8$PRES8$EABIv2 0x00000000   Number         0  anon$$obj.o ABSOLUTE
    _printf_flags                            0x00000000   Number         0  printf_stubs.o ABSOLUTE
    _printf_return_value                     0x00000000   Number         0  printf_stubs.o ABSOLUTE
    _printf_sizespec                         0x00000000   Number         0  printf_stubs.o ABSOLUTE
    _printf_widthprec                        0x00000000   Number         0  printf_stubs.o ABSOLUTE
    __ARM_exceptions_init                     - Undefined Weak Reference
    __alloca_initialize                       - Undefined Weak Reference
    __arm_preinit_                            - Undefined Weak Reference
    __arm_relocate_pie_                       - Undefined Weak Reference
    __cpp_initialize__aeabi_                  - Undefined Weak Reference
    __cxa_finalize                            - Undefined Weak Reference
    __sigvec_lookup                           - Undefined Weak Reference
    _atexit_init                              - Undefined Weak Reference
    _call_atexit_fns                          - Undefined Weak Reference
    _clock_init                               - Undefined Weak Reference
    _fp_trap_init                             - Undefined Weak Reference
    _fp_trap_shutdown                         - Undefined Weak Reference
    _get_lc_collate                           - Undefined Weak Reference
    _get_lc_ctype                             - Undefined Weak Reference
    _get_lc_monetary                          - Undefined Weak Reference
    _get_lc_time                              - Undefined Weak Reference
    _getenv_init                              - Undefined Weak Reference
    _handle_redirection                       - Undefined Weak Reference
    _init_alloc                               - Undefined Weak Reference
    _init_user_alloc                          - Undefined Weak Reference
    _initio                                   - Undefined Weak Reference
    _printf_mbtowc                            - Undefined Weak Reference
    _printf_truncate_signed                   - Undefined Weak Reference
    _printf_truncate_unsigned                 - Undefined Weak Reference
    _rand_init                                - Undefined Weak Reference
    _signal_finish                            - Undefined Weak Reference
    _signal_init                              - Undefined Weak Reference
    _terminate_alloc                          - Undefined Weak Reference
    _terminate_user_alloc                     - Undefined Weak Reference
    _terminateio                              - Undefined Weak Reference
    __Vectors_Size                           0x000001d8   Number         0  startup_stm32g431xx.o ABSOLUTE
    __Vectors                                0x08000000   Data           4  startup_stm32g431xx.o(RESET)
    __Vectors_End                            0x080001d8   Data           0  startup_stm32g431xx.o(RESET)
    __main                                   0x080001d9   Thumb Code     8  __main.o(!!!main)
    __scatterload                            0x080001e1   Thumb Code     0  __scatter.o(!!!scatter)
    __scatterload_rt2                        0x080001e1   Thumb Code    84  __scatter.o(!!!scatter)
    __scatterload_rt2_thumb_only             0x080001e1   Thumb Code     0  __scatter.o(!!!scatter)
    __scatterload_loop                       0x080001eb   Thumb Code     0  __scatter.o(!!!scatter)
    __scatterload_copy                       0x0800023d   Thumb Code    26  __scatter_copy.o(!!handler_copy)
    __scatterload_null                       0x08000259   Thumb Code     2  __scatter.o(!!handler_null)
    __scatterload_zeroinit                   0x0800025d   Thumb Code    28  __scatter_zi.o(!!handler_zi)
    _printf_f                                0x08000279   Thumb Code     0  _printf_f.o(.ARM.Collect$$_printf_percent$$00000003)
    _printf_percent                          0x08000279   Thumb Code     0  _printf_percent.o(.ARM.Collect$$_printf_percent$$00000000)
    _printf_d                                0x0800027f   Thumb Code     0  _printf_d.o(.ARM.Collect$$_printf_percent$$00000009)
    _printf_c                                0x08000285   Thumb Code     0  _printf_c.o(.ARM.Collect$$_printf_percent$$00000013)
    _printf_percent_end                      0x0800028b   Thumb Code     0  _printf_percent_end.o(.ARM.Collect$$_printf_percent$$00000017)
    __rt_lib_init                            0x0800028f   Thumb Code     0  libinit.o(.ARM.Collect$$libinit$$00000000)
    __rt_lib_init_fp_1                       0x08000291   Thumb Code     0  libinit2.o(.ARM.Collect$$libinit$$00000001)
    __rt_lib_init_heap_1                     0x08000295   Thumb Code     0  libinit2.o(.ARM.Collect$$libinit$$0000000C)
    __rt_lib_init_lc_common                  0x08000295   Thumb Code     0  libinit2.o(.ARM.Collect$$libinit$$00000011)
    __rt_lib_init_preinit_1                  0x08000295   Thumb Code     0  libinit2.o(.ARM.Collect$$libinit$$00000006)
    __rt_lib_init_rand_1                     0x08000295   Thumb Code     0  libinit2.o(.ARM.Collect$$libinit$$00000010)
    __rt_lib_init_relocate_pie_1             0x08000295   Thumb Code     0  libinit2.o(.ARM.Collect$$libinit$$00000004)
    __rt_lib_init_user_alloc_1               0x08000295   Thumb Code     0  libinit2.o(.ARM.Collect$$libinit$$0000000E)
    __rt_lib_init_lc_collate_1               0x0800029b   Thumb Code     0  libinit2.o(.ARM.Collect$$libinit$$00000013)
    __rt_lib_init_lc_ctype_1                 0x0800029b   Thumb Code     0  libinit2.o(.ARM.Collect$$libinit$$00000015)
    __rt_lib_init_lc_monetary_1              0x0800029b   Thumb Code     0  libinit2.o(.ARM.Collect$$libinit$$00000017)
    __rt_lib_init_lc_numeric_2               0x0800029b   Thumb Code     0  libinit2.o(.ARM.Collect$$libinit$$00000018)
    __rt_lib_init_alloca_1                   0x080002a5   Thumb Code     0  libinit2.o(.ARM.Collect$$libinit$$00000030)
    __rt_lib_init_argv_1                     0x080002a5   Thumb Code     0  libinit2.o(.ARM.Collect$$libinit$$0000002E)
    __rt_lib_init_atexit_1                   0x080002a5   Thumb Code     0  libinit2.o(.ARM.Collect$$libinit$$0000001D)
    __rt_lib_init_clock_1                    0x080002a5   Thumb Code     0  libinit2.o(.ARM.Collect$$libinit$$00000023)
    __rt_lib_init_cpp_1                      0x080002a5   Thumb Code     0  libinit2.o(.ARM.Collect$$libinit$$00000034)
    __rt_lib_init_exceptions_1               0x080002a5   Thumb Code     0  libinit2.o(.ARM.Collect$$libinit$$00000032)
    __rt_lib_init_fp_trap_1                  0x080002a5   Thumb Code     0  libinit2.o(.ARM.Collect$$libinit$$00000021)
    __rt_lib_init_getenv_1                   0x080002a5   Thumb Code     0  libinit2.o(.ARM.Collect$$libinit$$00000025)
    __rt_lib_init_lc_numeric_1               0x080002a5   Thumb Code     0  libinit2.o(.ARM.Collect$$libinit$$00000019)
    __rt_lib_init_lc_time_1                  0x080002a5   Thumb Code     0  libinit2.o(.ARM.Collect$$libinit$$0000001B)
    __rt_lib_init_return                     0x080002a5   Thumb Code     0  libinit2.o(.ARM.Collect$$libinit$$00000035)
    __rt_lib_init_signal_1                   0x080002a5   Thumb Code     0  libinit2.o(.ARM.Collect$$libinit$$0000001F)
    __rt_lib_init_stdio_1                    0x080002a5   Thumb Code     0  libinit2.o(.ARM.Collect$$libinit$$00000027)
    __rt_lib_shutdown                        0x080002a7   Thumb Code     0  libshutdown.o(.ARM.Collect$$libshutdown$$00000000)
    __rt_lib_shutdown_cpp_1                  0x080002a9   Thumb Code     0  libshutdown2.o(.ARM.Collect$$libshutdown$$00000002)
    __rt_lib_shutdown_fp_trap_1              0x080002a9   Thumb Code     0  libshutdown2.o(.ARM.Collect$$libshutdown$$00000007)
    __rt_lib_shutdown_heap_1                 0x080002a9   Thumb Code     0  libshutdown2.o(.ARM.Collect$$libshutdown$$0000000F)
    __rt_lib_shutdown_return                 0x080002a9   Thumb Code     0  libshutdown2.o(.ARM.Collect$$libshutdown$$00000010)
    __rt_lib_shutdown_signal_1               0x080002a9   Thumb Code     0  libshutdown2.o(.ARM.Collect$$libshutdown$$0000000A)
    __rt_lib_shutdown_stdio_1                0x080002a9   Thumb Code     0  libshutdown2.o(.ARM.Collect$$libshutdown$$00000004)
    __rt_lib_shutdown_user_alloc_1           0x080002a9   Thumb Code     0  libshutdown2.o(.ARM.Collect$$libshutdown$$0000000C)
    __rt_entry                               0x080002ab   Thumb Code     0  __rtentry.o(.ARM.Collect$$rtentry$$00000000)
    __rt_entry_presh_1                       0x080002ab   Thumb Code     0  __rtentry2.o(.ARM.Collect$$rtentry$$00000002)
    __rt_entry_sh                            0x080002ab   Thumb Code     0  __rtentry4.o(.ARM.Collect$$rtentry$$00000004)
    __rt_entry_li                            0x080002b1   Thumb Code     0  __rtentry2.o(.ARM.Collect$$rtentry$$0000000A)
    __rt_entry_postsh_1                      0x080002b1   Thumb Code     0  __rtentry2.o(.ARM.Collect$$rtentry$$00000009)
    __rt_entry_main                          0x080002b5   Thumb Code     0  __rtentry2.o(.ARM.Collect$$rtentry$$0000000D)
    __rt_entry_postli_1                      0x080002b5   Thumb Code     0  __rtentry2.o(.ARM.Collect$$rtentry$$0000000C)
    __rt_exit                                0x080002bd   Thumb Code     0  rtexit.o(.ARM.Collect$$rtexit$$00000000)
    __rt_exit_ls                             0x080002bf   Thumb Code     0  rtexit2.o(.ARM.Collect$$rtexit$$00000003)
    __rt_exit_prels_1                        0x080002bf   Thumb Code     0  rtexit2.o(.ARM.Collect$$rtexit$$00000002)
    __rt_exit_exit                           0x080002c3   Thumb Code     0  rtexit2.o(.ARM.Collect$$rtexit$$00000004)
    Reset_Handler                            0x080002c9   Thumb Code     8  startup_stm32g431xx.o(.text)
    ADC1_2_IRQHandler                        0x080002e3   Thumb Code     0  startup_stm32g431xx.o(.text)
    COMP1_2_3_IRQHandler                     0x080002e3   Thumb Code     0  startup_stm32g431xx.o(.text)
    COMP4_IRQHandler                         0x080002e3   Thumb Code     0  startup_stm32g431xx.o(.text)
    CORDIC_IRQHandler                        0x080002e3   Thumb Code     0  startup_stm32g431xx.o(.text)
    CRS_IRQHandler                           0x080002e3   Thumb Code     0  startup_stm32g431xx.o(.text)
    DMA1_Channel1_IRQHandler                 0x080002e3   Thumb Code     0  startup_stm32g431xx.o(.text)
    DMA1_Channel2_IRQHandler                 0x080002e3   Thumb Code     0  startup_stm32g431xx.o(.text)
    DMA1_Channel3_IRQHandler                 0x080002e3   Thumb Code     0  startup_stm32g431xx.o(.text)
    DMA1_Channel4_IRQHandler                 0x080002e3   Thumb Code     0  startup_stm32g431xx.o(.text)
    DMA1_Channel5_IRQHandler                 0x080002e3   Thumb Code     0  startup_stm32g431xx.o(.text)
    DMA1_Channel6_IRQHandler                 0x080002e3   Thumb Code     0  startup_stm32g431xx.o(.text)
    DMA2_Channel1_IRQHandler                 0x080002e3   Thumb Code     0  startup_stm32g431xx.o(.text)
    DMA2_Channel2_IRQHandler                 0x080002e3   Thumb Code     0  startup_stm32g431xx.o(.text)
    DMA2_Channel3_IRQHandler                 0x080002e3   Thumb Code     0  startup_stm32g431xx.o(.text)
    DMA2_Channel4_IRQHandler                 0x080002e3   Thumb Code     0  startup_stm32g431xx.o(.text)
    DMA2_Channel5_IRQHandler                 0x080002e3   Thumb Code     0  startup_stm32g431xx.o(.text)
    DMA2_Channel6_IRQHandler                 0x080002e3   Thumb Code     0  startup_stm32g431xx.o(.text)
    DMAMUX_OVR_IRQHandler                    0x080002e3   Thumb Code     0  startup_stm32g431xx.o(.text)
    EXTI0_IRQHandler                         0x080002e3   Thumb Code     0  startup_stm32g431xx.o(.text)
    EXTI15_10_IRQHandler                     0x080002e3   Thumb Code     0  startup_stm32g431xx.o(.text)
    EXTI1_IRQHandler                         0x080002e3   Thumb Code     0  startup_stm32g431xx.o(.text)
    EXTI2_IRQHandler                         0x080002e3   Thumb Code     0  startup_stm32g431xx.o(.text)
    EXTI3_IRQHandler                         0x080002e3   Thumb Code     0  startup_stm32g431xx.o(.text)
    EXTI4_IRQHandler                         0x080002e3   Thumb Code     0  startup_stm32g431xx.o(.text)
    EXTI9_5_IRQHandler                       0x080002e3   Thumb Code     0  startup_stm32g431xx.o(.text)
    FDCAN1_IT0_IRQHandler                    0x080002e3   Thumb Code     0  startup_stm32g431xx.o(.text)
    FDCAN1_IT1_IRQHandler                    0x080002e3   Thumb Code     0  startup_stm32g431xx.o(.text)
    FLASH_IRQHandler                         0x080002e3   Thumb Code     0  startup_stm32g431xx.o(.text)
    FMAC_IRQHandler                          0x080002e3   Thumb Code     0  startup_stm32g431xx.o(.text)
    FPU_IRQHandler                           0x080002e3   Thumb Code     0  startup_stm32g431xx.o(.text)
    I2C1_ER_IRQHandler                       0x080002e3   Thumb Code     0  startup_stm32g431xx.o(.text)
    I2C1_EV_IRQHandler                       0x080002e3   Thumb Code     0  startup_stm32g431xx.o(.text)
    I2C2_ER_IRQHandler                       0x080002e3   Thumb Code     0  startup_stm32g431xx.o(.text)
    I2C2_EV_IRQHandler                       0x080002e3   Thumb Code     0  startup_stm32g431xx.o(.text)
    I2C3_ER_IRQHandler                       0x080002e3   Thumb Code     0  startup_stm32g431xx.o(.text)
    I2C3_EV_IRQHandler                       0x080002e3   Thumb Code     0  startup_stm32g431xx.o(.text)
    LPTIM1_IRQHandler                        0x080002e3   Thumb Code     0  startup_stm32g431xx.o(.text)
    LPUART1_IRQHandler                       0x080002e3   Thumb Code     0  startup_stm32g431xx.o(.text)
    PVD_PVM_IRQHandler                       0x080002e3   Thumb Code     0  startup_stm32g431xx.o(.text)
    RCC_IRQHandler                           0x080002e3   Thumb Code     0  startup_stm32g431xx.o(.text)
    RNG_IRQHandler                           0x080002e3   Thumb Code     0  startup_stm32g431xx.o(.text)
    RTC_Alarm_IRQHandler                     0x080002e3   Thumb Code     0  startup_stm32g431xx.o(.text)
    RTC_TAMP_LSECSS_IRQHandler               0x080002e3   Thumb Code     0  startup_stm32g431xx.o(.text)
    RTC_WKUP_IRQHandler                      0x080002e3   Thumb Code     0  startup_stm32g431xx.o(.text)
    SAI1_IRQHandler                          0x080002e3   Thumb Code     0  startup_stm32g431xx.o(.text)
    SPI1_IRQHandler                          0x080002e3   Thumb Code     0  startup_stm32g431xx.o(.text)
    SPI2_IRQHandler                          0x080002e3   Thumb Code     0  startup_stm32g431xx.o(.text)
    SPI3_IRQHandler                          0x080002e3   Thumb Code     0  startup_stm32g431xx.o(.text)
    TIM1_BRK_TIM15_IRQHandler                0x080002e3   Thumb Code     0  startup_stm32g431xx.o(.text)
    TIM1_CC_IRQHandler                       0x080002e3   Thumb Code     0  startup_stm32g431xx.o(.text)
    TIM1_TRG_COM_TIM17_IRQHandler            0x080002e3   Thumb Code     0  startup_stm32g431xx.o(.text)
    TIM1_UP_TIM16_IRQHandler                 0x080002e3   Thumb Code     0  startup_stm32g431xx.o(.text)
    TIM2_IRQHandler                          0x080002e3   Thumb Code     0  startup_stm32g431xx.o(.text)
    TIM4_IRQHandler                          0x080002e3   Thumb Code     0  startup_stm32g431xx.o(.text)
    TIM6_DAC_IRQHandler                      0x080002e3   Thumb Code     0  startup_stm32g431xx.o(.text)
    TIM7_IRQHandler                          0x080002e3   Thumb Code     0  startup_stm32g431xx.o(.text)
    TIM8_BRK_IRQHandler                      0x080002e3   Thumb Code     0  startup_stm32g431xx.o(.text)
    TIM8_CC_IRQHandler                       0x080002e3   Thumb Code     0  startup_stm32g431xx.o(.text)
    TIM8_TRG_COM_IRQHandler                  0x080002e3   Thumb Code     0  startup_stm32g431xx.o(.text)
    TIM8_UP_IRQHandler                       0x080002e3   Thumb Code     0  startup_stm32g431xx.o(.text)
    UART4_IRQHandler                         0x080002e3   Thumb Code     0  startup_stm32g431xx.o(.text)
    UCPD1_IRQHandler                         0x080002e3   Thumb Code     0  startup_stm32g431xx.o(.text)
    USART1_IRQHandler                        0x080002e3   Thumb Code     0  startup_stm32g431xx.o(.text)
    USART2_IRQHandler                        0x080002e3   Thumb Code     0  startup_stm32g431xx.o(.text)
    USART3_IRQHandler                        0x080002e3   Thumb Code     0  startup_stm32g431xx.o(.text)
    USBWakeUp_IRQHandler                     0x080002e3   Thumb Code     0  startup_stm32g431xx.o(.text)
    USB_HP_IRQHandler                        0x080002e3   Thumb Code     0  startup_stm32g431xx.o(.text)
    USB_LP_IRQHandler                        0x080002e3   Thumb Code     0  startup_stm32g431xx.o(.text)
    WWDG_IRQHandler                          0x080002e3   Thumb Code     0  startup_stm32g431xx.o(.text)
    __user_initial_stackheap                 0x080002e5   Thumb Code     0  startup_stm32g431xx.o(.text)
    __2sprintf                               0x08000309   Thumb Code    34  noretval__2sprintf.o(.text)
    _printf_pre_padding                      0x08000331   Thumb Code    44  _printf_pad.o(.text)
    _printf_post_padding                     0x0800035d   Thumb Code    34  _printf_pad.o(.text)
    _printf_str                              0x0800037f   Thumb Code    82  _printf_str.o(.text)
    _printf_int_dec                          0x080003d1   Thumb Code   104  _printf_dec.o(.text)
    __printf                                 0x08000449   Thumb Code   308  __printf_flags_wp.o(.text)
    __aeabi_memclr4                          0x08000581   Thumb Code     0  rt_memclr_w.o(.text)
    __aeabi_memclr8                          0x08000581   Thumb Code     0  rt_memclr_w.o(.text)
    __rt_memclr_w                            0x08000581   Thumb Code     0  rt_memclr_w.o(.text)
    _memset_w                                0x08000585   Thumb Code    74  rt_memclr_w.o(.text)
    __use_two_region_memory                  0x080005cf   Thumb Code     2  heapauxi.o(.text)
    __rt_heap_escrow$2region                 0x080005d1   Thumb Code     2  heapauxi.o(.text)
    __rt_heap_expand$2region                 0x080005d3   Thumb Code     2  heapauxi.o(.text)
    _printf_int_common                       0x080005d5   Thumb Code   178  _printf_intcommon.o(.text)
    _printf_fp_dec_real                      0x08000837   Thumb Code   620  _printf_fp_dec.o(.text)
    _printf_char_common                      0x08000aaf   Thumb Code    32  _printf_char_common.o(.text)
    _sputc                                   0x08000ad5   Thumb Code    10  _sputc.o(.text)
    _printf_cs_common                        0x08000adf   Thumb Code    20  _printf_char.o(.text)
    _printf_char                             0x08000af3   Thumb Code    16  _printf_char.o(.text)
    _printf_string                           0x08000b03   Thumb Code     8  _printf_char.o(.text)
    __rt_locale                              0x08000b0d   Thumb Code     8  rt_locale_intlibspace.o(.text)
    _ll_udiv10                               0x08000b15   Thumb Code   138  lludiv10.o(.text)
    _printf_fp_infnan                        0x08000ba1   Thumb Code   112  _printf_fp_infnan.o(.text)
    _btod_etento                             0x08000c21   Thumb Code   224  bigflt0.o(.text)
    __user_libspace                          0x08000d05   Thumb Code     8  libspace.o(.text)
    __user_perproc_libspace                  0x08000d05   Thumb Code     0  libspace.o(.text)
    __user_perthread_libspace                0x08000d05   Thumb Code     0  libspace.o(.text)
    __user_setup_stackheap                   0x08000d0d   Thumb Code    74  sys_stackheap_outer.o(.text)
    exit                                     0x08000d57   Thumb Code    18  exit.o(.text)
    strcmp                                   0x08000d69   Thumb Code   124  strcmpv7em.o(.text)
    _sys_exit                                0x08000de5   Thumb Code     8  sys_exit.o(.text)
    __I$use$semihosting                      0x08000df1   Thumb Code     0  use_no_semi.o(.text)
    __use_no_semihosting_swi                 0x08000df1   Thumb Code     2  use_no_semi.o(.text)
    __semihosting_library_function           0x08000df3   Thumb Code     0  indicate_semi.o(.text)
    ADC_Disable                              0x08000df5   Thumb Code   124  stm32g4xx_hal_adc.o(.text.ADC_Disable)
    ADC_Enable                               0x08000e71   Thumb Code   246  stm32g4xx_hal_adc.o(.text.ADC_Enable)
    BusFault_Handler                         0x08000f69   Thumb Code     2  stm32g4xx_it.o(.text.BusFault_Handler)
    DebugMon_Handler                         0x08000f6d   Thumb Code     2  stm32g4xx_it.o(.text.DebugMon_Handler)
    Error_Handler                            0x08000f71   Thumb Code    10  main.o(.text.Error_Handler)
    HAL_ADCEx_Calibration_Start              0x08000f7d   Thumb Code   212  stm32g4xx_hal_adc_ex.o(.text.HAL_ADCEx_Calibration_Start)
    HAL_ADC_ConfigChannel                    0x08001051   Thumb Code   922  stm32g4xx_hal_adc.o(.text.HAL_ADC_ConfigChannel)
    HAL_ADC_GetValue                         0x080013ed   Thumb Code     6  stm32g4xx_hal_adc.o(.text.HAL_ADC_GetValue)
    HAL_ADC_Init                             0x080013f5   Thumb Code   550  stm32g4xx_hal_adc.o(.text.HAL_ADC_Init)
    HAL_ADC_MspInit                          0x0800161d   Thumb Code   146  adc.o(.text.HAL_ADC_MspInit)
    HAL_ADC_PollForConversion                0x080016b1   Thumb Code   338  stm32g4xx_hal_adc.o(.text.HAL_ADC_PollForConversion)
    HAL_ADC_Start                            0x08001805   Thumb Code   236  stm32g4xx_hal_adc.o(.text.HAL_ADC_Start)
    HAL_Delay                                0x080018f1   Thumb Code    40  stm32g4xx_hal.o(.text.HAL_Delay)
    HAL_GPIO_Init                            0x08001919   Thumb Code   434  stm32g4xx_hal_gpio.o(.text.HAL_GPIO_Init)
    HAL_GPIO_ReadPin                         0x08001acd   Thumb Code    10  stm32g4xx_hal_gpio.o(.text.HAL_GPIO_ReadPin)
    HAL_GPIO_WritePin                        0x08001ad9   Thumb Code    12  stm32g4xx_hal_gpio.o(.text.HAL_GPIO_WritePin)
    HAL_GetTick                              0x08001ae5   Thumb Code    12  stm32g4xx_hal.o(.text.HAL_GetTick)
    HAL_IncTick                              0x08001af1   Thumb Code    26  stm32g4xx_hal.o(.text.HAL_IncTick)
    HAL_Init                                 0x08001b0d   Thumb Code    30  stm32g4xx_hal.o(.text.HAL_Init)
    HAL_InitTick                             0x08001b2d   Thumb Code    80  stm32g4xx_hal.o(.text.HAL_InitTick)
    HAL_MspInit                              0x08001b7d   Thumb Code    52  stm32g4xx_hal_msp.o(.text.HAL_MspInit)
    HAL_NVIC_EnableIRQ                       0x08001bb1   Thumb Code    34  stm32g4xx_hal_cortex.o(.text.HAL_NVIC_EnableIRQ)
    HAL_NVIC_SetPriority                     0x08001bd5   Thumb Code    86  stm32g4xx_hal_cortex.o(.text.HAL_NVIC_SetPriority)
    HAL_NVIC_SetPriorityGrouping             0x08001c2d   Thumb Code    32  stm32g4xx_hal_cortex.o(.text.HAL_NVIC_SetPriorityGrouping)
    HAL_PWREx_ControlVoltageScaling          0x08001c4d   Thumb Code   270  stm32g4xx_hal_pwr_ex.o(.text.HAL_PWREx_ControlVoltageScaling)
    HAL_PWREx_DisableUCPDDeadBattery         0x08001d5d   Thumb Code    18  stm32g4xx_hal_pwr_ex.o(.text.HAL_PWREx_DisableUCPDDeadBattery)
    HAL_RCCEx_PeriphCLKConfig                0x08001d71   Thumb Code   618  stm32g4xx_hal_rcc_ex.o(.text.HAL_RCCEx_PeriphCLKConfig)
    HAL_RCC_ClockConfig                      0x08001fdd   Thumb Code   772  stm32g4xx_hal_rcc.o(.text.HAL_RCC_ClockConfig)
    HAL_RCC_OscConfig                        0x080022e1   Thumb Code  1230  stm32g4xx_hal_rcc.o(.text.HAL_RCC_OscConfig)
    HAL_SYSTICK_Config                       0x080027b1   Thumb Code    44  stm32g4xx_hal_cortex.o(.text.HAL_SYSTICK_Config)
    HAL_TIMEx_Break2Callback                 0x080027dd   Thumb Code     2  stm32g4xx_hal_tim_ex.o(.text.HAL_TIMEx_Break2Callback)
    HAL_TIMEx_BreakCallback                  0x080027e1   Thumb Code     2  stm32g4xx_hal_tim_ex.o(.text.HAL_TIMEx_BreakCallback)
    HAL_TIMEx_CommutCallback                 0x080027e5   Thumb Code     2  stm32g4xx_hal_tim_ex.o(.text.HAL_TIMEx_CommutCallback)
    HAL_TIMEx_DirectionChangeCallback        0x080027e9   Thumb Code     2  stm32g4xx_hal_tim_ex.o(.text.HAL_TIMEx_DirectionChangeCallback)
    HAL_TIMEx_EncoderIndexCallback           0x080027ed   Thumb Code     2  stm32g4xx_hal_tim_ex.o(.text.HAL_TIMEx_EncoderIndexCallback)
    HAL_TIMEx_IndexErrorCallback             0x080027f1   Thumb Code     2  stm32g4xx_hal_tim_ex.o(.text.HAL_TIMEx_IndexErrorCallback)
    HAL_TIMEx_MasterConfigSynchronization    0x080027f5   Thumb Code   166  stm32g4xx_hal_tim_ex.o(.text.HAL_TIMEx_MasterConfigSynchronization)
    HAL_TIMEx_TransitionErrorCallback        0x0800289d   Thumb Code     2  stm32g4xx_hal_tim_ex.o(.text.HAL_TIMEx_TransitionErrorCallback)
    HAL_TIM_Base_Init                        0x080028a1   Thumb Code    98  stm32g4xx_hal_tim.o(.text.HAL_TIM_Base_Init)
    HAL_TIM_Base_MspInit                     0x08002905   Thumb Code   166  tim.o(.text.HAL_TIM_Base_MspInit)
    HAL_TIM_ConfigClockSource                0x080029ad   Thumb Code   516  stm32g4xx_hal_tim.o(.text.HAL_TIM_ConfigClockSource)
    HAL_TIM_IC_CaptureCallback               0x08002bb1   Thumb Code    22  pulse.o(.text.HAL_TIM_IC_CaptureCallback)
    HAL_TIM_IC_ConfigChannel                 0x08002bc9   Thumb Code   422  stm32g4xx_hal_tim.o(.text.HAL_TIM_IC_ConfigChannel)
    HAL_TIM_IC_Init                          0x08002d71   Thumb Code    98  stm32g4xx_hal_tim.o(.text.HAL_TIM_IC_Init)
    HAL_TIM_IC_MspInit                       0x08002dd5   Thumb Code     2  stm32g4xx_hal_tim.o(.text.HAL_TIM_IC_MspInit)
    HAL_TIM_IC_Start_IT                      0x08002dd9   Thumb Code   390  stm32g4xx_hal_tim.o(.text.HAL_TIM_IC_Start_IT)
    HAL_TIM_IRQHandler                       0x08002f61   Thumb Code   460  stm32g4xx_hal_tim.o(.text.HAL_TIM_IRQHandler)
    HAL_TIM_OC_DelayElapsedCallback          0x0800312d   Thumb Code     2  stm32g4xx_hal_tim.o(.text.HAL_TIM_OC_DelayElapsedCallback)
    HAL_TIM_PWM_ConfigChannel                0x08003131   Thumb Code   968  stm32g4xx_hal_tim.o(.text.HAL_TIM_PWM_ConfigChannel)
    HAL_TIM_PWM_Init                         0x080034f9   Thumb Code    98  stm32g4xx_hal_tim.o(.text.HAL_TIM_PWM_Init)
    HAL_TIM_PWM_MspInit                      0x0800355d   Thumb Code     2  stm32g4xx_hal_tim.o(.text.HAL_TIM_PWM_MspInit)
    HAL_TIM_PWM_PulseFinishedCallback        0x08003561   Thumb Code     2  stm32g4xx_hal_tim.o(.text.HAL_TIM_PWM_PulseFinishedCallback)
    HAL_TIM_PWM_Start                        0x08003565   Thumb Code   362  stm32g4xx_hal_tim.o(.text.HAL_TIM_PWM_Start)
    HAL_TIM_PeriodElapsedCallback            0x080036d1   Thumb Code     2  stm32g4xx_hal_tim.o(.text.HAL_TIM_PeriodElapsedCallback)
    HAL_TIM_ReadCapturedValue                0x080036d5   Thumb Code    22  stm32g4xx_hal_tim.o(.text.HAL_TIM_ReadCapturedValue)
    HAL_TIM_TriggerCallback                  0x080036ed   Thumb Code     2  stm32g4xx_hal_tim.o(.text.HAL_TIM_TriggerCallback)
    HardFault_Handler                        0x080036f1   Thumb Code     2  stm32g4xx_it.o(.text.HardFault_Handler)
    Key_GetFlag                              0x080036f5   Thumb Code    24  key.o(.text.Key_GetFlag)
    Key_Scan                                 0x0800370d   Thumb Code   152  key.o(.text.Key_Scan)
    LCD_Clear                                0x080037a5   Thumb Code   644  lcd.o(.text.LCD_Clear)
    LCD_DisplayStringLine                    0x08003a29   Thumb Code    76  lcd.o(.text.LCD_DisplayStringLine)
    LCD_DrawChar                             0x08003a75   Thumb Code   870  lcd.o(.text.LCD_DrawChar)
    LCD_Init                                 0x08003ddd   Thumb Code   568  lcd.o(.text.LCD_Init)
    LCD_SetBackColor                         0x08004015   Thumb Code    24  lcd.o(.text.LCD_SetBackColor)
    LCD_SetTextColor                         0x0800402d   Thumb Code    24  lcd.o(.text.LCD_SetTextColor)
    Led_Set                                  0x08004045   Thumb Code    58  led.o(.text.Led_Set)
    MX_ADC2_Init                             0x08004081   Thumb Code   130  adc.o(.text.MX_ADC2_Init)
    MX_GPIO_Init                             0x08004105   Thumb Code   236  gpio.o(.text.MX_GPIO_Init)
    MX_TIM2_Init                             0x080041f1   Thumb Code   266  tim.o(.text.MX_TIM2_Init)
    MX_TIM3_Init                             0x080042fd   Thumb Code   188  tim.o(.text.MX_TIM3_Init)
    MemManage_Handler                        0x080043b9   Thumb Code     2  stm32g4xx_it.o(.text.MemManage_Handler)
    NMI_Handler                              0x080043bd   Thumb Code     2  stm32g4xx_it.o(.text.NMI_Handler)
    PendSV_Handler                           0x080043c1   Thumb Code     2  stm32g4xx_it.o(.text.PendSV_Handler)
    Pot_Updata                               0x080043c9   Thumb Code   120  pot.o(.text.Pot_Updata)
    Pulse_Updata                             0x08004451   Thumb Code   184  pulse.o(.text.Pulse_Updata)
    Pwm_Updata                               0x08004519   Thumb Code    84  pwm.o(.text.Pwm_Updata)
    REG_8230_Init                            0x0800456d   Thumb Code  2790  lcd.o(.text.REG_8230_Init)
    REG_932X_Init                            0x08005055   Thumb Code  5406  lcd.o(.text.REG_932X_Init)
    SVC_Handler                              0x08006575   Thumb Code     2  stm32g4xx_it.o(.text.SVC_Handler)
    SysTick_Handler                          0x08006579   Thumb Code    48  stm32g4xx_it.o(.text.SysTick_Handler)
    SystemInit                               0x080065a9   Thumb Code    18  system_stm32g4xx.o(.text.SystemInit)
    TIM3_IRQHandler                          0x080065bd   Thumb Code    12  stm32g4xx_it.o(.text.TIM3_IRQHandler)
    TIM_Base_SetConfig                       0x080065c9   Thumb Code   308  stm32g4xx_hal_tim.o(.text.TIM_Base_SetConfig)
    Ui_Proc                                  0x080066fd   Thumb Code   260  main.o(.text.Ui_Proc)
    UsageFault_Handler                       0x080068a1   Thumb Code     2  stm32g4xx_it.o(.text.UsageFault_Handler)
    main                                     0x080068a5   Thumb Code   744  main.o(.text.main)
    _btod_d2e                                0x08006b91   Thumb Code    62  btod.o(CL$$btod_d2e)
    _d2e_denorm_low                          0x08006bcf   Thumb Code    70  btod.o(CL$$btod_d2e_denorm_low)
    _d2e_norm_op1                            0x08006c15   Thumb Code    96  btod.o(CL$$btod_d2e_norm_op1)
    __btod_div_common                        0x08006c75   Thumb Code   696  btod.o(CL$$btod_div_common)
    _e2e                                     0x08006fad   Thumb Code   220  btod.o(CL$$btod_e2e)
    _btod_ediv                               0x08007089   Thumb Code    42  btod.o(CL$$btod_ediv)
    _btod_emul                               0x080070b3   Thumb Code    42  btod.o(CL$$btod_emul)
    __btod_mult_common                       0x080070dd   Thumb Code   580  btod.o(CL$$btod_mult_common)
    __ARM_fpclassify                         0x08007321   Thumb Code    48  fpclassify.o(i.__ARM_fpclassify)
    _is_digit                                0x08007351   Thumb Code    14  __printf_wp.o(i._is_digit)
    _get_lc_numeric                          0x08007361   Thumb Code    44  lc_numeric_c.o(locale$$code)
    __aeabi_d2f                              0x0800738d   Thumb Code     0  d2f.o(x$fpl$d2f)
    _d2f                                     0x0800738d   Thumb Code    98  d2f.o(x$fpl$d2f)
    __fpl_dcmp_Inf                           0x080073ef   Thumb Code    24  dcmpi.o(x$fpl$dcmpinf)
    __aeabi_ddiv                             0x08007409   Thumb Code     0  ddiv.o(x$fpl$ddiv)
    _ddiv                                    0x08007409   Thumb Code   560  ddiv.o(x$fpl$ddiv)
    __aeabi_cdcmpeq                          0x080076c1   Thumb Code     0  deqf.o(x$fpl$deqf)
    _dcmpeq                                  0x080076c1   Thumb Code   120  deqf.o(x$fpl$deqf)
    __aeabi_i2d                              0x08007739   Thumb Code     0  dflt_clz.o(x$fpl$dflt)
    _dflt                                    0x08007739   Thumb Code    46  dflt_clz.o(x$fpl$dflt)
    __aeabi_ui2d                             0x08007767   Thumb Code     0  dflt_clz.o(x$fpl$dfltu)
    _dfltu                                   0x08007767   Thumb Code    38  dflt_clz.o(x$fpl$dfltu)
    __aeabi_cdcmpge                          0x0800778d   Thumb Code     0  dgeqf.o(x$fpl$dgeqf)
    _dcmpge                                  0x0800778d   Thumb Code   120  dgeqf.o(x$fpl$dgeqf)
    __aeabi_cdcmple                          0x08007805   Thumb Code     0  dleqf.o(x$fpl$dleqf)
    _dcmple                                  0x08007805   Thumb Code   120  dleqf.o(x$fpl$dleqf)
    __fpl_dcmple_InfNaN                      0x08007867   Thumb Code     0  dleqf.o(x$fpl$dleqf)
    __aeabi_dmul                             0x0800787d   Thumb Code     0  dmul.o(x$fpl$dmul)
    _dmul                                    0x0800787d   Thumb Code   332  dmul.o(x$fpl$dmul)
    __fpl_dnaninf                            0x080079d1   Thumb Code   156  dnaninf.o(x$fpl$dnaninf)
    __fpl_dretinf                            0x08007a6d   Thumb Code    12  dretinf.o(x$fpl$dretinf)
    __aeabi_f2d                              0x08007a79   Thumb Code     0  f2d.o(x$fpl$f2d)
    _f2d                                     0x08007a79   Thumb Code    86  f2d.o(x$fpl$f2d)
    __aeabi_dcmpeq                           0x08007acf   Thumb Code     0  dcmp.o(x$fpl$fcmp)
    _deq                                     0x08007acf   Thumb Code    14  dcmp.o(x$fpl$fcmp)
    _dneq                                    0x08007add   Thumb Code    14  dcmp.o(x$fpl$fcmp)
    __aeabi_dcmpgt                           0x08007aeb   Thumb Code     0  dcmp.o(x$fpl$fcmp)
    _dgr                                     0x08007aeb   Thumb Code    14  dcmp.o(x$fpl$fcmp)
    __aeabi_dcmpge                           0x08007af9   Thumb Code     0  dcmp.o(x$fpl$fcmp)
    _dgeq                                    0x08007af9   Thumb Code    14  dcmp.o(x$fpl$fcmp)
    __aeabi_dcmple                           0x08007b07   Thumb Code     0  dcmp.o(x$fpl$fcmp)
    _dleq                                    0x08007b07   Thumb Code    14  dcmp.o(x$fpl$fcmp)
    __aeabi_dcmplt                           0x08007b15   Thumb Code     0  dcmp.o(x$fpl$fcmp)
    _dls                                     0x08007b15   Thumb Code    14  dcmp.o(x$fpl$fcmp)
    __fpl_fnaninf                            0x08007b23   Thumb Code   140  fnaninf.o(x$fpl$fnaninf)
    _fp_init                                 0x08007baf   Thumb Code    26  fpinit.o(x$fpl$fpinit)
    __fplib_config_fpu_vfp                   0x08007bc7   Thumb Code     0  fpinit.o(x$fpl$fpinit)
    __fplib_config_pureend_doubles           0x08007bc7   Thumb Code     0  fpinit.o(x$fpl$fpinit)
    __fpl_fretinf                            0x08007bc9   Thumb Code    10  fretinf.o(x$fpl$fretinf)
    _printf_fp_dec                           0x08007bd3   Thumb Code     4  printf1.o(x$fpl$printf1)
    __I$use$fp                               0x08007bd6   Number         0  usenofp.o(x$fpl$usenofp)
    AHBPrescTable                            0x08007c7c   Data          16  system_stm32g4xx.o(.rodata.AHBPrescTable)
    ASCII_Table                              0x08007c8c   Data        4560  lcd.o(.rodata.ASCII_Table)
    Region$$Table$$Base                      0x08008e9c   Number         0  anon$$obj.o(Region$$Table)
    Region$$Table$$Limit                     0x08008ebc   Number         0  anon$$obj.o(Region$$Table)
    uwTickPrio                               0x20000000   Data           4  stm32g4xx_hal.o(.data..L_MergedGlobals)
    uwTickFreq                               0x20000004   Data           4  stm32g4xx_hal.o(.data..L_MergedGlobals)
    SystemCoreClock                          0x2000000c   Data           4  system_stm32g4xx.o(.data.SystemCoreClock)
    key                                      0x20000010   Data          12  key.o(.data.key)
    pulse                                    0x20000020   Data          32  pulse.o(.data.pulse)
    pwm                                      0x20000040   Data           6  pwm.o(.data.pwm)
    sys                                      0x20000048   Data          20  main.o(.data.sys)
    __libspace_start                         0x20000060   Data          96  libspace.o(.bss)
    __temporary_stack_top$libspace           0x200000c0   Data           0  libspace.o(.bss)
    dummy                                    0x200000c4   Data           2  lcd.o(.bss.dummy)
    hadc2                                    0x200000c8   Data         108  adc.o(.bss.hadc2)
    htim2                                    0x20000134   Data          76  tim.o(.bss.htim2)
    htim3                                    0x20000180   Data          76  tim.o(.bss.htim3)
    led                                      0x200001d0   Data           1  led.o(.bss.led)
    pot                                      0x200001d4   Data           8  pot.o(.bss.pot)
    uwTick                                   0x200001dc   Data           4  stm32g4xx_hal.o(.bss.uwTick)



==============================================================================

Memory Map of the image

  Image Entry point : 0x080001d9

  Load Region LR_IROM1 (Base: 0x08000000, Size: 0x00008f38, Max: 0x00020000, ABSOLUTE)

    Execution Region ER_IROM1 (Exec base: 0x08000000, Load base: 0x08000000, Size: 0x00008ed8, Max: 0x00020000, ABSOLUTE)

    Exec Addr    Load Addr    Size         Type   Attr      Idx    E Section Name        Object

    0x08000000   0x08000000   0x000001d8   Data   RO            3    RESET               startup_stm32g431xx.o
    0x080001d8   0x080001d8   0x00000008   Code   RO         1321  * !!!main             c_w.l(__main.o)
    0x080001e0   0x080001e0   0x0000005c   Code   RO         1587    !!!scatter          c_w.l(__scatter.o)
    0x0800023c   0x0800023c   0x0000001a   Code   RO         1591    !!handler_copy      c_w.l(__scatter_copy.o)
    0x08000256   0x08000256   0x00000002   PAD
    0x08000258   0x08000258   0x00000002   Code   RO         1588    !!handler_null      c_w.l(__scatter.o)
    0x0800025a   0x0800025a   0x00000002   PAD
    0x0800025c   0x0800025c   0x0000001c   Code   RO         1593    !!handler_zi        c_w.l(__scatter_zi.o)
    0x08000278   0x08000278   0x00000000   Code   RO         1316    .ARM.Collect$$_printf_percent$$00000000  c_w.l(_printf_percent.o)
    0x08000278   0x08000278   0x00000006   Code   RO         1315    .ARM.Collect$$_printf_percent$$00000003  c_w.l(_printf_f.o)
    0x0800027e   0x0800027e   0x00000006   Code   RO         1314    .ARM.Collect$$_printf_percent$$00000009  c_w.l(_printf_d.o)
    0x08000284   0x08000284   0x00000006   Code   RO         1313    .ARM.Collect$$_printf_percent$$00000013  c_w.l(_printf_c.o)
    0x0800028a   0x0800028a   0x00000004   Code   RO         1356    .ARM.Collect$$_printf_percent$$00000017  c_w.l(_printf_percent_end.o)
    0x0800028e   0x0800028e   0x00000002   Code   RO         1450    .ARM.Collect$$libinit$$00000000  c_w.l(libinit.o)
    0x08000290   0x08000290   0x00000004   Code   RO         1451    .ARM.Collect$$libinit$$00000001  c_w.l(libinit2.o)
    0x08000294   0x08000294   0x00000000   Code   RO         1454    .ARM.Collect$$libinit$$00000004  c_w.l(libinit2.o)
    0x08000294   0x08000294   0x00000000   Code   RO         1456    .ARM.Collect$$libinit$$00000006  c_w.l(libinit2.o)
    0x08000294   0x08000294   0x00000000   Code   RO         1459    .ARM.Collect$$libinit$$0000000C  c_w.l(libinit2.o)
    0x08000294   0x08000294   0x00000000   Code   RO         1461    .ARM.Collect$$libinit$$0000000E  c_w.l(libinit2.o)
    0x08000294   0x08000294   0x00000000   Code   RO         1463    .ARM.Collect$$libinit$$00000010  c_w.l(libinit2.o)
    0x08000294   0x08000294   0x00000006   Code   RO         1464    .ARM.Collect$$libinit$$00000011  c_w.l(libinit2.o)
    0x0800029a   0x0800029a   0x00000000   Code   RO         1466    .ARM.Collect$$libinit$$00000013  c_w.l(libinit2.o)
    0x0800029a   0x0800029a   0x00000000   Code   RO         1468    .ARM.Collect$$libinit$$00000015  c_w.l(libinit2.o)
    0x0800029a   0x0800029a   0x00000000   Code   RO         1470    .ARM.Collect$$libinit$$00000017  c_w.l(libinit2.o)
    0x0800029a   0x0800029a   0x0000000a   Code   RO         1471    .ARM.Collect$$libinit$$00000018  c_w.l(libinit2.o)
    0x080002a4   0x080002a4   0x00000000   Code   RO         1472    .ARM.Collect$$libinit$$00000019  c_w.l(libinit2.o)
    0x080002a4   0x080002a4   0x00000000   Code   RO         1474    .ARM.Collect$$libinit$$0000001B  c_w.l(libinit2.o)
    0x080002a4   0x080002a4   0x00000000   Code   RO         1476    .ARM.Collect$$libinit$$0000001D  c_w.l(libinit2.o)
    0x080002a4   0x080002a4   0x00000000   Code   RO         1478    .ARM.Collect$$libinit$$0000001F  c_w.l(libinit2.o)
    0x080002a4   0x080002a4   0x00000000   Code   RO         1480    .ARM.Collect$$libinit$$00000021  c_w.l(libinit2.o)
    0x080002a4   0x080002a4   0x00000000   Code   RO         1482    .ARM.Collect$$libinit$$00000023  c_w.l(libinit2.o)
    0x080002a4   0x080002a4   0x00000000   Code   RO         1484    .ARM.Collect$$libinit$$00000025  c_w.l(libinit2.o)
    0x080002a4   0x080002a4   0x00000000   Code   RO         1486    .ARM.Collect$$libinit$$00000027  c_w.l(libinit2.o)
    0x080002a4   0x080002a4   0x00000000   Code   RO         1490    .ARM.Collect$$libinit$$0000002E  c_w.l(libinit2.o)
    0x080002a4   0x080002a4   0x00000000   Code   RO         1492    .ARM.Collect$$libinit$$00000030  c_w.l(libinit2.o)
    0x080002a4   0x080002a4   0x00000000   Code   RO         1494    .ARM.Collect$$libinit$$00000032  c_w.l(libinit2.o)
    0x080002a4   0x080002a4   0x00000000   Code   RO         1496    .ARM.Collect$$libinit$$00000034  c_w.l(libinit2.o)
    0x080002a4   0x080002a4   0x00000002   Code   RO         1497    .ARM.Collect$$libinit$$00000035  c_w.l(libinit2.o)
    0x080002a6   0x080002a6   0x00000002   Code   RO         1533    .ARM.Collect$$libshutdown$$00000000  c_w.l(libshutdown.o)
    0x080002a8   0x080002a8   0x00000000   Code   RO         1544    .ARM.Collect$$libshutdown$$00000002  c_w.l(libshutdown2.o)
    0x080002a8   0x080002a8   0x00000000   Code   RO         1546    .ARM.Collect$$libshutdown$$00000004  c_w.l(libshutdown2.o)
    0x080002a8   0x080002a8   0x00000000   Code   RO         1549    .ARM.Collect$$libshutdown$$00000007  c_w.l(libshutdown2.o)
    0x080002a8   0x080002a8   0x00000000   Code   RO         1552    .ARM.Collect$$libshutdown$$0000000A  c_w.l(libshutdown2.o)
    0x080002a8   0x080002a8   0x00000000   Code   RO         1554    .ARM.Collect$$libshutdown$$0000000C  c_w.l(libshutdown2.o)
    0x080002a8   0x080002a8   0x00000000   Code   RO         1557    .ARM.Collect$$libshutdown$$0000000F  c_w.l(libshutdown2.o)
    0x080002a8   0x080002a8   0x00000002   Code   RO         1558    .ARM.Collect$$libshutdown$$00000010  c_w.l(libshutdown2.o)
    0x080002aa   0x080002aa   0x00000000   Code   RO         1343    .ARM.Collect$$rtentry$$00000000  c_w.l(__rtentry.o)
    0x080002aa   0x080002aa   0x00000000   Code   RO         1373    .ARM.Collect$$rtentry$$00000002  c_w.l(__rtentry2.o)
    0x080002aa   0x080002aa   0x00000006   Code   RO         1385    .ARM.Collect$$rtentry$$00000004  c_w.l(__rtentry4.o)
    0x080002b0   0x080002b0   0x00000000   Code   RO         1375    .ARM.Collect$$rtentry$$00000009  c_w.l(__rtentry2.o)
    0x080002b0   0x080002b0   0x00000004   Code   RO         1376    .ARM.Collect$$rtentry$$0000000A  c_w.l(__rtentry2.o)
    0x080002b4   0x080002b4   0x00000000   Code   RO         1378    .ARM.Collect$$rtentry$$0000000C  c_w.l(__rtentry2.o)
    0x080002b4   0x080002b4   0x00000008   Code   RO         1379    .ARM.Collect$$rtentry$$0000000D  c_w.l(__rtentry2.o)
    0x080002bc   0x080002bc   0x00000002   Code   RO         1498    .ARM.Collect$$rtexit$$00000000  c_w.l(rtexit.o)
    0x080002be   0x080002be   0x00000000   Code   RO         1507    .ARM.Collect$$rtexit$$00000002  c_w.l(rtexit2.o)
    0x080002be   0x080002be   0x00000004   Code   RO         1508    .ARM.Collect$$rtexit$$00000003  c_w.l(rtexit2.o)
    0x080002c2   0x080002c2   0x00000006   Code   RO         1509    .ARM.Collect$$rtexit$$00000004  c_w.l(rtexit2.o)
    0x080002c8   0x080002c8   0x00000040   Code   RO            4    .text               startup_stm32g431xx.o
    0x08000308   0x08000308   0x00000028   Code   RO         1283    .text               c_w.l(noretval__2sprintf.o)
    0x08000330   0x08000330   0x0000004e   Code   RO         1287    .text               c_w.l(_printf_pad.o)
    0x0800037e   0x0800037e   0x00000052   Code   RO         1289    .text               c_w.l(_printf_str.o)
    0x080003d0   0x080003d0   0x00000078   Code   RO         1291    .text               c_w.l(_printf_dec.o)
    0x08000448   0x08000448   0x00000138   Code   RO         1305    .text               c_w.l(__printf_flags_wp.o)
    0x08000580   0x08000580   0x0000004e   Code   RO         1317    .text               c_w.l(rt_memclr_w.o)
    0x080005ce   0x080005ce   0x00000006   Code   RO         1319    .text               c_w.l(heapauxi.o)
    0x080005d4   0x080005d4   0x000000b2   Code   RO         1344    .text               c_w.l(_printf_intcommon.o)
    0x08000686   0x08000686   0x0000041c   Code   RO         1346    .text               c_w.l(_printf_fp_dec.o)
    0x08000aa2   0x08000aa2   0x00000002   PAD
    0x08000aa4   0x08000aa4   0x00000030   Code   RO         1350    .text               c_w.l(_printf_char_common.o)
    0x08000ad4   0x08000ad4   0x0000000a   Code   RO         1352    .text               c_w.l(_sputc.o)
    0x08000ade   0x08000ade   0x0000002c   Code   RO         1354    .text               c_w.l(_printf_char.o)
    0x08000b0a   0x08000b0a   0x00000002   PAD
    0x08000b0c   0x08000b0c   0x00000008   Code   RO         1390    .text               c_w.l(rt_locale_intlibspace.o)
    0x08000b14   0x08000b14   0x0000008a   Code   RO         1392    .text               c_w.l(lludiv10.o)
    0x08000b9e   0x08000b9e   0x00000002   PAD
    0x08000ba0   0x08000ba0   0x00000080   Code   RO         1394    .text               c_w.l(_printf_fp_infnan.o)
    0x08000c20   0x08000c20   0x000000e4   Code   RO         1398    .text               c_w.l(bigflt0.o)
    0x08000d04   0x08000d04   0x00000008   Code   RO         1434    .text               c_w.l(libspace.o)
    0x08000d0c   0x08000d0c   0x0000004a   Code   RO         1437    .text               c_w.l(sys_stackheap_outer.o)
    0x08000d56   0x08000d56   0x00000012   Code   RO         1441    .text               c_w.l(exit.o)
    0x08000d68   0x08000d68   0x0000007c   Code   RO         1443    .text               c_w.l(strcmpv7em.o)
    0x08000de4   0x08000de4   0x0000000c   Code   RO         1519    .text               c_w.l(sys_exit.o)
    0x08000df0   0x08000df0   0x00000002   Code   RO         1534    .text               c_w.l(use_no_semi.o)
    0x08000df2   0x08000df2   0x00000000   Code   RO         1536    .text               c_w.l(indicate_semi.o)
    0x08000df2   0x08000df2   0x00000002   PAD
    0x08000df4   0x08000df4   0x0000007c   Code   RO          128    .text.ADC_Disable   stm32g4xx_hal_adc.o
    0x08000e70   0x08000e70   0x000000f6   Code   RO          134    .text.ADC_Enable    stm32g4xx_hal_adc.o
    0x08000f66   0x08000f66   0x00000002   PAD
    0x08000f68   0x08000f68   0x00000002   Code   RO           91    .text.BusFault_Handler  stm32g4xx_it.o
    0x08000f6a   0x08000f6a   0x00000002   PAD
    0x08000f6c   0x08000f6c   0x00000002   Code   RO           97    .text.DebugMon_Handler  stm32g4xx_it.o
    0x08000f6e   0x08000f6e   0x00000002   PAD
    0x08000f70   0x08000f70   0x0000000a   Code   RO           27    .text.Error_Handler  main.o
    0x08000f7a   0x08000f7a   0x00000002   PAD
    0x08000f7c   0x08000f7c   0x000000d4   Code   RO          188    .text.HAL_ADCEx_Calibration_Start  stm32g4xx_hal_adc_ex.o
    0x08001050   0x08001050   0x0000039a   Code   RO          172    .text.HAL_ADC_ConfigChannel  stm32g4xx_hal_adc.o
    0x080013ea   0x080013ea   0x00000002   PAD
    0x080013ec   0x080013ec   0x00000006   Code   RO          156    .text.HAL_ADC_GetValue  stm32g4xx_hal_adc.o
    0x080013f2   0x080013f2   0x00000002   PAD
    0x080013f4   0x080013f4   0x00000226   Code   RO          120    .text.HAL_ADC_Init  stm32g4xx_hal_adc.o
    0x0800161a   0x0800161a   0x00000002   PAD
    0x0800161c   0x0800161c   0x00000092   Code   RO           52    .text.HAL_ADC_MspInit  adc.o
    0x080016ae   0x080016ae   0x00000002   PAD
    0x080016b0   0x080016b0   0x00000152   Code   RO          138    .text.HAL_ADC_PollForConversion  stm32g4xx_hal_adc.o
    0x08001802   0x08001802   0x00000002   PAD
    0x08001804   0x08001804   0x000000ec   Code   RO          132    .text.HAL_ADC_Start  stm32g4xx_hal_adc.o
    0x080018f0   0x080018f0   0x00000028   Code   RO          271    .text.HAL_Delay     stm32g4xx_hal.o
    0x08001918   0x08001918   0x000001b2   Code   RO          491    .text.HAL_GPIO_Init  stm32g4xx_hal_gpio.o
    0x08001aca   0x08001aca   0x00000002   PAD
    0x08001acc   0x08001acc   0x0000000a   Code   RO          495    .text.HAL_GPIO_ReadPin  stm32g4xx_hal_gpio.o
    0x08001ad6   0x08001ad6   0x00000002   PAD
    0x08001ad8   0x08001ad8   0x0000000c   Code   RO          497    .text.HAL_GPIO_WritePin  stm32g4xx_hal_gpio.o
    0x08001ae4   0x08001ae4   0x0000000c   Code   RO          263    .text.HAL_GetTick   stm32g4xx_hal.o
    0x08001af0   0x08001af0   0x0000001a   Code   RO          261    .text.HAL_IncTick   stm32g4xx_hal.o
    0x08001b0a   0x08001b0a   0x00000002   PAD
    0x08001b0c   0x08001b0c   0x0000001e   Code   RO          251    .text.HAL_Init      stm32g4xx_hal.o
    0x08001b2a   0x08001b2a   0x00000002   PAD
    0x08001b2c   0x08001b2c   0x00000050   Code   RO          253    .text.HAL_InitTick  stm32g4xx_hal.o
    0x08001b7c   0x08001b7c   0x00000034   Code   RO          112    .text.HAL_MspInit   stm32g4xx_hal_msp.o
    0x08001bb0   0x08001bb0   0x00000022   Code   RO          717    .text.HAL_NVIC_EnableIRQ  stm32g4xx_hal_cortex.o
    0x08001bd2   0x08001bd2   0x00000002   PAD
    0x08001bd4   0x08001bd4   0x00000056   Code   RO          715    .text.HAL_NVIC_SetPriority  stm32g4xx_hal_cortex.o
    0x08001c2a   0x08001c2a   0x00000002   PAD
    0x08001c2c   0x08001c2c   0x00000020   Code   RO          713    .text.HAL_NVIC_SetPriorityGrouping  stm32g4xx_hal_cortex.o
    0x08001c4c   0x08001c4c   0x0000010e   Code   RO          633    .text.HAL_PWREx_ControlVoltageScaling  stm32g4xx_hal_pwr_ex.o
    0x08001d5a   0x08001d5a   0x00000002   PAD
    0x08001d5c   0x08001d5c   0x00000012   Code   RO          703    .text.HAL_PWREx_DisableUCPDDeadBattery  stm32g4xx_hal_pwr_ex.o
    0x08001d6e   0x08001d6e   0x00000002   PAD
    0x08001d70   0x08001d70   0x0000026a   Code   RO          375    .text.HAL_RCCEx_PeriphCLKConfig  stm32g4xx_hal_rcc_ex.o
    0x08001fda   0x08001fda   0x00000002   PAD
    0x08001fdc   0x08001fdc   0x00000304   Code   RO          341    .text.HAL_RCC_ClockConfig  stm32g4xx_hal_rcc.o
    0x080022e0   0x080022e0   0x000004ce   Code   RO          339    .text.HAL_RCC_OscConfig  stm32g4xx_hal_rcc.o
    0x080027ae   0x080027ae   0x00000002   PAD
    0x080027b0   0x080027b0   0x0000002c   Code   RO          725    .text.HAL_SYSTICK_Config  stm32g4xx_hal_cortex.o
    0x080027dc   0x080027dc   0x00000002   Code   RO         1114    .text.HAL_TIMEx_Break2Callback  stm32g4xx_hal_tim_ex.o
    0x080027de   0x080027de   0x00000002   PAD
    0x080027e0   0x080027e0   0x00000002   Code   RO         1112    .text.HAL_TIMEx_BreakCallback  stm32g4xx_hal_tim_ex.o
    0x080027e2   0x080027e2   0x00000002   PAD
    0x080027e4   0x080027e4   0x00000002   Code   RO         1108    .text.HAL_TIMEx_CommutCallback  stm32g4xx_hal_tim_ex.o
    0x080027e6   0x080027e6   0x00000002   PAD
    0x080027e8   0x080027e8   0x00000002   Code   RO         1118    .text.HAL_TIMEx_DirectionChangeCallback  stm32g4xx_hal_tim_ex.o
    0x080027ea   0x080027ea   0x00000002   PAD
    0x080027ec   0x080027ec   0x00000002   Code   RO         1116    .text.HAL_TIMEx_EncoderIndexCallback  stm32g4xx_hal_tim_ex.o
    0x080027ee   0x080027ee   0x00000002   PAD
    0x080027f0   0x080027f0   0x00000002   Code   RO         1120    .text.HAL_TIMEx_IndexErrorCallback  stm32g4xx_hal_tim_ex.o
    0x080027f2   0x080027f2   0x00000002   PAD
    0x080027f4   0x080027f4   0x000000a6   Code   RO         1058    .text.HAL_TIMEx_MasterConfigSynchronization  stm32g4xx_hal_tim_ex.o
    0x0800289a   0x0800289a   0x00000002   PAD
    0x0800289c   0x0800289c   0x00000002   Code   RO         1122    .text.HAL_TIMEx_TransitionErrorCallback  stm32g4xx_hal_tim_ex.o
    0x0800289e   0x0800289e   0x00000002   PAD
    0x080028a0   0x080028a0   0x00000062   Code   RO          763    .text.HAL_TIM_Base_Init  stm32g4xx_hal_tim.o
    0x08002902   0x08002902   0x00000002   PAD
    0x08002904   0x08002904   0x000000a6   Code   RO           71    .text.HAL_TIM_Base_MspInit  tim.o
    0x080029aa   0x080029aa   0x00000002   PAD
    0x080029ac   0x080029ac   0x00000204   Code   RO          943    .text.HAL_TIM_ConfigClockSource  stm32g4xx_hal_tim.o
    0x08002bb0   0x08002bb0   0x00000016   Code   RO         1251    .text.HAL_TIM_IC_CaptureCallback  pulse.o
    0x08002bc6   0x08002bc6   0x00000002   PAD
    0x08002bc8   0x08002bc8   0x000001a6   Code   RO          913    .text.HAL_TIM_IC_ConfigChannel  stm32g4xx_hal_tim.o
    0x08002d6e   0x08002d6e   0x00000002   PAD
    0x08002d70   0x08002d70   0x00000062   Code   RO          837    .text.HAL_TIM_IC_Init  stm32g4xx_hal_tim.o
    0x08002dd2   0x08002dd2   0x00000002   PAD
    0x08002dd4   0x08002dd4   0x00000002   Code   RO          839    .text.HAL_TIM_IC_MspInit  stm32g4xx_hal_tim.o
    0x08002dd6   0x08002dd6   0x00000002   PAD
    0x08002dd8   0x08002dd8   0x00000186   Code   RO          849    .text.HAL_TIM_IC_Start_IT  stm32g4xx_hal_tim.o
    0x08002f5e   0x08002f5e   0x00000002   PAD
    0x08002f60   0x08002f60   0x000001cc   Code   RO          897    .text.HAL_TIM_IRQHandler  stm32g4xx_hal_tim.o
    0x0800312c   0x0800312c   0x00000002   Code   RO          901    .text.HAL_TIM_OC_DelayElapsedCallback  stm32g4xx_hal_tim.o
    0x0800312e   0x0800312e   0x00000002   PAD
    0x08003130   0x08003130   0x000003c8   Code   RO          917    .text.HAL_TIM_PWM_ConfigChannel  stm32g4xx_hal_tim.o
    0x080034f8   0x080034f8   0x00000062   Code   RO          817    .text.HAL_TIM_PWM_Init  stm32g4xx_hal_tim.o
    0x0800355a   0x0800355a   0x00000002   PAD
    0x0800355c   0x0800355c   0x00000002   Code   RO          819    .text.HAL_TIM_PWM_MspInit  stm32g4xx_hal_tim.o
    0x0800355e   0x0800355e   0x00000002   PAD
    0x08003560   0x08003560   0x00000002   Code   RO          903    .text.HAL_TIM_PWM_PulseFinishedCallback  stm32g4xx_hal_tim.o
    0x08003562   0x08003562   0x00000002   PAD
    0x08003564   0x08003564   0x0000016a   Code   RO          825    .text.HAL_TIM_PWM_Start  stm32g4xx_hal_tim.o
    0x080036ce   0x080036ce   0x00000002   PAD
    0x080036d0   0x080036d0   0x00000002   Code   RO          905    .text.HAL_TIM_PeriodElapsedCallback  stm32g4xx_hal_tim.o
    0x080036d2   0x080036d2   0x00000002   PAD
    0x080036d4   0x080036d4   0x00000016   Code   RO          953    .text.HAL_TIM_ReadCapturedValue  stm32g4xx_hal_tim.o
    0x080036ea   0x080036ea   0x00000002   PAD
    0x080036ec   0x080036ec   0x00000002   Code   RO          907    .text.HAL_TIM_TriggerCallback  stm32g4xx_hal_tim.o
    0x080036ee   0x080036ee   0x00000002   PAD
    0x080036f0   0x080036f0   0x00000002   Code   RO           87    .text.HardFault_Handler  stm32g4xx_it.o
    0x080036f2   0x080036f2   0x00000002   PAD
    0x080036f4   0x080036f4   0x00000018   Code   RO         1228    .text.Key_GetFlag   key.o
    0x0800370c   0x0800370c   0x00000098   Code   RO         1226    .text.Key_Scan      key.o
    0x080037a4   0x080037a4   0x00000284   Code   RO         1174    .text.LCD_Clear     lcd.o
    0x08003a28   0x08003a28   0x0000004c   Code   RO         1172    .text.LCD_DisplayStringLine  lcd.o
    0x08003a74   0x08003a74   0x00000366   Code   RO         1182    .text.LCD_DrawChar  lcd.o
    0x08003dda   0x08003dda   0x00000002   PAD
    0x08003ddc   0x08003ddc   0x00000238   Code   RO         1160    .text.LCD_Init      lcd.o
    0x08004014   0x08004014   0x00000018   Code   RO         1168    .text.LCD_SetBackColor  lcd.o
    0x0800402c   0x0800402c   0x00000018   Code   RO         1166    .text.LCD_SetTextColor  lcd.o
    0x08004044   0x08004044   0x0000003a   Code   RO         1240    .text.Led_Set       led.o
    0x0800407e   0x0800407e   0x00000002   PAD
    0x08004080   0x08004080   0x00000082   Code   RO           50    .text.MX_ADC2_Init  adc.o
    0x08004102   0x08004102   0x00000002   PAD
    0x08004104   0x08004104   0x000000ec   Code   RO           41    .text.MX_GPIO_Init  gpio.o
    0x080041f0   0x080041f0   0x0000010a   Code   RO           65    .text.MX_TIM2_Init  tim.o
    0x080042fa   0x080042fa   0x00000002   PAD
    0x080042fc   0x080042fc   0x000000bc   Code   RO           69    .text.MX_TIM3_Init  tim.o
    0x080043b8   0x080043b8   0x00000002   Code   RO           89    .text.MemManage_Handler  stm32g4xx_it.o
    0x080043ba   0x080043ba   0x00000002   PAD
    0x080043bc   0x080043bc   0x00000002   Code   RO           85    .text.NMI_Handler   stm32g4xx_it.o
    0x080043be   0x080043be   0x00000002   PAD
    0x080043c0   0x080043c0   0x00000002   Code   RO           99    .text.PendSV_Handler  stm32g4xx_it.o
    0x080043c2   0x080043c2   0x00000006   PAD
    0x080043c8   0x080043c8   0x00000088   Code   RO         1271    .text.Pot_Updata    pot.o
    0x08004450   0x08004450   0x000000c8   Code   RO         1249    .text.Pulse_Updata  pulse.o
    0x08004518   0x08004518   0x00000054   Code   RO         1262    .text.Pwm_Updata    pwm.o
    0x0800456c   0x0800456c   0x00000ae6   Code   RO         1154    .text.REG_8230_Init  lcd.o
    0x08005052   0x08005052   0x00000002   PAD
    0x08005054   0x08005054   0x0000151e   Code   RO         1158    .text.REG_932X_Init  lcd.o
    0x08006572   0x08006572   0x00000002   PAD
    0x08006574   0x08006574   0x00000002   Code   RO           95    .text.SVC_Handler   stm32g4xx_it.o
    0x08006576   0x08006576   0x00000002   PAD
    0x08006578   0x08006578   0x00000030   Code   RO          101    .text.SysTick_Handler  stm32g4xx_it.o
    0x080065a8   0x080065a8   0x00000012   Code   RO         1137    .text.SystemInit    system_stm32g4xx.o
    0x080065ba   0x080065ba   0x00000002   PAD
    0x080065bc   0x080065bc   0x0000000c   Code   RO          103    .text.TIM3_IRQHandler  stm32g4xx_it.o
    0x080065c8   0x080065c8   0x00000134   Code   RO          767    .text.TIM_Base_SetConfig  stm32g4xx_hal_tim.o
    0x080066fc   0x080066fc   0x000001a4   Code   RO           11    .text.Ui_Proc       main.o
    0x080068a0   0x080068a0   0x00000002   Code   RO           93    .text.UsageFault_Handler  stm32g4xx_it.o
    0x080068a2   0x080068a2   0x00000002   PAD
    0x080068a4   0x080068a4   0x000002ec   Code   RO           23    .text.main          main.o
    0x08006b90   0x08006b90   0x0000003e   Code   RO         1401    CL$$btod_d2e        c_w.l(btod.o)
    0x08006bce   0x08006bce   0x00000046   Code   RO         1403    CL$$btod_d2e_denorm_low  c_w.l(btod.o)
    0x08006c14   0x08006c14   0x00000060   Code   RO         1402    CL$$btod_d2e_norm_op1  c_w.l(btod.o)
    0x08006c74   0x08006c74   0x00000338   Code   RO         1411    CL$$btod_div_common  c_w.l(btod.o)
    0x08006fac   0x08006fac   0x000000dc   Code   RO         1408    CL$$btod_e2e        c_w.l(btod.o)
    0x08007088   0x08007088   0x0000002a   Code   RO         1405    CL$$btod_ediv       c_w.l(btod.o)
    0x080070b2   0x080070b2   0x0000002a   Code   RO         1404    CL$$btod_emul       c_w.l(btod.o)
    0x080070dc   0x080070dc   0x00000244   Code   RO         1410    CL$$btod_mult_common  c_w.l(btod.o)
    0x08007320   0x08007320   0x00000030   Code   RO         1432    i.__ARM_fpclassify  m_wm.l(fpclassify.o)
    0x08007350   0x08007350   0x0000000e   Code   RO         1303    i._is_digit         c_w.l(__printf_wp.o)
    0x0800735e   0x0800735e   0x00000002   PAD
    0x08007360   0x08007360   0x0000002c   Code   RO         1426    locale$$code        c_w.l(lc_numeric_c.o)
    0x0800738c   0x0800738c   0x00000062   Code   RO         1323    x$fpl$d2f           fz_wm.l(d2f.o)
    0x080073ee   0x080073ee   0x00000018   Code   RO         1428    x$fpl$dcmpinf       fz_wm.l(dcmpi.o)
    0x08007406   0x08007406   0x00000002   PAD
    0x08007408   0x08007408   0x000002b8   Code   RO         1328    x$fpl$ddiv          fz_wm.l(ddiv.o)
    0x080076c0   0x080076c0   0x00000078   Code   RO         1357    x$fpl$deqf          fz_wm.l(deqf.o)
    0x08007738   0x08007738   0x0000002e   Code   RO         1332    x$fpl$dflt          fz_wm.l(dflt_clz.o)
    0x08007766   0x08007766   0x00000026   Code   RO         1331    x$fpl$dfltu         fz_wm.l(dflt_clz.o)
    0x0800778c   0x0800778c   0x00000078   Code   RO         1359    x$fpl$dgeqf         fz_wm.l(dgeqf.o)
    0x08007804   0x08007804   0x00000078   Code   RO         1361    x$fpl$dleqf         fz_wm.l(dleqf.o)
    0x0800787c   0x0800787c   0x00000154   Code   RO         1337    x$fpl$dmul          fz_wm.l(dmul.o)
    0x080079d0   0x080079d0   0x0000009c   Code   RO         1363    x$fpl$dnaninf       fz_wm.l(dnaninf.o)
    0x08007a6c   0x08007a6c   0x0000000c   Code   RO         1365    x$fpl$dretinf       fz_wm.l(dretinf.o)
    0x08007a78   0x08007a78   0x00000056   Code   RO         1339    x$fpl$f2d           fz_wm.l(f2d.o)
    0x08007ace   0x08007ace   0x00000054   Code   RO         1325    x$fpl$fcmp          fz_wm.l(dcmp.o)
    0x08007b22   0x08007b22   0x0000008c   Code   RO         1367    x$fpl$fnaninf       fz_wm.l(fnaninf.o)
    0x08007bae   0x08007bae   0x0000001a   Code   RO         1504    x$fpl$fpinit        fz_wm.l(fpinit.o)
    0x08007bc8   0x08007bc8   0x0000000a   Code   RO         1369    x$fpl$fretinf       fz_wm.l(fretinf.o)
    0x08007bd2   0x08007bd2   0x00000004   Code   RO         1341    x$fpl$printf1       fz_wm.l(printf1.o)
    0x08007bd6   0x08007bd6   0x00000000   Code   RO         1371    x$fpl$usenofp       fz_wm.l(usenofp.o)
    0x08007bd6   0x08007bd6   0x00000011   Data   RO         1306    .constdata          c_w.l(__printf_flags_wp.o)
    0x08007be7   0x08007be7   0x00000001   PAD
    0x08007be8   0x08007be8   0x00000094   Data   RO         1399    .constdata          c_w.l(bigflt0.o)
    0x08007c7c   0x08007c7c   0x00000010   Data   RO         1142    .rodata.AHBPrescTable  system_stm32g4xx.o
    0x08007c8c   0x08007c8c   0x000011d0   Data   RO         1214    .rodata.ASCII_Table  lcd.o
    0x08008e5c   0x08008e5c   0x00000030   Data   RO          983    .rodata.cst16       stm32g4xx_hal_tim.o
    0x08008e8c   0x08008e8c   0x0000000d   Data   RO           30    .rodata.str1.1      main.o
    0x08008e99   0x08008e99   0x00000003   PAD
    0x08008e9c   0x08008e9c   0x00000020   Data   RO         1586    Region$$Table       anon$$obj.o
    0x08008ebc   0x08008ebc   0x0000001c   Data   RO         1425    locale$$data        c_w.l(lc_numeric_c.o)


    Execution Region RW_IRAM1 (Exec base: 0x20000000, Load base: 0x08008ed8, Size: 0x000007e0, Max: 0x00008000, ABSOLUTE)

    Exec Addr    Load Addr    Size         Type   Attr      Idx    E Section Name        Object

    0x20000000   0x08008ed8   0x00000008   Data   RW          328    .data..L_MergedGlobals  stm32g4xx_hal.o
    0x20000008   0x08008ee0   0x00000002   Data   RW         1217    .data.BackColor     lcd.o
    0x2000000a   0x08008ee2   0x00000002   PAD
    0x2000000c   0x08008ee4   0x00000004   Data   RW         1141    .data.SystemCoreClock  system_stm32g4xx.o
    0x20000010   0x08008ee8   0x0000000c   Data   RW         1231    .data.key           key.o
    0x2000001c   0x08008ef4   0x00000004   PAD
    0x20000020   0x08008ef8   0x00000020   Data   RW         1253    .data.pulse         pulse.o
    0x20000040   0x08008f18   0x00000006   Data   RW         1264    .data.pwm           pwm.o
    0x20000046   0x08008f1e   0x00000002   PAD
    0x20000048   0x08008f20   0x00000014   Data   RW           29    .data.sys           main.o
    0x2000005c   0x08008f34   0x00000004   PAD
    0x20000060        -       0x00000060   Zero   RW         1435    .bss                c_w.l(libspace.o)
    0x200000c0        -       0x00000001   Zero   RW           31    .bss.Key_Proc.line  main.o
    0x200000c1   0x08008f34   0x00000001   PAD
    0x200000c2        -       0x00000002   Zero   RW         1216    .bss.TextColor      lcd.o
    0x200000c4        -       0x00000002   Zero   RW         1215    .bss.dummy          lcd.o
    0x200000c6   0x08008f34   0x00000002   PAD
    0x200000c8        -       0x0000006c   Zero   RW           56    .bss.hadc2          adc.o
    0x20000134        -       0x0000004c   Zero   RW           75    .bss.htim2          tim.o
    0x20000180        -       0x0000004c   Zero   RW           76    .bss.htim3          tim.o
    0x200001cc        -       0x00000004   Zero   RW         1230    .bss.key_flag       key.o
    0x200001d0        -       0x00000001   Zero   RW         1242    .bss.led            led.o
    0x200001d1   0x08008f34   0x00000003   PAD
    0x200001d4        -       0x00000008   Zero   RW         1273    .bss.pot            pot.o
    0x200001dc        -       0x00000004   Zero   RW          327    .bss.uwTick         stm32g4xx_hal.o
    0x200001e0        -       0x00000200   Zero   RW            2    HEAP                startup_stm32g431xx.o
    0x200003e0        -       0x00000400   Zero   RW            1    STACK               startup_stm32g431xx.o


==============================================================================

Image component sizes


      Code (inc. data)   RO Data    RW Data    ZI Data      Debug   Object Name

       276          0          0          0        108       7361   adc.o
       236          0          0          0          0       2458   gpio.o
       176          0          0         12          4       1820   key.o
     10402          0       4560          2          4      28275   lcd.o
        58          0          0          0          1       1362   led.o
      1178        164         13         20          1       5575   main.o
       136         16          0          0          8       1141   pot.o
       222         16          0         32          0       4793   pulse.o
        84          0          0          6          0       1700   pwm.o
        64         26        472          0       1536        844   startup_stm32g431xx.o
       188          0          0          8          4       8914   stm32g4xx_hal.o
      2422          0          0          0          0      28404   stm32g4xx_hal_adc.o
       212          0          0          0          0      22915   stm32g4xx_hal_adc_ex.o
       196          0          0          0          0      10412   stm32g4xx_hal_cortex.o
       456          0          0          0          0       5237   stm32g4xx_hal_gpio.o
        52          0          0          0          0       1761   stm32g4xx_hal_msp.o
       288          0          0          0          0       9341   stm32g4xx_hal_pwr_ex.o
      2002          0          0          0          0       9965   stm32g4xx_hal_rcc.o
       618          0          0          0          0      10781   stm32g4xx_hal_rcc_ex.o
      3754         30         48          0          0      62502   stm32g4xx_hal_tim.o
       180          0          0          0          0      30071   stm32g4xx_hal_tim_ex.o
        76          0          0          0          0       5049   stm32g4xx_it.o
        18          0         16          4          0       2766   system_stm32g4xx.o
       620          0          0          0        152       9816   tim.o

    ----------------------------------------------------------------------
     24028        252       5144         92       1828     273263   Object Totals
         0          0         32          0          0          0   (incl. Generated)
       114          0          3          8         10          0   (incl. Padding)

    ----------------------------------------------------------------------

      Code (inc. data)   RO Data    RW Data    ZI Data      Debug   Library Member Name

         8          0          0          0          0         68   __main.o
       312          4         17          0          0         92   __printf_flags_wp.o
        14          0          0          0          0         68   __printf_wp.o
         0          0          0          0          0          0   __rtentry.o
        12          0          0          0          0          0   __rtentry2.o
         6          0          0          0          0          0   __rtentry4.o
        94          8          0          0          0          0   __scatter.o
        26          0          0          0          0          0   __scatter_copy.o
        28          0          0          0          0          0   __scatter_zi.o
         6          0          0          0          0          0   _printf_c.o
        44          0          0          0          0        108   _printf_char.o
        48          6          0          0          0         96   _printf_char_common.o
         6          0          0          0          0          0   _printf_d.o
       120         16          0          0          0         92   _printf_dec.o
         6          0          0          0          0          0   _printf_f.o
      1052          0          0          0          0        148   _printf_fp_dec.o
       128         16          0          0          0         84   _printf_fp_infnan.o
       178          0          0          0          0         88   _printf_intcommon.o
        78          0          0          0          0        108   _printf_pad.o
         0          0          0          0          0          0   _printf_percent.o
         4          0          0          0          0          0   _printf_percent_end.o
        82          0          0          0          0         80   _printf_str.o
        10          0          0          0          0         68   _sputc.o
       228          4        148          0          0         96   bigflt0.o
      1936        128          0          0          0        668   btod.o
        18          0          0          0          0         80   exit.o
         6          0          0          0          0        152   heapauxi.o
         0          0          0          0          0          0   indicate_semi.o
        44         10         28          0          0         76   lc_numeric_c.o
         2          0          0          0          0          0   libinit.o
        22          0          0          0          0          0   libinit2.o
         2          0          0          0          0          0   libshutdown.o
         2          0          0          0          0          0   libshutdown2.o
         8          4          0          0         96         68   libspace.o
       138          0          0          0          0         80   lludiv10.o
        40          6          0          0          0         84   noretval__2sprintf.o
         8          4          0          0          0         68   rt_locale_intlibspace.o
        78          0          0          0          0         80   rt_memclr_w.o
         2          0          0          0          0          0   rtexit.o
        10          0          0          0          0          0   rtexit2.o
       124          0          0          0          0         88   strcmpv7em.o
        12          4          0          0          0         68   sys_exit.o
        74          0          0          0          0         80   sys_stackheap_outer.o
         2          0          0          0          0         68   use_no_semi.o
        98          4          0          0          0        140   d2f.o
        84          0          0          0          0        244   dcmp.o
        24          0          0          0          0        116   dcmpi.o
       696        140          0          0          0        264   ddiv.o
       120          4          0          0          0        140   deqf.o
        84          0          0          0          0        232   dflt_clz.o
       120          4          0          0          0        140   dgeqf.o
       120          4          0          0          0        140   dleqf.o
       340         12          0          0          0        152   dmul.o
       156          4          0          0          0        140   dnaninf.o
        12          0          0          0          0        116   dretinf.o
        86          4          0          0          0        132   f2d.o
       140          4          0          0          0        132   fnaninf.o
        26          0          0          0          0        116   fpinit.o
        10          0          0          0          0        116   fretinf.o
         4          0          0          0          0        116   printf1.o
         0          0          0          0          0          0   usenofp.o
        48          0          0          0          0        124   fpclassify.o

    ----------------------------------------------------------------------
      7202        390        194          0         96       5416   Library Totals
        16          0          1          0          0          0   (incl. Padding)

    ----------------------------------------------------------------------

      Code (inc. data)   RO Data    RW Data    ZI Data      Debug   Library Name

      5018        210        193          0         96       2856   c_w.l
      2120        180          0          0          0       2436   fz_wm.l
        48          0          0          0          0        124   m_wm.l

    ----------------------------------------------------------------------
      7202        390        194          0         96       5416   Library Totals

    ----------------------------------------------------------------------

==============================================================================


      Code (inc. data)   RO Data    RW Data    ZI Data      Debug   

     31230        642       5338         92       1924     275199   Grand Totals
     31230        642       5338         92       1924     275199   ELF Image Totals
     31230        642       5338         92          0          0   ROM Totals

==============================================================================

    Total RO  Size (Code + RO Data)                36568 (  35.71kB)
    Total RW  Size (RW Data + ZI Data)              2016 (   1.97kB)
    Total ROM Size (Code + RO Data + RW Data)      36660 (  35.80kB)

==============================================================================

